Archive member included to satisfy reference by file (symbol)

C:/ST/STM32CubeIDE_1.13.2/STM32CubeIDE/plugins/com.st.stm32cube.ide.mcu.externaltools.gnu-tools-for-stm32.11.3.rel1.win32_1.1.1.202309131626/tools/bin/../lib/gcc/arm-none-eabi/11.3.1/../../../../arm-none-eabi/lib/thumb/v7e-m+fp/hard\libstdc++_nano.a(del_ops.o)
                              ./Board/CanInterface.o (operator delete(void*, unsigned int))
C:/ST/STM32CubeIDE_1.13.2/STM32CubeIDE/plugins/com.st.stm32cube.ide.mcu.externaltools.gnu-tools-for-stm32.11.3.rel1.win32_1.1.1.202309131626/tools/bin/../lib/gcc/arm-none-eabi/11.3.1/../../../../arm-none-eabi/lib/thumb/v7e-m+fp/hard\libstdc++_nano.a(guard.o)
                              ./Board/CanInterface.o (__cxa_guard_acquire)
C:/ST/STM32CubeIDE_1.13.2/STM32CubeIDE/plugins/com.st.stm32cube.ide.mcu.externaltools.gnu-tools-for-stm32.11.3.rel1.win32_1.1.1.202309131626/tools/bin/../lib/gcc/arm-none-eabi/11.3.1/../../../../arm-none-eabi/lib/thumb/v7e-m+fp/hard\libstdc++_nano.a(new_op.o)
                              ./app/statemachine01.o (operator new(unsigned int))
C:/ST/STM32CubeIDE_1.13.2/STM32CubeIDE/plugins/com.st.stm32cube.ide.mcu.externaltools.gnu-tools-for-stm32.11.3.rel1.win32_1.1.1.202309131626/tools/bin/../lib/gcc/arm-none-eabi/11.3.1/../../../../arm-none-eabi/lib/thumb/v7e-m+fp/hard\libstdc++_nano.a(allocator-inst.o)
                              ./app/testfactory01.o (std::allocator<char>::allocator())
C:/ST/STM32CubeIDE_1.13.2/STM32CubeIDE/plugins/com.st.stm32cube.ide.mcu.externaltools.gnu-tools-for-stm32.11.3.rel1.win32_1.1.1.202309131626/tools/bin/../lib/gcc/arm-none-eabi/11.3.1/../../../../arm-none-eabi/lib/thumb/v7e-m+fp/hard\libstdc++_nano.a(list.o)
                              ./xf/port/common/timeoutmanager.o (std::__detail::_List_node_base::_M_hook(std::__detail::_List_node_base*))
C:/ST/STM32CubeIDE_1.13.2/STM32CubeIDE/plugins/com.st.stm32cube.ide.mcu.externaltools.gnu-tools-for-stm32.11.3.rel1.win32_1.1.1.202309131626/tools/bin/../lib/gcc/arm-none-eabi/11.3.1/../../../../arm-none-eabi/lib/thumb/v7e-m+fp/hard\libstdc++_nano.a(functexcept.o)
                              ./xf/port/common/timeoutmanager.o (std::__throw_bad_alloc())
C:/ST/STM32CubeIDE_1.13.2/STM32CubeIDE/plugins/com.st.stm32cube.ide.mcu.externaltools.gnu-tools-for-stm32.11.3.rel1.win32_1.1.1.202309131626/tools/bin/../lib/gcc/arm-none-eabi/11.3.1/../../../../arm-none-eabi/lib/thumb/v7e-m+fp/hard\libstdc++_nano.a(functional.o)
                              ./xf/port/common/timeoutmanager.o (std::__throw_bad_function_call())
C:/ST/STM32CubeIDE_1.13.2/STM32CubeIDE/plugins/com.st.stm32cube.ide.mcu.externaltools.gnu-tools-for-stm32.11.3.rel1.win32_1.1.1.202309131626/tools/bin/../lib/gcc/arm-none-eabi/11.3.1/../../../../arm-none-eabi/lib/thumb/v7e-m+fp/hard\libstdc++_nano.a(snprintf_lite.o)
                              C:/ST/STM32CubeIDE_1.13.2/STM32CubeIDE/plugins/com.st.stm32cube.ide.mcu.externaltools.gnu-tools-for-stm32.11.3.rel1.win32_1.1.1.202309131626/tools/bin/../lib/gcc/arm-none-eabi/11.3.1/../../../../arm-none-eabi/lib/thumb/v7e-m+fp/hard\libstdc++_nano.a(functexcept.o) (__gnu_cxx::__snprintf_lite(char*, unsigned int, char const*, std::__va_list))
C:/ST/STM32CubeIDE_1.13.2/STM32CubeIDE/plugins/com.st.stm32cube.ide.mcu.externaltools.gnu-tools-for-stm32.11.3.rel1.win32_1.1.1.202309131626/tools/bin/../lib/gcc/arm-none-eabi/11.3.1/../../../../arm-none-eabi/lib/thumb/v7e-m+fp/hard\libstdc++_nano.a(string-inst.o)
                              ./app/statemachine01.o (std::__cxx11::basic_string<char, std::char_traits<char>, std::allocator<char> >::basic_string(std::__cxx11::basic_string<char, std::char_traits<char>, std::allocator<char> >&&))
C:/ST/STM32CubeIDE_1.13.2/STM32CubeIDE/plugins/com.st.stm32cube.ide.mcu.externaltools.gnu-tools-for-stm32.11.3.rel1.win32_1.1.1.202309131626/tools/bin/../lib/gcc/arm-none-eabi/11.3.1/../../../../arm-none-eabi/lib/thumb/v7e-m+fp/hard\libstdc++_nano.a(del_op.o)
                              C:/ST/STM32CubeIDE_1.13.2/STM32CubeIDE/plugins/com.st.stm32cube.ide.mcu.externaltools.gnu-tools-for-stm32.11.3.rel1.win32_1.1.1.202309131626/tools/bin/../lib/gcc/arm-none-eabi/11.3.1/../../../../arm-none-eabi/lib/thumb/v7e-m+fp/hard\libstdc++_nano.a(del_ops.o) (operator delete(void*))
C:/ST/STM32CubeIDE_1.13.2/STM32CubeIDE/plugins/com.st.stm32cube.ide.mcu.externaltools.gnu-tools-for-stm32.11.3.rel1.win32_1.1.1.202309131626/tools/bin/../lib/gcc/arm-none-eabi/11.3.1/../../../../arm-none-eabi/lib/thumb/v7e-m+fp/hard\libstdc++_nano.a(eh_exception.o)
                              C:/ST/STM32CubeIDE_1.13.2/STM32CubeIDE/plugins/com.st.stm32cube.ide.mcu.externaltools.gnu-tools-for-stm32.11.3.rel1.win32_1.1.1.202309131626/tools/bin/../lib/gcc/arm-none-eabi/11.3.1/../../../../arm-none-eabi/lib/thumb/v7e-m+fp/hard\libstdc++_nano.a(functional.o) (std::exception::~exception())
[...]
Memory Configuration

Name             Origin             Length             Attributes
RAM              0x0000000020000000 0x0000000000020000 xrw
FLASH            0x0000000008000000 0x0000000000080000 xr
*default*        0x0000000000000000 0xffffffffffffffff

Linker script and memory map

LOAD C:/ST/STM32CubeIDE_1.13.2/STM32CubeIDE/plugins/com.st.stm32cube.ide.mcu.externaltools.gnu-tools-for-stm32.11.3.rel1.win32_1.1.1.202309131626/tools/bin/../lib/gcc/arm-none-eabi/11.3.1/thumb/v7e-m+fp/hard/crti.o
LOAD C:/ST/STM32CubeIDE_1.13.2/STM32CubeIDE/plugins/com.st.stm32cube.ide.mcu.externaltools.gnu-tools-for-stm32.11.3.rel1.win32_1.1.1.202309131626/tools/bin/../lib/gcc/arm-none-eabi/11.3.1/thumb/v7e-m+fp/hard/crtbegin.o
LOAD C:/ST/STM32CubeIDE_1.13.2/STM32CubeIDE/plugins/com.st.stm32cube.ide.mcu.externaltools.gnu-tools-for-stm32.11.3.rel1.win32_1.1.1.202309131626/tools/bin/../lib/gcc/arm-none-eabi/11.3.1/../../../../arm-none-eabi/lib/thumb/v7e-m+fp/hard/crt0.o
LOAD ./Board/CanInterface.o
LOAD ./Core/Src/main.o
LOAD ./Core/Src/stm32f4xx_hal_msp.o
LOAD ./Core/Src/stm32f4xx_it.o
LOAD ./Core/Src/syscalls.o
LOAD ./Core/Src/sysmem.o
LOAD ./Core/Src/system_stm32f4xx.o
LOAD ./Core/Startup/startup_stm32f446zetx.o
LOAD ./Drivers/STM32F4xx_HAL_Driver/Src/stm32f4xx_hal.o
LOAD ./Drivers/STM32F4xx_HAL_Driver/Src/stm32f4xx_hal_can.o
LOAD ./Drivers/STM32F4xx_HAL_Driver/Src/stm32f4xx_hal_cortex.o
LOAD ./Drivers/STM32F4xx_HAL_Driver/Src/stm32f4xx_hal_dma.o
LOAD ./Drivers/STM32F4xx_HAL_Driver/Src/stm32f4xx_hal_dma_ex.o
LOAD ./Drivers/STM32F4xx_HAL_Driver/Src/stm32f4xx_hal_exti.o
LOAD ./Drivers/STM32F4xx_HAL_Driver/Src/stm32f4xx_hal_flash.o
LOAD ./Drivers/STM32F4xx_HAL_Driver/Src/stm32f4xx_hal_flash_ex.o
LOAD ./Drivers/STM32F4xx_HAL_Driver/Src/stm32f4xx_hal_flash_ramfunc.o
LOAD ./Drivers/STM32F4xx_HAL_Driver/Src/stm32f4xx_hal_gpio.o
LOAD ./Drivers/STM32F4xx_HAL_Driver/Src/stm32f4xx_hal_pcd.o
LOAD ./Drivers/STM32F4xx_HAL_Driver/Src/stm32f4xx_hal_pcd_ex.o
LOAD ./Drivers/STM32F4xx_HAL_Driver/Src/stm32f4xx_hal_pwr.o
LOAD ./Drivers/STM32F4xx_HAL_Driver/Src/stm32f4xx_hal_pwr_ex.o
LOAD ./Drivers/STM32F4xx_HAL_Driver/Src/stm32f4xx_hal_rcc.o
LOAD ./Drivers/STM32F4xx_HAL_Driver/Src/stm32f4xx_hal_rcc_ex.o
LOAD ./Drivers/STM32F4xx_HAL_Driver/Src/stm32f4xx_hal_tim.o
LOAD ./Drivers/STM32F4xx_HAL_Driver/Src/stm32f4xx_hal_tim_ex.o
LOAD ./Drivers/STM32F4xx_HAL_Driver/Src/stm32f4xx_hal_uart.o
LOAD ./Drivers/STM32F4xx_HAL_Driver/Src/stm32f4xx_ll_usb.o
LOAD ./app/statemachine01.o
LOAD ./app/testfactory01.o
LOAD ./mdw/trace/examples/trace-example01.o
LOAD ./platform/f7-disco-gcc/board/trace/trace.o
LOAD ./platform/f7-disco-gcc/mcu/critical/critical.o
LOAD ./platform/f7-disco-gcc/mcu/hal/uart.o
LOAD ./xf/core/behavior.o
LOAD ./xf/core/customevent.o
LOAD ./xf/core/defaulttransition.o
LOAD ./xf/core/initialevent.o
LOAD ./xf/core/timeout.o
LOAD ./xf/port/common/dispatcher.o
LOAD ./xf/port/common/timeoutmanager.o
LOAD ./xf/port/idf-stm32/c-wrapper-functions.o
LOAD ./xf/port/idf-stm32/eventqueue.o
LOAD ./xf/port/idf-stm32/mutex.o
LOAD ./xf/port/idf-stm32/xf.o
START GROUP
LOAD C:/ST/STM32CubeIDE_1.13.2/STM32CubeIDE/plugins/com.st.stm32cube.ide.mcu.externaltools.gnu-tools-for-stm32.11.3.rel1.win32_1.1.1.202309131626/tools/bin/../lib/gcc/arm-none-eabi/11.3.1/../../../../arm-none-eabi/lib/thumb/v7e-m+fp/hard\libstdc++_nano.a
LOAD C:/ST/STM32CubeIDE_1.13.2/STM32CubeIDE/plugins/com.st.stm32cube.ide.mcu.externaltools.gnu-tools-for-stm32.11.3.rel1.win32_1.1.1.202309131626/tools/bin/../lib/gcc/arm-none-eabi/11.3.1/../../../../arm-none-eabi/lib/thumb/v7e-m+fp/hard\libsupc++_nano.a
END GROUP
LOAD C:/ST/STM32CubeIDE_1.13.2/STM32CubeIDE/plugins/com.st.stm32cube.ide.mcu.externaltools.gnu-tools-for-stm32.11.3.rel1.win32_1.1.1.202309131626/tools/bin/../lib/gcc/arm-none-eabi/11.3.1/../../../../arm-none-eabi/lib/thumb/v7e-m+fp/hard\libstdc++_nano.a
LOAD C:/ST/STM32CubeIDE_1.13.2/STM32CubeIDE/plugins/com.st.stm32cube.ide.mcu.externaltools.gnu-tools-for-stm32.11.3.rel1.win32_1.1.1.202309131626/tools/bin/../lib/gcc/arm-none-eabi/11.3.1/../../../../arm-none-eabi/lib/thumb/v7e-m+fp/hard\libm.a
LOAD C:/ST/STM32CubeIDE_1.13.2/STM32CubeIDE/plugins/com.st.stm32cube.ide.mcu.externaltools.gnu-tools-for-stm32.11.3.rel1.win32_1.1.1.202309131626/tools/bin/../lib/gcc/arm-none-eabi/11.3.1/../../../../arm-none-eabi/lib/thumb/v7e-m+fp/hard\libc_nano.a
START GROUP
LOAD C:/ST/STM32CubeIDE_1.13.2/STM32CubeIDE/plugins/com.st.stm32cube.ide.mcu.externaltools.gnu-tools-for-stm32.11.3.rel1.win32_1.1.1.202309131626/tools/bin/../lib/gcc/arm-none-eabi/11.3.1/thumb/v7e-m+fp/hard\libgcc.a
LOAD C:/ST/STM32CubeIDE_1.13.2/STM32CubeIDE/plugins/com.st.stm32cube.ide.mcu.externaltools.gnu-tools-for-stm32.11.3.rel1.win32_1.1.1.202309131626/tools/bin/../lib/gcc/arm-none-eabi/11.3.1/../../../../arm-none-eabi/lib/thumb/v7e-m+fp/hard\libc_nano.a
END GROUP
START GROUP
LOAD C:/ST/STM32CubeIDE_1.13.2/STM32CubeIDE/plugins/com.st.stm32cube.ide.mcu.externaltools.gnu-tools-for-stm32.11.3.rel1.win32_1.1.1.202309131626/tools/bin/../lib/gcc/arm-none-eabi/11.3.1/thumb/v7e-m+fp/hard\libgcc.a
LOAD C:/ST/STM32CubeIDE_1.13.2/STM32CubeIDE/plugins/com.st.stm32cube.ide.mcu.externaltools.gnu-tools-for-stm32.11.3.rel1.win32_1.1.1.202309131626/tools/bin/../lib/gcc/arm-none-eabi/11.3.1/../../../../arm-none-eabi/lib/thumb/v7e-m+fp/hard\libc_nano.a
LOAD C:/ST/STM32CubeIDE_1.13.2/STM32CubeIDE/plugins/com.st.stm32cube.ide.mcu.externaltools.gnu-tools-for-stm32.11.3.rel1.win32_1.1.1.202309131626/tools/bin/../lib/gcc/arm-none-eabi/11.3.1/../../../../arm-none-eabi/lib/thumb/v7e-m+fp/hard\libnosys.a
END GROUP
START GROUP
LOAD C:/ST/STM32CubeIDE_1.13.2/STM32CubeIDE/plugins/com.st.stm32cube.ide.mcu.externaltools.gnu-tools-for-stm32.11.3.rel1.win32_1.1.1.202309131626/tools/bin/../lib/gcc/arm-none-eabi/11.3.1/thumb/v7e-m+fp/hard\libgcc.a
LOAD C:/ST/STM32CubeIDE_1.13.2/STM32CubeIDE/plugins/com.st.stm32cube.ide.mcu.externaltools.gnu-tools-for-stm32.11.3.rel1.win32_1.1.1.202309131626/tools/bin/../lib/gcc/arm-none-eabi/11.3.1/../../../../arm-none-eabi/lib/thumb/v7e-m+fp/hard\libc_nano.a
LOAD C:/ST/STM32CubeIDE_1.13.2/STM32CubeIDE/plugins/com.st.stm32cube.ide.mcu.externaltools.gnu-tools-for-stm32.11.3.rel1.win32_1.1.1.202309131626/tools/bin/../lib/gcc/arm-none-eabi/11.3.1/../../../../arm-none-eabi/lib/thumb/v7e-m+fp/hard\libnosys.a
END GROUP
LOAD C:/ST/STM32CubeIDE_1.13.2/STM32CubeIDE/plugins/com.st.stm32cube.ide.mcu.externaltools.gnu-tools-for-stm32.11.3.rel1.win32_1.1.1.202309131626/tools/bin/../lib/gcc/arm-none-eabi/11.3.1/thumb/v7e-m+fp/hard/crtend.o
LOAD C:/ST/STM32CubeIDE_1.13.2/STM32CubeIDE/plugins/com.st.stm32cube.ide.mcu.externaltools.gnu-tools-for-stm32.11.3.rel1.win32_1.1.1.202309131626/tools/bin/../lib/gcc/arm-none-eabi/11.3.1/thumb/v7e-m+fp/hard/crtn.o
                0x0000000020020000                _estack = (ORIGIN (RAM) + LENGTH (RAM))
                0x0000000000000200                _Min_Heap_Size = 0x200
                0x0000000000000400                _Min_Stack_Size = 0x400

.isr_vector     0x0000000008000000      0x1c4
                0x0000000008000000                . = ALIGN (0x4)
 *(.isr_vector)
 .isr_vector    0x0000000008000000      0x1c4 ./Core/Startup/startup_stm32f446zetx.o
                0x0000000008000000                g_pfnVectors
                0x00000000080001c4                . = ALIGN (0x4)

.text           0x00000000080001d0     0x8958
                0x00000000080001d0                . = ALIGN (0x4)
 *(.text)
 .text          0x00000000080001d0       0x40 C:/ST/STM32CubeIDE_1.13.2/STM32CubeIDE/plugins/com.st.stm32cube.ide.mcu.externaltools.gnu-tools-for-stm32.11.3.rel1.win32_1.1.1.202309131626/tools/bin/../lib/gcc/arm-none-eabi/11.3.1/thumb/v7e-m+fp/hard/crtbegin.o
 .text          0x0000000008000210       0xa0 C:/ST/STM32CubeIDE_1.13.2/STM32CubeIDE/plugins/com.st.stm32cube.ide.mcu.externaltools.gnu-tools-for-stm32.11.3.rel1.win32_1.1.1.202309131626/tools/bin/../lib/gcc/arm-none-eabi/11.3.1/../../../../arm-none-eabi/lib/thumb/v7e-m+fp/hard\libc_nano.a(libc_a-memchr.o)
                0x0000000008000210                memchr
 .text          0x00000000080002b0       0x10 C:/ST/STM32CubeIDE_1.13.2/STM32CubeIDE/plugins/com.st.stm32cube.ide.mcu.externaltools.gnu-tools-for-stm32.11.3.rel1.win32_1.1.1.202309131626/tools/bin/../lib/gcc/arm-none-eabi/11.3.1/../../../../arm-none-eabi/lib/thumb/v7e-m+fp/hard\libc_nano.a(libc_a-strlen.o)
                0x00000000080002b0                strlen
 .text          0x00000000080002c0       0x30 C:/ST/STM32CubeIDE_1.13.2/STM32CubeIDE/plugins/com.st.stm32cube.ide.mcu.externaltools.gnu-tools-for-stm32.11.3.rel1.win32_1.1.1.202309131626/tools/bin/../lib/gcc/arm-none-eabi/11.3.1/thumb/v7e-m+fp/hard\libgcc.a(_aeabi_uldivmod.o)
                0x00000000080002c0                __aeabi_uldivmod
 .text          0x00000000080002f0      0x2c8 C:/ST/STM32CubeIDE_1.13.2/STM32CubeIDE/plugins/com.st.stm32cube.ide.mcu.externaltools.gnu-tools-for-stm32.11.3.rel1.win32_1.1.1.202309131626/tools/bin/../lib/gcc/arm-none-eabi/11.3.1/thumb/v7e-m+fp/hard\libgcc.a(_udivmoddi4.o)
                0x00000000080002f0                __udivmoddi4
 .text          0x00000000080005b8        0x4 C:/ST/STM32CubeIDE_1.13.2/STM32CubeIDE/plugins/com.st.stm32cube.ide.mcu.externaltools.gnu-tools-for-stm32.11.3.rel1.win32_1.1.1.202309131626/tools/bin/../lib/gcc/arm-none-eabi/11.3.1/thumb/v7e-m+fp/hard\libgcc.a(_dvmd_tls.o)
                0x00000000080005b8                __aeabi_idiv0
                0x00000000080005b8                __aeabi_ldiv0
 *(.text*)
 .text.HAL_CAN_RxFifo0MsgPendingCallback
                0x00000000080005bc       0x1e ./Board/CanInterface.o
                0x00000000080005bc                HAL_CAN_RxFifo0MsgPendingCallback
 *fill*         0x00000000080005da        0x2 
 .text.__tcf_0  0x00000000080005dc       0x10 ./Board/CanInterface.o
 .text._ZN13Can_Interface11getInstanceEv
                0x00000000080005ec       0x58 ./Board/CanInterface.o
                0x00000000080005ec                Can_Interface::getInstance()
 .text._ZN13Can_Interface13CAN_availableEP19__CAN_HandleTypeDef
                0x0000000008000644       0x16 ./Board/CanInterface.o
                0x0000000008000644                Can_Interface::CAN_available(__CAN_HandleTypeDef*)
 *fill*         0x000000000800065a        0x2 
 .text._ZN13Can_InterfaceC2Ev
                0x000000000800065c       0x20 ./Board/CanInterface.o
                0x000000000800065c                Can_Interface::Can_Interface()
                0x000000000800065c                Can_Interface::Can_Interface()
 .text._ZN13Can_InterfaceD2Ev
                0x000000000800067c       0x20 ./Board/CanInterface.o
                0x000000000800067c                Can_Interface::~Can_Interface()
                0x000000000800067c                Can_Interface::~Can_Interface()
 .text._ZN13Can_InterfaceD0Ev
                0x000000000800069c       0x20 ./Board/CanInterface.o
                0x000000000800069c                Can_Interface::~Can_Interface()
 .text.main     0x00000000080006bc       0x3c ./Core/Src/main.o
                0x00000000080006bc                main
 .text.SystemClock_Config
                0x00000000080006f8       0xd8 ./Core/Src/main.o
                0x00000000080006f8                SystemClock_Config
 .text.MX_CAN1_Init
                0x00000000080007d0       0x68 ./Core/Src/main.o
 .text.MX_USART3_UART_Init
                0x0000000008000838       0x54 ./Core/Src/main.o
 .text.MX_USB_OTG_FS_PCD_Init
                0x000000000800088c       0x5c ./Core/Src/main.o
 .text.MX_GPIO_Init
                0x00000000080008e8      0x15c ./Core/Src/main.o
 .text.Error_Handler
                0x0000000008000a44        0xa ./Core/Src/main.o
                0x0000000008000a44                Error_Handler
 *fill*         0x0000000008000a4e        0x2 
 .text.HAL_MspInit
                0x0000000008000a50       0x50 ./Core/Src/stm32f4xx_hal_msp.o
                0x0000000008000a50                HAL_MspInit
 .text.HAL_CAN_MspInit
                0x0000000008000aa0       0xa0 ./Core/Src/stm32f4xx_hal_msp.o
                0x0000000008000aa0                HAL_CAN_MspInit
 .text.HAL_UART_MspInit
                0x0000000008000b40       0x90 ./Core/Src/stm32f4xx_hal_msp.o
                0x0000000008000b40                HAL_UART_MspInit
 .text.HAL_PCD_MspInit
                0x0000000008000bd0       0xe0 ./Core/Src/stm32f4xx_hal_msp.o
                0x0000000008000bd0                HAL_PCD_MspInit
 .text.NMI_Handler
                0x0000000008000cb0        0x6 ./Core/Src/stm32f4xx_it.o
                0x0000000008000cb0                NMI_Handler
 .text.HardFault_Handler
                0x0000000008000cb6        0x6 ./Core/Src/stm32f4xx_it.o
                0x0000000008000cb6                HardFault_Handler
 .text.MemManage_Handler
                0x0000000008000cbc        0x6 ./Core/Src/stm32f4xx_it.o
                0x0000000008000cbc                MemManage_Handler
 .text.BusFault_Handler
                0x0000000008000cc2        0x6 ./Core/Src/stm32f4xx_it.o
                0x0000000008000cc2                BusFault_Handler
 .text.UsageFault_Handler
                0x0000000008000cc8        0x6 ./Core/Src/stm32f4xx_it.o
                0x0000000008000cc8                UsageFault_Handler
 .text.SVC_Handler
                0x0000000008000cce        0xe ./Core/Src/stm32f4xx_it.o
                0x0000000008000cce                SVC_Handler
 .text.DebugMon_Handler
                0x0000000008000cdc        0xe ./Core/Src/stm32f4xx_it.o
                0x0000000008000cdc                DebugMon_Handler
 .text.PendSV_Handler
                0x0000000008000cea        0xe ./Core/Src/stm32f4xx_it.o
                0x0000000008000cea                PendSV_Handler
 .text.SysTick_Handler
                0x0000000008000cf8       0x34 ./Core/Src/stm32f4xx_it.o
                0x0000000008000cf8                SysTick_Handler
 .text.CAN1_RX0_IRQHandler
                0x0000000008000d2c       0x14 ./Core/Src/stm32f4xx_it.o
                0x0000000008000d2c                CAN1_RX0_IRQHandler
 .text._getpid  0x0000000008000d40       0x10 ./Core/Src/syscalls.o
                0x0000000008000d40                _getpid
 .text._kill    0x0000000008000d50       0x20 ./Core/Src/syscalls.o
                0x0000000008000d50                _kill
 .text._exit    0x0000000008000d70       0x14 ./Core/Src/syscalls.o
                0x0000000008000d70                _exit
 .text._read    0x0000000008000d84       0x3a ./Core/Src/syscalls.o
                0x0000000008000d84                _read
 .text._write   0x0000000008000dbe       0x38 ./Core/Src/syscalls.o
                0x0000000008000dbe                _write
 .text._close   0x0000000008000df6       0x18 ./Core/Src/syscalls.o
                0x0000000008000df6                _close
 .text._fstat   0x0000000008000e0e       0x20 ./Core/Src/syscalls.o
                0x0000000008000e0e                _fstat
 .text._isatty  0x0000000008000e2e       0x16 ./Core/Src/syscalls.o
                0x0000000008000e2e                _isatty
 .text._lseek   0x0000000008000e44       0x1a ./Core/Src/syscalls.o
                0x0000000008000e44                _lseek
 *fill*         0x0000000008000e5e        0x2 
 .text._sbrk    0x0000000008000e60       0x6c ./Core/Src/sysmem.o
                0x0000000008000e60                _sbrk
 .text.SystemInit
                0x0000000008000ecc       0x24 ./Core/Src/system_stm32f4xx.o
                0x0000000008000ecc                SystemInit
 .text.Reset_Handler
                0x0000000008000ef0       0x50 ./Core/Startup/startup_stm32f446zetx.o
                0x0000000008000ef0                Reset_Handler
 .text.Default_Handler
                0x0000000008000f40        0x2 ./Core/Startup/startup_stm32f446zetx.o
                0x0000000008000f40                RTC_Alarm_IRQHandler
                0x0000000008000f40                EXTI2_IRQHandler
                0x0000000008000f40                TIM8_CC_IRQHandler
                0x0000000008000f40                FMPI2C1_EV_IRQHandler
                0x0000000008000f40                SPI4_IRQHandler
                0x0000000008000f40                TIM1_CC_IRQHandler
                0x0000000008000f40                DMA2_Stream5_IRQHandler
                0x0000000008000f40                DMA1_Stream5_IRQHandler
                0x0000000008000f40                PVD_IRQHandler
                0x0000000008000f40                SDIO_IRQHandler
                0x0000000008000f40                TAMP_STAMP_IRQHandler
                0x0000000008000f40                CAN2_RX1_IRQHandler
                0x0000000008000f40                EXTI3_IRQHandler
                0x0000000008000f40                TIM8_TRG_COM_TIM14_IRQHandler
                0x0000000008000f40                TIM1_UP_TIM10_IRQHandler
                0x0000000008000f40                TIM8_UP_TIM13_IRQHandler
                0x0000000008000f40                I2C3_ER_IRQHandler
                0x0000000008000f40                EXTI0_IRQHandler
                0x0000000008000f40                I2C2_EV_IRQHandler
                0x0000000008000f40                DMA1_Stream2_IRQHandler
                0x0000000008000f40                FPU_IRQHandler
                0x0000000008000f40                OTG_HS_WKUP_IRQHandler
                0x0000000008000f40                CAN2_SCE_IRQHandler
                0x0000000008000f40                DMA2_Stream2_IRQHandler
                0x0000000008000f40                SPI1_IRQHandler
                0x0000000008000f40                TIM6_DAC_IRQHandler
                0x0000000008000f40                TIM1_BRK_TIM9_IRQHandler
                0x0000000008000f40                DCMI_IRQHandler
                0x0000000008000f40                CAN2_RX0_IRQHandler
                0x0000000008000f40                DMA2_Stream3_IRQHandler
                0x0000000008000f40                SAI2_IRQHandler
                0x0000000008000f40                USART6_IRQHandler
                0x0000000008000f40                USART3_IRQHandler
                0x0000000008000f40                CAN1_RX1_IRQHandler
                0x0000000008000f40                UART5_IRQHandler
                0x0000000008000f40                DMA2_Stream0_IRQHandler
                0x0000000008000f40                TIM4_IRQHandler
                0x0000000008000f40                QUADSPI_IRQHandler
                0x0000000008000f40                I2C1_EV_IRQHandler
                0x0000000008000f40                DMA1_Stream6_IRQHandler
                0x0000000008000f40                DMA1_Stream1_IRQHandler
                0x0000000008000f40                UART4_IRQHandler
                0x0000000008000f40                TIM3_IRQHandler
                0x0000000008000f40                RCC_IRQHandler
                0x0000000008000f40                TIM8_BRK_TIM12_IRQHandler
                0x0000000008000f40                Default_Handler
                0x0000000008000f40                CEC_IRQHandler
                0x0000000008000f40                EXTI15_10_IRQHandler
                0x0000000008000f40                ADC_IRQHandler
                0x0000000008000f40                DMA1_Stream7_IRQHandler
                0x0000000008000f40                TIM7_IRQHandler
                0x0000000008000f40                CAN2_TX_IRQHandler
                0x0000000008000f40                TIM5_IRQHandler
                0x0000000008000f40                DMA2_Stream7_IRQHandler
                0x0000000008000f40                I2C3_EV_IRQHandler
                0x0000000008000f40                EXTI9_5_IRQHandler
                0x0000000008000f40                RTC_WKUP_IRQHandler
                0x0000000008000f40                SPDIF_RX_IRQHandler
                0x0000000008000f40                SPI2_IRQHandler
                0x0000000008000f40                OTG_HS_EP1_IN_IRQHandler
                0x0000000008000f40                DMA1_Stream0_IRQHandler
                0x0000000008000f40                CAN1_TX_IRQHandler
                0x0000000008000f40                FMPI2C1_ER_IRQHandler
                0x0000000008000f40                EXTI4_IRQHandler
                0x0000000008000f40                OTG_HS_EP1_OUT_IRQHandler
                0x0000000008000f40                WWDG_IRQHandler
                0x0000000008000f40                TIM2_IRQHandler
                0x0000000008000f40                OTG_FS_WKUP_IRQHandler
                0x0000000008000f40                TIM1_TRG_COM_TIM11_IRQHandler
                0x0000000008000f40                OTG_HS_IRQHandler
                0x0000000008000f40                EXTI1_IRQHandler
                0x0000000008000f40                USART2_IRQHandler
                0x0000000008000f40                I2C2_ER_IRQHandler
                0x0000000008000f40                DMA2_Stream1_IRQHandler
                0x0000000008000f40                CAN1_SCE_IRQHandler
                0x0000000008000f40                FLASH_IRQHandler
                0x0000000008000f40                DMA2_Stream4_IRQHandler
                0x0000000008000f40                USART1_IRQHandler
                0x0000000008000f40                OTG_FS_IRQHandler
                0x0000000008000f40                SPI3_IRQHandler
                0x0000000008000f40                DMA1_Stream4_IRQHandler
                0x0000000008000f40                I2C1_ER_IRQHandler
                0x0000000008000f40                FMC_IRQHandler
                0x0000000008000f40                DMA2_Stream6_IRQHandler
                0x0000000008000f40                SAI1_IRQHandler
                0x0000000008000f40                DMA1_Stream3_IRQHandler
 *fill*         0x0000000008000f42        0x2 
 .text.HAL_Init
                0x0000000008000f44       0x44 ./Drivers/STM32F4xx_HAL_Driver/Src/stm32f4xx_hal.o
                0x0000000008000f44                HAL_Init
 .text.HAL_InitTick
                0x0000000008000f88       0x60 ./Drivers/STM32F4xx_HAL_Driver/Src/stm32f4xx_hal.o
                0x0000000008000f88                HAL_InitTick
 .text.HAL_IncTick
                0x0000000008000fe8       0x28 ./Drivers/STM32F4xx_HAL_Driver/Src/stm32f4xx_hal.o
                0x0000000008000fe8                HAL_IncTick
 .text.HAL_GetTick
                0x0000000008001010       0x18 ./Drivers/STM32F4xx_HAL_Driver/Src/stm32f4xx_hal.o
                0x0000000008001010                HAL_GetTick
 .text.HAL_Delay
                0x0000000008001028       0x48 ./Drivers/STM32F4xx_HAL_Driver/Src/stm32f4xx_hal.o
                0x0000000008001028                HAL_Delay
 .text.HAL_CAN_Init
                0x0000000008001070      0x1f6 ./Drivers/STM32F4xx_HAL_Driver/Src/stm32f4xx_hal_can.o
                0x0000000008001070                HAL_CAN_Init
 .text.HAL_CAN_IRQHandler
                0x0000000008001266      0x36e ./Drivers/STM32F4xx_HAL_Driver/Src/stm32f4xx_hal_can.o
                0x0000000008001266                HAL_CAN_IRQHandler
 .text.HAL_CAN_TxMailbox0CompleteCallback
                0x00000000080015d4       0x14 ./Drivers/STM32F4xx_HAL_Driver/Src/stm32f4xx_hal_can.o
                0x00000000080015d4                HAL_CAN_TxMailbox0CompleteCallback
 .text.HAL_CAN_TxMailbox1CompleteCallback
                0x00000000080015e8       0x14 ./Drivers/STM32F4xx_HAL_Driver/Src/stm32f4xx_hal_can.o
                0x00000000080015e8                HAL_CAN_TxMailbox1CompleteCallback
 .text.HAL_CAN_TxMailbox2CompleteCallback
                0x00000000080015fc       0x14 ./Drivers/STM32F4xx_HAL_Driver/Src/stm32f4xx_hal_can.o
                0x00000000080015fc                HAL_CAN_TxMailbox2CompleteCallback
 .text.HAL_CAN_TxMailbox0AbortCallback
                0x0000000008001610       0x14 ./Drivers/STM32F4xx_HAL_Driver/Src/stm32f4xx_hal_can.o
                0x0000000008001610                HAL_CAN_TxMailbox0AbortCallback
 .text.HAL_CAN_TxMailbox1AbortCallback
                0x0000000008001624       0x14 ./Drivers/STM32F4xx_HAL_Driver/Src/stm32f4xx_hal_can.o
                0x0000000008001624                HAL_CAN_TxMailbox1AbortCallback
 .text.HAL_CAN_TxMailbox2AbortCallback
                0x0000000008001638       0x14 ./Drivers/STM32F4xx_HAL_Driver/Src/stm32f4xx_hal_can.o
                0x0000000008001638                HAL_CAN_TxMailbox2AbortCallback
 .text.HAL_CAN_RxFifo0FullCallback
                0x000000000800164c       0x14 ./Drivers/STM32F4xx_HAL_Driver/Src/stm32f4xx_hal_can.o
                0x000000000800164c                HAL_CAN_RxFifo0FullCallback
 .text.HAL_CAN_RxFifo1MsgPendingCallback
                0x0000000008001660       0x14 ./Drivers/STM32F4xx_HAL_Driver/Src/stm32f4xx_hal_can.o
                0x0000000008001660                HAL_CAN_RxFifo1MsgPendingCallback
 .text.HAL_CAN_RxFifo1FullCallback
                0x0000000008001674       0x14 ./Drivers/STM32F4xx_HAL_Driver/Src/stm32f4xx_hal_can.o
                0x0000000008001674                HAL_CAN_RxFifo1FullCallback
 .text.HAL_CAN_SleepCallback
                0x0000000008001688       0x14 ./Drivers/STM32F4xx_HAL_Driver/Src/stm32f4xx_hal_can.o
                0x0000000008001688                HAL_CAN_SleepCallback
 .text.HAL_CAN_WakeUpFromRxMsgCallback
                0x000000000800169c       0x14 ./Drivers/STM32F4xx_HAL_Driver/Src/stm32f4xx_hal_can.o
                0x000000000800169c                HAL_CAN_WakeUpFromRxMsgCallback
 .text.HAL_CAN_ErrorCallback
                0x00000000080016b0       0x14 ./Drivers/STM32F4xx_HAL_Driver/Src/stm32f4xx_hal_can.o
                0x00000000080016b0                HAL_CAN_ErrorCallback
 .text.__NVIC_SetPriorityGrouping
                0x00000000080016c4       0x48 ./Drivers/STM32F4xx_HAL_Driver/Src/stm32f4xx_hal_cortex.o
 .text.__NVIC_GetPriorityGrouping
                0x000000000800170c       0x1c ./Drivers/STM32F4xx_HAL_Driver/Src/stm32f4xx_hal_cortex.o
 .text.__NVIC_EnableIRQ
                0x0000000008001728       0x3c ./Drivers/STM32F4xx_HAL_Driver/Src/stm32f4xx_hal_cortex.o
 .text.__NVIC_SetPriority
                0x0000000008001764       0x54 ./Drivers/STM32F4xx_HAL_Driver/Src/stm32f4xx_hal_cortex.o
 .text.NVIC_EncodePriority
                0x00000000080017b8       0x66 ./Drivers/STM32F4xx_HAL_Driver/Src/stm32f4xx_hal_cortex.o
 *fill*         0x000000000800181e        0x2 
 .text.SysTick_Config
                0x0000000008001820       0x44 ./Drivers/STM32F4xx_HAL_Driver/Src/stm32f4xx_hal_cortex.o
 .text.HAL_NVIC_SetPriorityGrouping
                0x0000000008001864       0x16 ./Drivers/STM32F4xx_HAL_Driver/Src/stm32f4xx_hal_cortex.o
                0x0000000008001864                HAL_NVIC_SetPriorityGrouping
 .text.HAL_NVIC_SetPriority
                0x000000000800187a       0x38 ./Drivers/STM32F4xx_HAL_Driver/Src/stm32f4xx_hal_cortex.o
                0x000000000800187a                HAL_NVIC_SetPriority
 .text.HAL_NVIC_EnableIRQ
                0x00000000080018b2       0x1c ./Drivers/STM32F4xx_HAL_Driver/Src/stm32f4xx_hal_cortex.o
                0x00000000080018b2                HAL_NVIC_EnableIRQ
 .text.HAL_SYSTICK_Config
                0x00000000080018ce       0x18 ./Drivers/STM32F4xx_HAL_Driver/Src/stm32f4xx_hal_cortex.o
                0x00000000080018ce                HAL_SYSTICK_Config
 .text.HAL_DMA_Start_IT
                0x00000000080018e6       0xb0 ./Drivers/STM32F4xx_HAL_Driver/Src/stm32f4xx_hal_dma.o
                0x00000000080018e6                HAL_DMA_Start_IT
 .text.DMA_SetConfig
                0x0000000008001996       0x5c ./Drivers/STM32F4xx_HAL_Driver/Src/stm32f4xx_hal_dma.o
 *fill*         0x00000000080019f2        0x2 
 .text.HAL_GPIO_Init
                0x00000000080019f4      0x328 ./Drivers/STM32F4xx_HAL_Driver/Src/stm32f4xx_hal_gpio.o
                0x00000000080019f4                HAL_GPIO_Init
 .text.HAL_GPIO_WritePin
                0x0000000008001d1c       0x32 ./Drivers/STM32F4xx_HAL_Driver/Src/stm32f4xx_hal_gpio.o
                0x0000000008001d1c                HAL_GPIO_WritePin
 .text.HAL_PCD_Init
                0x0000000008001d4e      0x248 ./Drivers/STM32F4xx_HAL_Driver/Src/stm32f4xx_hal_pcd.o
                0x0000000008001d4e                HAL_PCD_Init
 .text.HAL_PCDEx_ActivateLPM
                0x0000000008001f96       0x48 ./Drivers/STM32F4xx_HAL_Driver/Src/stm32f4xx_hal_pcd_ex.o
                0x0000000008001f96                HAL_PCDEx_ActivateLPM
 *fill*         0x0000000008001fde        0x2 
 .text.HAL_RCC_ClockConfig
                0x0000000008001fe0      0x1cc ./Drivers/STM32F4xx_HAL_Driver/Src/stm32f4xx_hal_rcc.o
                0x0000000008001fe0                HAL_RCC_ClockConfig
 .text.HAL_RCC_GetHCLKFreq
                0x00000000080021ac       0x18 ./Drivers/STM32F4xx_HAL_Driver/Src/stm32f4xx_hal_rcc.o
                0x00000000080021ac                HAL_RCC_GetHCLKFreq
 .text.HAL_RCC_GetPCLK1Freq
                0x00000000080021c4       0x28 ./Drivers/STM32F4xx_HAL_Driver/Src/stm32f4xx_hal_rcc.o
                0x00000000080021c4                HAL_RCC_GetPCLK1Freq
 .text.HAL_RCC_GetPCLK2Freq
                0x00000000080021ec       0x28 ./Drivers/STM32F4xx_HAL_Driver/Src/stm32f4xx_hal_rcc.o
                0x00000000080021ec                HAL_RCC_GetPCLK2Freq
 .text.HAL_RCCEx_PeriphCLKConfig
                0x0000000008002214      0x654 ./Drivers/STM32F4xx_HAL_Driver/Src/stm32f4xx_hal_rcc_ex.o
                0x0000000008002214                HAL_RCCEx_PeriphCLKConfig
 .text.HAL_RCC_GetSysClockFreq
                0x0000000008002868      0x460 ./Drivers/STM32F4xx_HAL_Driver/Src/stm32f4xx_hal_rcc_ex.o
                0x0000000008002868                HAL_RCC_GetSysClockFreq
 .text.HAL_RCC_OscConfig
                0x0000000008002cc8      0x53c ./Drivers/STM32F4xx_HAL_Driver/Src/stm32f4xx_hal_rcc_ex.o
                0x0000000008002cc8                HAL_RCC_OscConfig
 .text.HAL_UART_Init
                0x0000000008003204       0x9a ./Drivers/STM32F4xx_HAL_Driver/Src/stm32f4xx_hal_uart.o
                0x0000000008003204                HAL_UART_Init
 .text.HAL_UART_Transmit
                0x000000000800329e      0x124 ./Drivers/STM32F4xx_HAL_Driver/Src/stm32f4xx_hal_uart.o
                0x000000000800329e                HAL_UART_Transmit
 *fill*         0x00000000080033c2        0x2 
 .text.HAL_UART_Transmit_DMA
                0x00000000080033c4       0xfc ./Drivers/STM32F4xx_HAL_Driver/Src/stm32f4xx_hal_uart.o
                0x00000000080033c4                HAL_UART_Transmit_DMA
 .text.HAL_UART_TxCpltCallback
                0x00000000080034c0       0x14 ./Drivers/STM32F4xx_HAL_Driver/Src/stm32f4xx_hal_uart.o
                0x00000000080034c0                HAL_UART_TxCpltCallback
 .text.HAL_UART_TxHalfCpltCallback
                0x00000000080034d4       0x14 ./Drivers/STM32F4xx_HAL_Driver/Src/stm32f4xx_hal_uart.o
                0x00000000080034d4                HAL_UART_TxHalfCpltCallback
 .text.HAL_UART_ErrorCallback
                0x00000000080034e8       0x14 ./Drivers/STM32F4xx_HAL_Driver/Src/stm32f4xx_hal_uart.o
                0x00000000080034e8                HAL_UART_ErrorCallback
 .text.UART_DMATransmitCplt
                0x00000000080034fc       0x9a ./Drivers/STM32F4xx_HAL_Driver/Src/stm32f4xx_hal_uart.o
 .text.UART_DMATxHalfCplt
                0x0000000008003596       0x1c ./Drivers/STM32F4xx_HAL_Driver/Src/stm32f4xx_hal_uart.o
 .text.UART_DMAError
                0x00000000080035b2       0x94 ./Drivers/STM32F4xx_HAL_Driver/Src/stm32f4xx_hal_uart.o
 .text.UART_WaitOnFlagUntilTimeout
                0x0000000008003646       0xdc ./Drivers/STM32F4xx_HAL_Driver/Src/stm32f4xx_hal_uart.o
 .text.UART_EndTxTransfer
                0x0000000008003722       0x50 ./Drivers/STM32F4xx_HAL_Driver/Src/stm32f4xx_hal_uart.o
 .text.UART_EndRxTransfer
                0x0000000008003772       0xc6 ./Drivers/STM32F4xx_HAL_Driver/Src/stm32f4xx_hal_uart.o
 .text.UART_SetConfig
                0x0000000008003838      0x4e8 ./Drivers/STM32F4xx_HAL_Driver/Src/stm32f4xx_hal_uart.o
 .text.USB_CoreInit
                0x0000000008003d20       0xc2 ./Drivers/STM32F4xx_HAL_Driver/Src/stm32f4xx_ll_usb.o
                0x0000000008003d20                USB_CoreInit
 .text.USB_DisableGlobalInt
                0x0000000008003de2       0x22 ./Drivers/STM32F4xx_HAL_Driver/Src/stm32f4xx_ll_usb.o
                0x0000000008003de2                USB_DisableGlobalInt
 .text.USB_SetCurrentMode
                0x0000000008003e04       0x98 ./Drivers/STM32F4xx_HAL_Driver/Src/stm32f4xx_ll_usb.o
                0x0000000008003e04                USB_SetCurrentMode
 .text.USB_DevInit
                0x0000000008003e9c      0x2bc ./Drivers/STM32F4xx_HAL_Driver/Src/stm32f4xx_ll_usb.o
                0x0000000008003e9c                USB_DevInit
 .text.USB_FlushTxFifo
                0x0000000008004158       0x68 ./Drivers/STM32F4xx_HAL_Driver/Src/stm32f4xx_ll_usb.o
                0x0000000008004158                USB_FlushTxFifo
 .text.USB_FlushRxFifo
                0x00000000080041c0       0x60 ./Drivers/STM32F4xx_HAL_Driver/Src/stm32f4xx_ll_usb.o
                0x00000000080041c0                USB_FlushRxFifo
 .text.USB_SetDevSpeed
                0x0000000008004220       0x32 ./Drivers/STM32F4xx_HAL_Driver/Src/stm32f4xx_ll_usb.o
                0x0000000008004220                USB_SetDevSpeed
 .text.USB_DevDisconnect
                0x0000000008004252       0x42 ./Drivers/STM32F4xx_HAL_Driver/Src/stm32f4xx_ll_usb.o
                0x0000000008004252                USB_DevDisconnect
 .text.USB_GetMode
                0x0000000008004294       0x1c ./Drivers/STM32F4xx_HAL_Driver/Src/stm32f4xx_ll_usb.o
                0x0000000008004294                USB_GetMode
 .text.USB_CoreReset
                0x00000000080042b0       0x68 ./Drivers/STM32F4xx_HAL_Driver/Src/stm32f4xx_ll_usb.o
 .text._ZNK7XFEvent12getEventTypeEv
                0x0000000008004318       0x18 ./app/statemachine01.o
                0x0000000008004318                XFEvent::getEventType() const
 .text._ZNK7XFEvent5getIdEv
                0x0000000008004330       0x18 ./app/statemachine01.o
                0x0000000008004330                XFEvent::getId() const
 .text._ZN13XFEventStatusC2ENS_12eEventStatusE
                0x0000000008004348       0x20 ./app/statemachine01.o
                0x0000000008004348                XFEventStatus::XFEventStatus(XFEventStatus::eEventStatus)
                0x0000000008004348                XFEventStatus::XFEventStatus(XFEventStatus::eEventStatus)
 .text._ZN10XFBehavior15scheduleTimeoutEii
                0x0000000008004368       0x28 ./app/statemachine01.o
                0x0000000008004368                XFBehavior::scheduleTimeout(int, int)
 .text._ZNK14StateMachine0117getRepeatIntervalEv
                0x0000000008004390       0x18 ./app/statemachine01.o
                0x0000000008004390                StateMachine01::getRepeatInterval() const
 .text._ZNK14StateMachine017getTextB5cxx11Ev
                0x00000000080043a8       0x1e ./app/statemachine01.o
                0x00000000080043a8                StateMachine01::getText[abi:cxx11]() const
 *fill*         0x00000000080043c6        0x2 
 .text._ZN14StateMachine01C2EiNSt7__cxx1112basic_stringIcSt11char_traitsIcESaIcEEE
                0x00000000080043c8       0x40 ./app/statemachine01.o
                0x00000000080043c8                StateMachine01::StateMachine01(int, std::__cxx11::basic_string<char, std::char_traits<char>, std::allocator<char> >)
                0x00000000080043c8                StateMachine01::StateMachine01(int, std::__cxx11::basic_string<char, std::char_traits<char>, std::allocator<char> >)
 .text._ZN14StateMachine01D2Ev
                0x0000000008004408       0x30 ./app/statemachine01.o
                0x0000000008004408                StateMachine01::~StateMachine01()
                0x0000000008004408                StateMachine01::~StateMachine01()
 .text._ZN14StateMachine01D0Ev
                0x0000000008004438       0x20 ./app/statemachine01.o
                0x0000000008004438                StateMachine01::~StateMachine01()
 .text._ZN14StateMachine0112processEventEv
                0x0000000008004458      0x130 ./app/statemachine01.o
                0x0000000008004458                StateMachine01::processEvent()
 .text._ZStplIcSt11char_traitsIcESaIcEENSt7__cxx1112basic_stringIT_T0_T1_EEOS8_PKS5_
                0x0000000008004588       0x2e ./app/statemachine01.o
                0x0000000008004588                std::__cxx11::basic_string<char, std::char_traits<char>, std::allocator<char> > std::operator+<char, std::char_traits<char>, std::allocator<char> >(std::__cxx11::basic_string<char, std::char_traits<char>, std::allocator<char> >&&, char const*)
 .text._ZSt4moveIRNSt7__cxx1112basic_stringIcSt11char_traitsIcESaIcEEEEONSt16remove_referenceIT_E4typeEOS8_
                0x00000000080045b6       0x16 ./app/statemachine01.o
                0x00000000080045b6                std::remove_reference<std::__cxx11::basic_string<char, std::char_traits<char>, std::allocator<char> >&>::type&& std::move<std::__cxx11::basic_string<char, std::char_traits<char>, std::allocator<char> >&>(std::__cxx11::basic_string<char, std::char_traits<char>, std::allocator<char> >&)
 .text.Factory_initialize
                0x00000000080045cc        0xc ./app/testfactory01.o
                0x00000000080045cc                Factory_initialize
 .text.Factory_build
                0x00000000080045d8        0xc ./app/testfactory01.o
                0x00000000080045d8                Factory_build
 .text._ZN13TestFactory0110initializeEv
                0x00000000080045e4        0xe ./app/testfactory01.o
                0x00000000080045e4                TestFactory01::initialize()
 *fill*         0x00000000080045f2        0x2 
 .text._ZN13TestFactory015buildEv
                0x00000000080045f4       0x30 ./app/testfactory01.o
                0x00000000080045f4                TestFactory01::build()
 .text._Z41__static_initialization_and_destruction_0ii
                0x0000000008004624       0xcc ./app/testfactory01.o
 .text._GLOBAL__sub_I_Factory_initialize
                0x00000000080046f0       0x10 ./app/testfactory01.o
 .text._GLOBAL__sub_D_Factory_initialize
                0x0000000008004700       0x10 ./app/testfactory01.o
 .text._ZL10traceMutexv
                0x0000000008004710       0x18 ./platform/f7-disco-gcc/board/trace/trace.o
 .text._ZL14traceMutexLockv
                0x0000000008004728       0x18 ./platform/f7-disco-gcc/board/trace/trace.o
 .text._ZL16traceMutexUnlockv
                0x0000000008004740       0x18 ./platform/f7-disco-gcc/board/trace/trace.o
 .text.trace_initialize
                0x0000000008004758        0xc ./platform/f7-disco-gcc/board/trace/trace.o
                0x0000000008004758                trace_initialize
 .text.trace_out
                0x0000000008004764       0x48 ./platform/f7-disco-gcc/board/trace/trace.o
                0x0000000008004764                trace_out
 .text._ZN5Trace10initializeEv
                0x00000000080047ac       0x14 ./platform/f7-disco-gcc/board/trace/trace.o
                0x00000000080047ac                Trace::initialize()
 .text._ZL17checkStringEndingPcm
                0x00000000080047c0       0x48 ./platform/f7-disco-gcc/board/trace/trace.o
 .text._ZN5Trace3outENSt7__cxx1112basic_stringIcSt11char_traitsIcESaIcEEE
                0x0000000008004808       0x64 ./platform/f7-disco-gcc/board/trace/trace.o
                0x0000000008004808                Trace::out(std::__cxx11::basic_string<char, std::char_traits<char>, std::allocator<char> >)
 .text._ZN5Trace3outEPKcz
                0x000000000800486c       0x50 ./platform/f7-disco-gcc/board/trace/trace.o
                0x000000000800486c                Trace::out(char const*, ...)
 .text._Z41__static_initialization_and_destruction_0ii
                0x00000000080048bc       0x5c ./platform/f7-disco-gcc/board/trace/trace.o
 .text._GLOBAL__sub_I_trace_initialize
                0x0000000008004918       0x10 ./platform/f7-disco-gcc/board/trace/trace.o
 .text._GLOBAL__sub_D_trace_initialize
                0x0000000008004928       0x10 ./platform/f7-disco-gcc/board/trace/trace.o
 .text._Z5inISRv
                0x0000000008004938       0x18 ./platform/f7-disco-gcc/mcu/critical/critical.o
                0x0000000008004938                inISR()
 .text._Z13enterCriticalv
                0x0000000008004950       0x40 ./platform/f7-disco-gcc/mcu/critical/critical.o
                0x0000000008004950                enterCritical()
 .text._Z12exitCriticalv
                0x0000000008004990       0x40 ./platform/f7-disco-gcc/mcu/critical/critical.o
                0x0000000008004990                exitCritical()
 .text._ZN4UartC2EhP20__UART_HandleTypeDefb
                0x00000000080049d0       0x98 ./platform/f7-disco-gcc/mcu/hal/uart.o
                0x00000000080049d0                Uart::Uart(unsigned char, __UART_HandleTypeDef*, bool)
                0x00000000080049d0                Uart::Uart(unsigned char, __UART_HandleTypeDef*, bool)
 .text._ZN4UartD2Ev
                0x0000000008004a68       0x20 ./platform/f7-disco-gcc/mcu/hal/uart.o
                0x0000000008004a68                Uart::~Uart()
                0x0000000008004a68                Uart::~Uart()
 .text._ZN4UartD0Ev
                0x0000000008004a88       0x20 ./platform/f7-disco-gcc/mcu/hal/uart.o
                0x0000000008004a88                Uart::~Uart()
 .text._ZN4Uart10initializeEv
                0x0000000008004aa8       0x16 ./platform/f7-disco-gcc/mcu/hal/uart.o
                0x0000000008004aa8                Uart::initialize()
 .text._ZN4Uart5writeEPKcj
                0x0000000008004abe       0x4c ./platform/f7-disco-gcc/mcu/hal/uart.o
                0x0000000008004abe                Uart::write(char const*, unsigned int)
 *fill*         0x0000000008004b0a        0x2 
 .text._ZN4Uart13writeUsingDMAEPKhm
                0x0000000008004b0c       0x70 ./platform/f7-disco-gcc/mcu/hal/uart.o
                0x0000000008004b0c                Uart::writeUsingDMA(unsigned char const*, unsigned long)
 .text._ZNK7XFEvent11getBehaviorEv
                0x0000000008004b7c       0x18 ./xf/core/behavior.o
                0x0000000008004b7c                XFEvent::getBehavior() const
 .text._ZN7XFEvent11setBehaviorEPN9interface10XFBehaviorE
                0x0000000008004b94       0x1c ./xf/core/behavior.o
                0x0000000008004b94                XFEvent::setBehavior(interface::XFBehavior*)
 .text._ZNK13XFEventStatuseqERKNS_12eEventStatusE
                0x0000000008004bb0       0x28 ./xf/core/behavior.o
                0x0000000008004bb0                XFEventStatus::operator==(XFEventStatus::eEventStatus const&) const
 .text._ZN9interface10XFBehaviorC2Ev
                0x0000000008004bd8       0x20 ./xf/core/behavior.o
                0x0000000008004bd8                interface::XFBehavior::XFBehavior()
                0x0000000008004bd8                interface::XFBehavior::XFBehavior()
 .text._ZN9interface10XFBehaviorD2Ev
                0x0000000008004bf8       0x20 ./xf/core/behavior.o
                0x0000000008004bf8                interface::XFBehavior::~XFBehavior()
                0x0000000008004bf8                interface::XFBehavior::~XFBehavior()
 .text._ZN9interface10XFBehaviorD0Ev
                0x0000000008004c18       0x20 ./xf/core/behavior.o
                0x0000000008004c18                interface::XFBehavior::~XFBehavior()
 .text._ZN10XFBehaviorC2Ev
                0x0000000008004c38       0x2c ./xf/core/behavior.o
                0x0000000008004c38                XFBehavior::XFBehavior()
                0x0000000008004c38                XFBehavior::XFBehavior()
 .text._ZN10XFBehaviorD2Ev
                0x0000000008004c64       0x3c ./xf/core/behavior.o
                0x0000000008004c64                XFBehavior::~XFBehavior()
                0x0000000008004c64                XFBehavior::~XFBehavior()
 .text._ZN10XFBehaviorD0Ev
                0x0000000008004ca0       0x20 ./xf/core/behavior.o
                0x0000000008004ca0                XFBehavior::~XFBehavior()
 .text._ZN10XFBehavior13startBehaviorEv
                0x0000000008004cc0       0x30 ./xf/core/behavior.o
                0x0000000008004cc0                XFBehavior::startBehavior()
 .text._ZN10XFBehavior9pushEventEP7XFEvent
                0x0000000008004cf0       0x46 ./xf/core/behavior.o
                0x0000000008004cf0                XFBehavior::pushEvent(XFEvent*)
 .text._ZNK10XFBehavior17deleteOnTerminateEv
                0x0000000008004d36       0x18 ./xf/core/behavior.o
                0x0000000008004d36                XFBehavior::deleteOnTerminate() const
 .text._ZN10XFBehavior20setDeleteOnTerminateEb
                0x0000000008004d4e       0x1e ./xf/core/behavior.o
                0x0000000008004d4e                XFBehavior::setDeleteOnTerminate(bool)
 .text._ZNK10XFBehavior15getCurrentEventEv
                0x0000000008004d6c       0x18 ./xf/core/behavior.o
                0x0000000008004d6c                XFBehavior::getCurrentEvent() const
 .text._ZN10XFBehavior13getDispatcherEv
                0x0000000008004d84       0x16 ./xf/core/behavior.o
                0x0000000008004d84                XFBehavior::getDispatcher()
 .text._ZN10XFBehavior17getCurrentTimeoutEv
                0x0000000008004d9a       0x32 ./xf/core/behavior.o
                0x0000000008004d9a                XFBehavior::getCurrentTimeout()
 .text._ZN10XFBehavior15setCurrentEventEPK7XFEvent
                0x0000000008004dcc       0x1c ./xf/core/behavior.o
                0x0000000008004dcc                XFBehavior::setCurrentEvent(XFEvent const*)
 .text._ZN10XFBehavior7processEPK7XFEvent
                0x0000000008004de8       0xbc ./xf/core/behavior.o
                0x0000000008004de8                XFBehavior::process(XFEvent const*)
 .text._ZN7XFEventC2ENS_11XFEventTypeEi
                0x0000000008004ea4       0x38 ./xf/core/customevent.o
                0x0000000008004ea4                XFEvent::XFEvent(XFEvent::XFEventType, int)
                0x0000000008004ea4                XFEvent::XFEvent(XFEvent::XFEventType, int)
 .text._ZN7XFEventD2Ev
                0x0000000008004edc       0x20 ./xf/core/customevent.o
                0x0000000008004edc                XFEvent::~XFEvent()
                0x0000000008004edc                XFEvent::~XFEvent()
 .text._ZN7XFEventD0Ev
                0x0000000008004efc       0x20 ./xf/core/customevent.o
                0x0000000008004efc                XFEvent::~XFEvent()
 .text._ZNK7XFEvent18deleteAfterConsumeEv
                0x0000000008004f1c       0x16 ./xf/core/customevent.o
                0x0000000008004f1c                XFEvent::deleteAfterConsume() const
 *fill*         0x0000000008004f32        0x2 
 .text._ZN19XFDefaultTransitionC2Ev
                0x0000000008004f34       0x28 ./xf/core/defaulttransition.o
                0x0000000008004f34                XFDefaultTransition::XFDefaultTransition()
                0x0000000008004f34                XFDefaultTransition::XFDefaultTransition()
 .text._ZNK19XFDefaultTransition18deleteAfterConsumeEv
                0x0000000008004f5c       0x16 ./xf/core/defaulttransition.o
                0x0000000008004f5c                XFDefaultTransition::deleteAfterConsume() const
 *fill*         0x0000000008004f72        0x2 
 .text._ZN19XFDefaultTransitionD2Ev
                0x0000000008004f74       0x24 ./xf/core/defaulttransition.o
                0x0000000008004f74                XFDefaultTransition::~XFDefaultTransition()
                0x0000000008004f74                XFDefaultTransition::~XFDefaultTransition()
 .text._ZN19XFDefaultTransitionD0Ev
                0x0000000008004f98       0x20 ./xf/core/defaulttransition.o
                0x0000000008004f98                XFDefaultTransition::~XFDefaultTransition()
 .text._ZN14XFInitialEventC2Ev
                0x0000000008004fb8       0x28 ./xf/core/initialevent.o
                0x0000000008004fb8                XFInitialEvent::XFInitialEvent()
                0x0000000008004fb8                XFInitialEvent::XFInitialEvent()
 .text._ZNK14XFInitialEvent18deleteAfterConsumeEv
                0x0000000008004fe0       0x16 ./xf/core/initialevent.o
                0x0000000008004fe0                XFInitialEvent::deleteAfterConsume() const
 *fill*         0x0000000008004ff6        0x2 
 .text._ZN14XFInitialEventD2Ev
                0x0000000008004ff8       0x24 ./xf/core/initialevent.o
                0x0000000008004ff8                XFInitialEvent::~XFInitialEvent()
                0x0000000008004ff8                XFInitialEvent::~XFInitialEvent()
 .text._ZN14XFInitialEventD0Ev
                0x000000000800501c       0x20 ./xf/core/initialevent.o
                0x000000000800501c                XFInitialEvent::~XFInitialEvent()
 .text._ZN9XFTimeoutC2EiiPN9interface10XFBehaviorE
                0x000000000800503c       0x40 ./xf/core/timeout.o
                0x000000000800503c                XFTimeout::XFTimeout(int, int, interface::XFBehavior*)
                0x000000000800503c                XFTimeout::XFTimeout(int, int, interface::XFBehavior*)
 .text._ZNK9XFTimeout18deleteAfterConsumeEv
                0x000000000800507c       0x16 ./xf/core/timeout.o
                0x000000000800507c                XFTimeout::deleteAfterConsume() const
 *fill*         0x0000000008005092        0x2 
 .text._ZN9XFTimeoutD2Ev
                0x0000000008005094       0x24 ./xf/core/timeout.o
                0x0000000008005094                XFTimeout::~XFTimeout()
                0x0000000008005094                XFTimeout::~XFTimeout()
 .text._ZN9XFTimeoutD0Ev
                0x00000000080050b8       0x20 ./xf/core/timeout.o
                0x00000000080050b8                XFTimeout::~XFTimeout()
 .text.__tcf_0  0x00000000080050d8       0x10 ./xf/port/common/dispatcher.o
 .text._ZN9interface12XFDispatcher11getInstanceEv
                0x00000000080050e8       0x58 ./xf/port/common/dispatcher.o
                0x00000000080050e8                interface::XFDispatcher::getInstance()
 .text._ZN9interface12XFDispatcherD2Ev
                0x0000000008005140       0x20 ./xf/port/common/dispatcher.o
                0x0000000008005140                interface::XFDispatcher::~XFDispatcher()
                0x0000000008005140                interface::XFDispatcher::~XFDispatcher()
 .text._ZN9interface12XFDispatcherD0Ev
                0x0000000008005160       0x20 ./xf/port/common/dispatcher.o
                0x0000000008005160                interface::XFDispatcher::~XFDispatcher()
 .text._ZN12XFDispatcherD2Ev
                0x0000000008005180       0x30 ./xf/port/common/dispatcher.o
                0x0000000008005180                XFDispatcher::~XFDispatcher()
                0x0000000008005180                XFDispatcher::~XFDispatcher()
 .text._ZN12XFDispatcherD0Ev
                0x00000000080051b0       0x20 ./xf/port/common/dispatcher.o
                0x00000000080051b0                XFDispatcher::~XFDispatcher()
 .text._ZN12XFDispatcher9pushEventEP7XFEvent
                0x00000000080051d0       0x20 ./xf/port/common/dispatcher.o
                0x00000000080051d0                XFDispatcher::pushEvent(XFEvent*)
 .text._ZN12XFDispatcher15scheduleTimeoutEiiPN9interface10XFBehaviorE
                0x00000000080051f0       0x28 ./xf/port/common/dispatcher.o
                0x00000000080051f0                XFDispatcher::scheduleTimeout(int, int, interface::XFBehavior*)
 .text._ZN12XFDispatcher17unscheduleTimeoutEiPN9interface10XFBehaviorE
                0x0000000008005218       0x28 ./xf/port/common/dispatcher.o
                0x0000000008005218                XFDispatcher::unscheduleTimeout(int, interface::XFBehavior*)
 .text._ZN12XFDispatcher11executeOnceEv
                0x0000000008005240       0x4a ./xf/port/common/dispatcher.o
                0x0000000008005240                XFDispatcher::executeOnce()
 .text._ZN12XFDispatcher7executeEPKv
                0x000000000800528a       0x18 ./xf/port/common/dispatcher.o
                0x000000000800528a                XFDispatcher::execute(void const*)
 *fill*         0x00000000080052a2        0x2 
 .text._ZN9interface12XFDispatcherC2Ev
                0x00000000080052a4       0x20 ./xf/port/common/dispatcher.o
                0x00000000080052a4                interface::XFDispatcher::XFDispatcher()
                0x00000000080052a4                interface::XFDispatcher::XFDispatcher()
 .text._ZN12XFDispatcherC2Ev
                0x00000000080052c4       0x30 ./xf/port/common/dispatcher.o
                0x00000000080052c4                XFDispatcher::XFDispatcher()
                0x00000000080052c4                XFDispatcher::XFDispatcher()
 .text._ZNK12XFDispatcher13dispatchEventEPK7XFEvent
                0x00000000080052f4       0x46 ./xf/port/common/dispatcher.o
                0x00000000080052f4                XFDispatcher::dispatchEvent(XFEvent const*) const
 .text._ZnwjPv  0x000000000800533a       0x18 ./xf/port/common/timeoutmanager.o
                0x000000000800533a                operator new(unsigned int, void*)
 .text._ZNSt8__detail17_List_node_headerC2Ev
                0x0000000008005352       0x18 ./xf/port/common/timeoutmanager.o
                0x0000000008005352                std::__detail::_List_node_header::_List_node_header()
                0x0000000008005352                std::__detail::_List_node_header::_List_node_header()
 .text._ZNSt8__detail17_List_node_header7_M_initEv
                0x000000000800536a       0x28 ./xf/port/common/timeoutmanager.o
                0x000000000800536a                std::__detail::_List_node_header::_M_init()
 .text._ZNKSt14_Function_base8_M_emptyEv
                0x0000000008005392       0x22 ./xf/port/common/timeoutmanager.o
                0x0000000008005392                std::_Function_base::_M_empty() const
 .text._ZN9interface16XFTimeoutManager10initializeEl
                0x00000000080053b4       0x1c ./xf/port/common/timeoutmanager.o
                0x00000000080053b4                interface::XFTimeoutManager::initialize(long)
 .text._ZNK9interface16XFTimeoutManager15getTickIntervalEv
                0x00000000080053d0       0x18 ./xf/port/common/timeoutmanager.o
                0x00000000080053d0                interface::XFTimeoutManager::getTickInterval() const
 .text._ZN9interface16XFTimeoutManagerC2Ev
                0x00000000080053e8       0x28 ./xf/port/common/timeoutmanager.o
                0x00000000080053e8                interface::XFTimeoutManager::XFTimeoutManager()
                0x00000000080053e8                interface::XFTimeoutManager::XFTimeoutManager()
 .text._ZN9XFTimeout11setRelTicksEi
                0x0000000008005410       0x1c ./xf/port/common/timeoutmanager.o
                0x0000000008005410                XFTimeout::setRelTicks(int)
 .text._ZNK9XFTimeout11getRelTicksEv
                0x000000000800542c       0x18 ./xf/port/common/timeoutmanager.o
                0x000000000800542c                XFTimeout::getRelTicks() const
 .text._ZN9XFTimeout21substractFromRelTicksEi
                0x0000000008005444       0x22 ./xf/port/common/timeoutmanager.o
                0x0000000008005444                XFTimeout::substractFromRelTicks(int)
 *fill*         0x0000000008005466        0x2 
 .text.__tcf_0  0x0000000008005468       0x10 ./xf/port/common/timeoutmanager.o
 .text._ZN9interface16XFTimeoutManager11getInstanceEv
                0x0000000008005478       0x58 ./xf/port/common/timeoutmanager.o
                0x0000000008005478                interface::XFTimeoutManager::getInstance()
 .text._ZN9interface16XFTimeoutManagerD2Ev
                0x00000000080054d0       0x20 ./xf/port/common/timeoutmanager.o
                0x00000000080054d0                interface::XFTimeoutManager::~XFTimeoutManager()
                0x00000000080054d0                interface::XFTimeoutManager::~XFTimeoutManager()
 .text._ZN9interface16XFTimeoutManagerD0Ev
                0x00000000080054f0       0x20 ./xf/port/common/timeoutmanager.o
                0x00000000080054f0                interface::XFTimeoutManager::~XFTimeoutManager()
 .text._ZNSt7__cxx114listIP9XFTimeoutSaIS2_EED2Ev
                0x0000000008005510       0x1a ./xf/port/common/timeoutmanager.o
                0x0000000008005510                std::__cxx11::list<XFTimeout*, std::allocator<XFTimeout*> >::~list()
                0x0000000008005510                std::__cxx11::list<XFTimeout*, std::allocator<XFTimeout*> >::~list()
 *fill*         0x000000000800552a        0x2 
 .text._ZN16XFTimeoutManagerD2Ev
                0x000000000800552c       0x30 ./xf/port/common/timeoutmanager.o
                0x000000000800552c                XFTimeoutManager::~XFTimeoutManager()
                0x000000000800552c                XFTimeoutManager::~XFTimeoutManager()
 .text._ZN16XFTimeoutManagerD0Ev
                0x000000000800555c       0x20 ./xf/port/common/timeoutmanager.o
                0x000000000800555c                XFTimeoutManager::~XFTimeoutManager()
 .text._ZN16XFTimeoutManager5startESt8functionIFvmEE
                0x000000000800557c       0x1e ./xf/port/common/timeoutmanager.o
                0x000000000800557c                XFTimeoutManager::start(std::function<void (unsigned long)>)
 .text._ZN16XFTimeoutManager15scheduleTimeoutEllPN9interface10XFBehaviorE
                0x000000000800559a       0x5c ./xf/port/common/timeoutmanager.o
                0x000000000800559a                XFTimeoutManager::scheduleTimeout(long, long, interface::XFBehavior*)
 .text._ZN16XFTimeoutManager17unscheduleTimeoutElPN9interface10XFBehaviorE
                0x00000000080055f6       0xcc ./xf/port/common/timeoutmanager.o
                0x00000000080055f6                XFTimeoutManager::unscheduleTimeout(long, interface::XFBehavior*)
 .text._ZN16XFTimeoutManager4tickEv
                0x00000000080056c2      0x114 ./xf/port/common/timeoutmanager.o
                0x00000000080056c2                XFTimeoutManager::tick()
 .text._ZNSt7__cxx1110_List_baseIP9XFTimeoutSaIS2_EE10_List_implD2Ev
                0x00000000080057d6       0x18 ./xf/port/common/timeoutmanager.o
                0x00000000080057d6                std::__cxx11::_List_base<XFTimeout*, std::allocator<XFTimeout*> >::_List_impl::~_List_impl()
                0x00000000080057d6                std::__cxx11::_List_base<XFTimeout*, std::allocator<XFTimeout*> >::_List_impl::~_List_impl()
 .text._ZNSt7__cxx1110_List_baseIP9XFTimeoutSaIS2_EEC2Ev
                0x00000000080057ee       0x1a ./xf/port/common/timeoutmanager.o
                0x00000000080057ee                std::__cxx11::_List_base<XFTimeout*, std::allocator<XFTimeout*> >::_List_base()
                0x00000000080057ee                std::__cxx11::_List_base<XFTimeout*, std::allocator<XFTimeout*> >::_List_base()
 .text._ZNSt7__cxx114listIP9XFTimeoutSaIS2_EEC2Ev
                0x0000000008005808       0x1a ./xf/port/common/timeoutmanager.o
                0x0000000008005808                std::__cxx11::list<XFTimeout*, std::allocator<XFTimeout*> >::list()
                0x0000000008005808                std::__cxx11::list<XFTimeout*, std::allocator<XFTimeout*> >::list()
 *fill*         0x0000000008005822        0x2 
 .text._ZN16XFTimeoutManagerC2Ev
                0x0000000008005824       0x38 ./xf/port/common/timeoutmanager.o
                0x0000000008005824                XFTimeoutManager::XFTimeoutManager()
                0x0000000008005824                XFTimeoutManager::XFTimeoutManager()
 .text._ZN16XFTimeoutManager10addTimeoutEP9XFTimeout
                0x000000000800585c      0x18e ./xf/port/common/timeoutmanager.o
                0x000000000800585c                XFTimeoutManager::addTimeout(XFTimeout*)
 .text._ZN16XFTimeoutManager13returnTimeoutEP9XFTimeout
                0x00000000080059ea       0x28 ./xf/port/common/timeoutmanager.o
                0x00000000080059ea                XFTimeoutManager::returnTimeout(XFTimeout*)
 .text._ZNSt7__cxx1110_List_baseIP9XFTimeoutSaIS2_EED2Ev
                0x0000000008005a12       0x20 ./xf/port/common/timeoutmanager.o
                0x0000000008005a12                std::__cxx11::_List_base<XFTimeout*, std::allocator<XFTimeout*> >::~_List_base()
                0x0000000008005a12                std::__cxx11::_List_base<XFTimeout*, std::allocator<XFTimeout*> >::~_List_base()
 .text._ZNKSt8functionIFvmEEclEm
                0x0000000008005a32       0x3a ./xf/port/common/timeoutmanager.o
                0x0000000008005a32                std::function<void (unsigned long)>::operator()(unsigned long) const
 .text._ZNSt14_List_iteratorIP9XFTimeoutEC2Ev
                0x0000000008005a6c       0x1c ./xf/port/common/timeoutmanager.o
                0x0000000008005a6c                std::_List_iterator<XFTimeout*>::_List_iterator()
                0x0000000008005a6c                std::_List_iterator<XFTimeout*>::_List_iterator()
 .text._ZNSt7__cxx114listIP9XFTimeoutSaIS2_EE5beginEv
                0x0000000008005a88       0x22 ./xf/port/common/timeoutmanager.o
                0x0000000008005a88                std::__cxx11::list<XFTimeout*, std::allocator<XFTimeout*> >::begin()
 .text._ZNSt7__cxx114listIP9XFTimeoutSaIS2_EE3endEv
                0x0000000008005aaa       0x20 ./xf/port/common/timeoutmanager.o
                0x0000000008005aaa                std::__cxx11::list<XFTimeout*, std::allocator<XFTimeout*> >::end()
 .text._ZStneRKSt14_List_iteratorIP9XFTimeoutES4_
                0x0000000008005aca       0x28 ./xf/port/common/timeoutmanager.o
                0x0000000008005aca                std::operator!=(std::_List_iterator<XFTimeout*> const&, std::_List_iterator<XFTimeout*> const&)
 .text._ZNSt14_List_iteratorIP9XFTimeoutEppEi
                0x0000000008005af2       0x28 ./xf/port/common/timeoutmanager.o
                0x0000000008005af2                std::_List_iterator<XFTimeout*>::operator++(int)
 .text._ZNKSt14_List_iteratorIP9XFTimeoutEdeEv
                0x0000000008005b1a       0x1c ./xf/port/common/timeoutmanager.o
                0x0000000008005b1a                std::_List_iterator<XFTimeout*>::operator*() const
 .text._ZNSt20_List_const_iteratorIP9XFTimeoutEC2ERKSt14_List_iteratorIS1_E
                0x0000000008005b36       0x20 ./xf/port/common/timeoutmanager.o
                0x0000000008005b36                std::_List_const_iterator<XFTimeout*>::_List_const_iterator(std::_List_iterator<XFTimeout*> const&)
                0x0000000008005b36                std::_List_const_iterator<XFTimeout*>::_List_const_iterator(std::_List_iterator<XFTimeout*> const&)
 .text._ZNSt7__cxx114listIP9XFTimeoutSaIS2_EE5eraseESt20_List_const_iteratorIS2_E
                0x0000000008005b56       0x36 ./xf/port/common/timeoutmanager.o
                0x0000000008005b56                std::__cxx11::list<XFTimeout*, std::allocator<XFTimeout*> >::erase(std::_List_const_iterator<XFTimeout*>)
 .text._ZNKSt7__cxx114listIP9XFTimeoutSaIS2_EE5emptyEv
                0x0000000008005b8c       0x24 ./xf/port/common/timeoutmanager.o
                0x0000000008005b8c                std::__cxx11::list<XFTimeout*, std::allocator<XFTimeout*> >::empty() const
 .text._ZNSt7__cxx1110_List_baseIP9XFTimeoutSaIS2_EE10_List_implC2Ev
                0x0000000008005bb0       0x20 ./xf/port/common/timeoutmanager.o
                0x0000000008005bb0                std::__cxx11::_List_base<XFTimeout*, std::allocator<XFTimeout*> >::_List_impl::_List_impl()
                0x0000000008005bb0                std::__cxx11::_List_base<XFTimeout*, std::allocator<XFTimeout*> >::_List_impl::_List_impl()
 .text._ZNSaISt10_List_nodeIP9XFTimeoutEED2Ev
                0x0000000008005bd0       0x18 ./xf/port/common/timeoutmanager.o
                0x0000000008005bd0                std::allocator<std::_List_node<XFTimeout*> >::~allocator()
                0x0000000008005bd0                std::allocator<std::_List_node<XFTimeout*> >::~allocator()
 .text._ZNSt7__cxx114listIP9XFTimeoutSaIS2_EE6insertESt20_List_const_iteratorIS2_ERKS2_
                0x0000000008005be8       0x4c ./xf/port/common/timeoutmanager.o
                0x0000000008005be8                std::__cxx11::list<XFTimeout*, std::allocator<XFTimeout*> >::insert(std::_List_const_iterator<XFTimeout*>, XFTimeout* const&)
 .text._ZNSt7__cxx114listIP9XFTimeoutSaIS2_EE9push_backERKS2_
                0x0000000008005c34       0x24 ./xf/port/common/timeoutmanager.o
                0x0000000008005c34                std::__cxx11::list<XFTimeout*, std::allocator<XFTimeout*> >::push_back(XFTimeout* const&)
 .text._ZNSt7__cxx114listIP9XFTimeoutSaIS2_EE10push_frontERKS2_
                0x0000000008005c58       0x24 ./xf/port/common/timeoutmanager.o
                0x0000000008005c58                std::__cxx11::list<XFTimeout*, std::allocator<XFTimeout*> >::push_front(XFTimeout* const&)
 .text._ZNSt7__cxx1110_List_baseIP9XFTimeoutSaIS2_EE8_M_clearEv
                0x0000000008005c7c       0x4c ./xf/port/common/timeoutmanager.o
                0x0000000008005c7c                std::__cxx11::_List_base<XFTimeout*, std::allocator<XFTimeout*> >::_M_clear()
 .text._ZSt7forwardImEOT_RNSt16remove_referenceIS0_E4typeE
                0x0000000008005cc8       0x16 ./xf/port/common/timeoutmanager.o
                0x0000000008005cc8                unsigned long&& std::forward<unsigned long>(std::remove_reference<unsigned long>::type&)
 .text._ZNSt14_List_iteratorIP9XFTimeoutEC2EPNSt8__detail15_List_node_baseE
                0x0000000008005cde       0x1e ./xf/port/common/timeoutmanager.o
                0x0000000008005cde                std::_List_iterator<XFTimeout*>::_List_iterator(std::__detail::_List_node_base*)
                0x0000000008005cde                std::_List_iterator<XFTimeout*>::_List_iterator(std::__detail::_List_node_base*)
 .text._ZNSt10_List_nodeIP9XFTimeoutE9_M_valptrEv
                0x0000000008005cfc       0x1c ./xf/port/common/timeoutmanager.o
                0x0000000008005cfc                std::_List_node<XFTimeout*>::_M_valptr()
 .text._ZNSt7__cxx114listIP9XFTimeoutSaIS2_EE8_M_eraseESt14_List_iteratorIS2_E
                0x0000000008005d18       0x4c ./xf/port/common/timeoutmanager.o
                0x0000000008005d18                std::__cxx11::list<XFTimeout*, std::allocator<XFTimeout*> >::_M_erase(std::_List_iterator<XFTimeout*>)
 .text._ZNKSt20_List_const_iteratorIP9XFTimeoutE13_M_const_castEv
                0x0000000008005d64       0x22 ./xf/port/common/timeoutmanager.o
                0x0000000008005d64                std::_List_const_iterator<XFTimeout*>::_M_const_cast() const
 .text._ZNSaISt10_List_nodeIP9XFTimeoutEEC2Ev
                0x0000000008005d86       0x18 ./xf/port/common/timeoutmanager.o
                0x0000000008005d86                std::allocator<std::_List_node<XFTimeout*> >::allocator()
                0x0000000008005d86                std::allocator<std::_List_node<XFTimeout*> >::allocator()
 .text._ZN9__gnu_cxx13new_allocatorISt10_List_nodeIP9XFTimeoutEED2Ev
                0x0000000008005d9e       0x16 ./xf/port/common/timeoutmanager.o
                0x0000000008005d9e                __gnu_cxx::new_allocator<std::_List_node<XFTimeout*> >::~new_allocator()
                0x0000000008005d9e                __gnu_cxx::new_allocator<std::_List_node<XFTimeout*> >::~new_allocator()
 .text._ZNSt7__cxx114listIP9XFTimeoutSaIS2_EE14_M_create_nodeIJRKS2_EEEPSt10_List_nodeIS2_EDpOT_
                0x0000000008005db4       0x68 ./xf/port/common/timeoutmanager.o
                0x0000000008005db4                std::_List_node<XFTimeout*>* std::__cxx11::list<XFTimeout*, std::allocator<XFTimeout*> >::_M_create_node<XFTimeout* const&>(XFTimeout* const&)
 .text._ZNSt7__cxx1110_List_baseIP9XFTimeoutSaIS2_EE11_M_inc_sizeEj
                0x0000000008005e1c       0x22 ./xf/port/common/timeoutmanager.o
                0x0000000008005e1c                std::__cxx11::_List_base<XFTimeout*, std::allocator<XFTimeout*> >::_M_inc_size(unsigned int)
 .text._ZNSt7__cxx114listIP9XFTimeoutSaIS2_EE9_M_insertIJRKS2_EEEvSt14_List_iteratorIS2_EDpOT_
                0x0000000008005e3e       0x3c ./xf/port/common/timeoutmanager.o
                0x0000000008005e3e                void std::__cxx11::list<XFTimeout*, std::allocator<XFTimeout*> >::_M_insert<XFTimeout* const&>(std::_List_iterator<XFTimeout*>, XFTimeout* const&)
 .text._ZNSt7__cxx1110_List_baseIP9XFTimeoutSaIS2_EE21_M_get_Node_allocatorEv
                0x0000000008005e7a       0x16 ./xf/port/common/timeoutmanager.o
                0x0000000008005e7a                std::__cxx11::_List_base<XFTimeout*, std::allocator<XFTimeout*> >::_M_get_Node_allocator()
 .text._ZNSt16allocator_traitsISaISt10_List_nodeIP9XFTimeoutEEE7destroyIS2_EEvRS4_PT_
                0x0000000008005e90       0x1a ./xf/port/common/timeoutmanager.o
                0x0000000008005e90                void std::allocator_traits<std::allocator<std::_List_node<XFTimeout*> > >::destroy<XFTimeout*>(std::allocator<std::_List_node<XFTimeout*> >&, XFTimeout**)
 .text._ZNSt7__cxx1110_List_baseIP9XFTimeoutSaIS2_EE11_M_put_nodeEPSt10_List_nodeIS2_E
                0x0000000008005eaa       0x1e ./xf/port/common/timeoutmanager.o
                0x0000000008005eaa                std::__cxx11::_List_base<XFTimeout*, std::allocator<XFTimeout*> >::_M_put_node(std::_List_node<XFTimeout*>*)
 .text._ZN9__gnu_cxx16__aligned_membufIP9XFTimeoutE6_M_ptrEv
                0x0000000008005ec8       0x18 ./xf/port/common/timeoutmanager.o
                0x0000000008005ec8                __gnu_cxx::__aligned_membuf<XFTimeout*>::_M_ptr()
 .text._ZNSt7__cxx1110_List_baseIP9XFTimeoutSaIS2_EE11_M_dec_sizeEj
                0x0000000008005ee0       0x22 ./xf/port/common/timeoutmanager.o
                0x0000000008005ee0                std::__cxx11::_List_base<XFTimeout*, std::allocator<XFTimeout*> >::_M_dec_size(unsigned int)
 .text._ZN9__gnu_cxx13new_allocatorISt10_List_nodeIP9XFTimeoutEEC2Ev
                0x0000000008005f02       0x16 ./xf/port/common/timeoutmanager.o
                0x0000000008005f02                __gnu_cxx::new_allocator<std::_List_node<XFTimeout*> >::new_allocator()
                0x0000000008005f02                __gnu_cxx::new_allocator<std::_List_node<XFTimeout*> >::new_allocator()
 .text._ZNSt7__cxx1110_List_baseIP9XFTimeoutSaIS2_EE11_M_get_nodeEv
                0x0000000008005f18       0x1c ./xf/port/common/timeoutmanager.o
                0x0000000008005f18                std::__cxx11::_List_base<XFTimeout*, std::allocator<XFTimeout*> >::_M_get_node()
 .text._ZNSt15__allocated_ptrISaISt10_List_nodeIP9XFTimeoutEEEC2ERS4_PS3_
                0x0000000008005f34       0x28 ./xf/port/common/timeoutmanager.o
                0x0000000008005f34                std::__allocated_ptr<std::allocator<std::_List_node<XFTimeout*> > >::__allocated_ptr(std::allocator<std::_List_node<XFTimeout*> >&, std::_List_node<XFTimeout*>*)
                0x0000000008005f34                std::__allocated_ptr<std::allocator<std::_List_node<XFTimeout*> > >::__allocated_ptr(std::allocator<std::_List_node<XFTimeout*> >&, std::_List_node<XFTimeout*>*)
 .text._ZNSt15__allocated_ptrISaISt10_List_nodeIP9XFTimeoutEEED2Ev
                0x0000000008005f5c       0x2a ./xf/port/common/timeoutmanager.o
                0x0000000008005f5c                std::__allocated_ptr<std::allocator<std::_List_node<XFTimeout*> > >::~__allocated_ptr()
                0x0000000008005f5c                std::__allocated_ptr<std::allocator<std::_List_node<XFTimeout*> > >::~__allocated_ptr()
 .text._ZSt7forwardIRKP9XFTimeoutEOT_RNSt16remove_referenceIS4_E4typeE
                0x0000000008005f86       0x16 ./xf/port/common/timeoutmanager.o
                0x0000000008005f86                XFTimeout* const& std::forward<XFTimeout* const&>(std::remove_reference<XFTimeout* const&>::type&)
 .text._ZNSt16allocator_traitsISaISt10_List_nodeIP9XFTimeoutEEE9constructIS2_JRKS2_EEEvRS4_PT_DpOT0_
                0x0000000008005f9c       0x26 ./xf/port/common/timeoutmanager.o
                0x0000000008005f9c                void std::allocator_traits<std::allocator<std::_List_node<XFTimeout*> > >::construct<XFTimeout*, XFTimeout* const&>(std::allocator<std::_List_node<XFTimeout*> >&, XFTimeout**, XFTimeout* const&)
 .text._ZNSt15__allocated_ptrISaISt10_List_nodeIP9XFTimeoutEEEaSEDn
                0x0000000008005fc2       0x1e ./xf/port/common/timeoutmanager.o
                0x0000000008005fc2                std::__allocated_ptr<std::allocator<std::_List_node<XFTimeout*> > >::operator=(decltype(nullptr))
 .text._ZN9__gnu_cxx13new_allocatorISt10_List_nodeIP9XFTimeoutEE7destroyIS3_EEvPT_
                0x0000000008005fe0       0x16 ./xf/port/common/timeoutmanager.o
                0x0000000008005fe0                void __gnu_cxx::new_allocator<std::_List_node<XFTimeout*> >::destroy<XFTimeout*>(XFTimeout**)
 .text._ZNSt16allocator_traitsISaISt10_List_nodeIP9XFTimeoutEEE10deallocateERS4_PS3_j
                0x0000000008005ff6       0x1e ./xf/port/common/timeoutmanager.o
                0x0000000008005ff6                std::allocator_traits<std::allocator<std::_List_node<XFTimeout*> > >::deallocate(std::allocator<std::_List_node<XFTimeout*> >&, std::_List_node<XFTimeout*>*, unsigned int)
 .text._ZN9__gnu_cxx16__aligned_membufIP9XFTimeoutE7_M_addrEv
                0x0000000008006014       0x16 ./xf/port/common/timeoutmanager.o
                0x0000000008006014                __gnu_cxx::__aligned_membuf<XFTimeout*>::_M_addr()
 .text._ZNSt16allocator_traitsISaISt10_List_nodeIP9XFTimeoutEEE8allocateERS4_j
                0x000000000800602a       0x1e ./xf/port/common/timeoutmanager.o
                0x000000000800602a                std::allocator_traits<std::allocator<std::_List_node<XFTimeout*> > >::allocate(std::allocator<std::_List_node<XFTimeout*> >&, unsigned int)
 .text._ZSt11__addressofISaISt10_List_nodeIP9XFTimeoutEEEPT_RS5_
                0x0000000008006048       0x16 ./xf/port/common/timeoutmanager.o
                0x0000000008006048                std::allocator<std::_List_node<XFTimeout*> >* std::__addressof<std::allocator<std::_List_node<XFTimeout*> > >(std::allocator<std::_List_node<XFTimeout*> >&)
 .text._ZN9__gnu_cxx13new_allocatorISt10_List_nodeIP9XFTimeoutEE9constructIS3_JRKS3_EEEvPT_DpOT0_
                0x000000000800605e       0x2c ./xf/port/common/timeoutmanager.o
                0x000000000800605e                void __gnu_cxx::new_allocator<std::_List_node<XFTimeout*> >::construct<XFTimeout*, XFTimeout* const&>(XFTimeout**, XFTimeout* const&)
 .text._ZN9__gnu_cxx13new_allocatorISt10_List_nodeIP9XFTimeoutEE10deallocateEPS4_j
                0x000000000800608a       0x26 ./xf/port/common/timeoutmanager.o
                0x000000000800608a                __gnu_cxx::new_allocator<std::_List_node<XFTimeout*> >::deallocate(std::_List_node<XFTimeout*>*, unsigned int)
 .text._ZNK9__gnu_cxx13new_allocatorISt10_List_nodeIP9XFTimeoutEE11_M_max_sizeEv
                0x00000000080060b0       0x1c ./xf/port/common/timeoutmanager.o
                0x00000000080060b0                __gnu_cxx::new_allocator<std::_List_node<XFTimeout*> >::_M_max_size() const
 .text._ZN9__gnu_cxx13new_allocatorISt10_List_nodeIP9XFTimeoutEE8allocateEjPKv
                0x00000000080060cc       0x5c ./xf/port/common/timeoutmanager.o
                0x00000000080060cc                __gnu_cxx::new_allocator<std::_List_node<XFTimeout*> >::allocate(unsigned int, void const*)
 .text.XF_tick  0x0000000008006128       0x34 ./xf/port/idf-stm32/c-wrapper-functions.o
                0x0000000008006128                XF_tick
 .text.XF_tickIntervalInMilliseconds
                0x000000000800615c       0x1a ./xf/port/idf-stm32/c-wrapper-functions.o
                0x000000000800615c                XF_tickIntervalInMilliseconds
 .text.XF_isRunning
                0x0000000008006176        0xe ./xf/port/idf-stm32/c-wrapper-functions.o
                0x0000000008006176                XF_isRunning
 .text._ZSt16__deque_buf_sizej
                0x0000000008006184       0x2a ./xf/port/idf-stm32/eventqueue.o
                0x0000000008006184                std::__deque_buf_size(unsigned int)
 .text._ZN12XFEventQueue4pendEv
                0x00000000080061ae       0x16 ./xf/port/idf-stm32/eventqueue.o
                0x00000000080061ae                XFEventQueue::pend()
 .text._ZN9interface12XFEventQueueC2Ev
                0x00000000080061c4       0x20 ./xf/port/idf-stm32/eventqueue.o
                0x00000000080061c4                interface::XFEventQueue::XFEventQueue()
                0x00000000080061c4                interface::XFEventQueue::XFEventQueue()
 .text._ZN9interface12XFEventQueueD2Ev
                0x00000000080061e4       0x20 ./xf/port/idf-stm32/eventqueue.o
                0x00000000080061e4                interface::XFEventQueue::~XFEventQueue()
                0x00000000080061e4                interface::XFEventQueue::~XFEventQueue()
 .text._ZN9interface12XFEventQueueD0Ev
                0x0000000008006204       0x20 ./xf/port/idf-stm32/eventqueue.o
                0x0000000008006204                interface::XFEventQueue::~XFEventQueue()
 .text._ZN9interface7XFMutexC2Ev
                0x0000000008006224       0x20 ./xf/port/idf-stm32/eventqueue.o
                0x0000000008006224                interface::XFMutex::XFMutex()
                0x0000000008006224                interface::XFMutex::XFMutex()
 .text._ZN9interface7XFMutexD2Ev
                0x0000000008006244       0x20 ./xf/port/idf-stm32/eventqueue.o
                0x0000000008006244                interface::XFMutex::~XFMutex()
                0x0000000008006244                interface::XFMutex::~XFMutex()
 .text._ZN9interface7XFMutexD0Ev
                0x0000000008006264       0x20 ./xf/port/idf-stm32/eventqueue.o
                0x0000000008006264                interface::XFMutex::~XFMutex()
 .text._ZN7XFMutexC2Ev
                0x0000000008006284       0x24 ./xf/port/idf-stm32/eventqueue.o
                0x0000000008006284                XFMutex::XFMutex()
                0x0000000008006284                XFMutex::XFMutex()
 .text._ZNSt5queueIPK7XFEventSt5dequeIS2_SaIS2_EEED2Ev
                0x00000000080062a8       0x1a ./xf/port/idf-stm32/eventqueue.o
                0x00000000080062a8                std::queue<XFEvent const*, std::deque<XFEvent const*, std::allocator<XFEvent const*> > >::~queue()
                0x00000000080062a8                std::queue<XFEvent const*, std::deque<XFEvent const*, std::allocator<XFEvent const*> > >::~queue()
 *fill*         0x00000000080062c2        0x2 
 .text._ZN12XFEventQueueC2Ev
                0x00000000080062c4       0x38 ./xf/port/idf-stm32/eventqueue.o
                0x00000000080062c4                XFEventQueue::XFEventQueue()
                0x00000000080062c4                XFEventQueue::XFEventQueue()
 .text._ZN12XFEventQueueD2Ev
                0x00000000080062fc       0x38 ./xf/port/idf-stm32/eventqueue.o
                0x00000000080062fc                XFEventQueue::~XFEventQueue()
                0x00000000080062fc                XFEventQueue::~XFEventQueue()
 .text._ZN12XFEventQueueD0Ev
                0x0000000008006334       0x20 ./xf/port/idf-stm32/eventqueue.o
                0x0000000008006334                XFEventQueue::~XFEventQueue()
 .text._ZNK12XFEventQueue5emptyEv
                0x0000000008006354       0x1c ./xf/port/idf-stm32/eventqueue.o
                0x0000000008006354                XFEventQueue::empty() const
 .text._ZN12XFEventQueue4pushEPK7XFEventb
                0x0000000008006370       0x48 ./xf/port/idf-stm32/eventqueue.o
                0x0000000008006370                XFEventQueue::push(XFEvent const*, bool)
 .text._ZN12XFEventQueue5frontEv
                0x00000000080063b8       0x1e ./xf/port/idf-stm32/eventqueue.o
                0x00000000080063b8                XFEventQueue::front()
 .text._ZN12XFEventQueue3popEv
                0x00000000080063d6       0x1a ./xf/port/idf-stm32/eventqueue.o
                0x00000000080063d6                XFEventQueue::pop()
 .text._ZNSt5dequeIPK7XFEventSaIS2_EEC2Ev
                0x00000000080063f0       0x1a ./xf/port/idf-stm32/eventqueue.o
                0x00000000080063f0                std::deque<XFEvent const*, std::allocator<XFEvent const*> >::deque()
                0x00000000080063f0                std::deque<XFEvent const*, std::allocator<XFEvent const*> >::deque()
 .text._ZNSt5queueIPK7XFEventSt5dequeIS2_SaIS2_EEEC2IS5_vEEv
                0x000000000800640a       0x28 ./xf/port/idf-stm32/eventqueue.o
                0x000000000800640a                std::queue<XFEvent const*, std::deque<XFEvent const*, std::allocator<XFEvent const*> > >::queue<std::deque<XFEvent const*, std::allocator<XFEvent const*> >, void>()
                0x000000000800640a                std::queue<XFEvent const*, std::deque<XFEvent const*, std::allocator<XFEvent const*> > >::queue<std::deque<XFEvent const*, std::allocator<XFEvent const*> >, void>()
 .text._ZNSt5dequeIPK7XFEventSaIS2_EED2Ev
                0x0000000008006432       0x4a ./xf/port/idf-stm32/eventqueue.o
                0x0000000008006432                std::deque<XFEvent const*, std::allocator<XFEvent const*> >::~deque()
                0x0000000008006432                std::deque<XFEvent const*, std::allocator<XFEvent const*> >::~deque()
 .text._ZNKSt5queueIPK7XFEventSt5dequeIS2_SaIS2_EEE5emptyEv
                0x000000000800647c       0x1a ./xf/port/idf-stm32/eventqueue.o
                0x000000000800647c                std::queue<XFEvent const*, std::deque<XFEvent const*, std::allocator<XFEvent const*> > >::empty() const
 .text._ZNSt5queueIPK7XFEventSt5dequeIS2_SaIS2_EEE4pushERKS2_
                0x0000000008006496       0x1c ./xf/port/idf-stm32/eventqueue.o
                0x0000000008006496                std::queue<XFEvent const*, std::deque<XFEvent const*, std::allocator<XFEvent const*> > >::push(XFEvent const* const&)
 .text._ZNSt5queueIPK7XFEventSt5dequeIS2_SaIS2_EEE5frontEv
                0x00000000080064b2       0x1a ./xf/port/idf-stm32/eventqueue.o
                0x00000000080064b2                std::queue<XFEvent const*, std::deque<XFEvent const*, std::allocator<XFEvent const*> > >::front()
 .text._ZNSt5queueIPK7XFEventSt5dequeIS2_SaIS2_EEE3popEv
                0x00000000080064cc       0x18 ./xf/port/idf-stm32/eventqueue.o
                0x00000000080064cc                std::queue<XFEvent const*, std::deque<XFEvent const*, std::allocator<XFEvent const*> > >::pop()
 .text._ZNSt11_Deque_baseIPK7XFEventSaIS2_EE11_Deque_implD2Ev
                0x00000000080064e4       0x18 ./xf/port/idf-stm32/eventqueue.o
                0x00000000080064e4                std::_Deque_base<XFEvent const*, std::allocator<XFEvent const*> >::_Deque_impl::~_Deque_impl()
                0x00000000080064e4                std::_Deque_base<XFEvent const*, std::allocator<XFEvent const*> >::_Deque_impl::~_Deque_impl()
 .text._ZNSt11_Deque_baseIPK7XFEventSaIS2_EEC2Ev
                0x00000000080064fc       0x22 ./xf/port/idf-stm32/eventqueue.o
                0x00000000080064fc                std::_Deque_base<XFEvent const*, std::allocator<XFEvent const*> >::_Deque_base()
                0x00000000080064fc                std::_Deque_base<XFEvent const*, std::allocator<XFEvent const*> >::_Deque_base()
 .text._ZNSt11_Deque_baseIPK7XFEventSaIS2_EED2Ev
                0x000000000800651e       0x44 ./xf/port/idf-stm32/eventqueue.o
                0x000000000800651e                std::_Deque_base<XFEvent const*, std::allocator<XFEvent const*> >::~_Deque_base()
                0x000000000800651e                std::_Deque_base<XFEvent const*, std::allocator<XFEvent const*> >::~_Deque_base()
 .text._ZNSt5dequeIPK7XFEventSaIS2_EE5beginEv
                0x0000000008006562       0x1e ./xf/port/idf-stm32/eventqueue.o
                0x0000000008006562                std::deque<XFEvent const*, std::allocator<XFEvent const*> >::begin()
 .text._ZNSt5dequeIPK7XFEventSaIS2_EE3endEv
                0x0000000008006580       0x1e ./xf/port/idf-stm32/eventqueue.o
                0x0000000008006580                std::deque<XFEvent const*, std::allocator<XFEvent const*> >::end()
 .text._ZNSt11_Deque_baseIPK7XFEventSaIS2_EE19_M_get_Tp_allocatorEv
                0x000000000800659e       0x16 ./xf/port/idf-stm32/eventqueue.o
                0x000000000800659e                std::_Deque_base<XFEvent const*, std::allocator<XFEvent const*> >::_M_get_Tp_allocator()
 .text._ZNSt15_Deque_iteratorIPK7XFEventRS2_PS2_EC2ERKS5_
                0x00000000080065b4       0x38 ./xf/port/idf-stm32/eventqueue.o
                0x00000000080065b4                std::_Deque_iterator<XFEvent const*, XFEvent const*&, XFEvent const**>::_Deque_iterator(std::_Deque_iterator<XFEvent const*, XFEvent const*&, XFEvent const**> const&)
                0x00000000080065b4                std::_Deque_iterator<XFEvent const*, XFEvent const*&, XFEvent const**>::_Deque_iterator(std::_Deque_iterator<XFEvent const*, XFEvent const*&, XFEvent const**> const&)
 .text._ZNSt5dequeIPK7XFEventSaIS2_EE15_M_destroy_dataESt15_Deque_iteratorIS2_RS2_PS2_ES8_RKS3_
                0x00000000080065ec       0x1a ./xf/port/idf-stm32/eventqueue.o
                0x00000000080065ec                std::deque<XFEvent const*, std::allocator<XFEvent const*> >::_M_destroy_data(std::_Deque_iterator<XFEvent const*, XFEvent const*&, XFEvent const**>, std::_Deque_iterator<XFEvent const*, XFEvent const*&, XFEvent const**>, std::allocator<XFEvent const*> const&)
 .text._ZNKSt5dequeIPK7XFEventSaIS2_EE5emptyEv
                0x0000000008006606       0x24 ./xf/port/idf-stm32/eventqueue.o
                0x0000000008006606                std::deque<XFEvent const*, std::allocator<XFEvent const*> >::empty() const
 .text._ZNSt5dequeIPK7XFEventSaIS2_EE9push_backERKS2_
                0x000000000800662a       0x42 ./xf/port/idf-stm32/eventqueue.o
                0x000000000800662a                std::deque<XFEvent const*, std::allocator<XFEvent const*> >::push_back(XFEvent const* const&)
 .text._ZNSt5dequeIPK7XFEventSaIS2_EE5frontEv
                0x000000000800666c       0x28 ./xf/port/idf-stm32/eventqueue.o
                0x000000000800666c                std::deque<XFEvent const*, std::allocator<XFEvent const*> >::front()
 .text._ZNSt5dequeIPK7XFEventSaIS2_EE9pop_frontEv
                0x0000000008006694       0x46 ./xf/port/idf-stm32/eventqueue.o
                0x0000000008006694                std::deque<XFEvent const*, std::allocator<XFEvent const*> >::pop_front()
 .text._ZNSt11_Deque_baseIPK7XFEventSaIS2_EE11_Deque_implC2Ev
                0x00000000080066da       0x20 ./xf/port/idf-stm32/eventqueue.o
                0x00000000080066da                std::_Deque_base<XFEvent const*, std::allocator<XFEvent const*> >::_Deque_impl::_Deque_impl()
                0x00000000080066da                std::_Deque_base<XFEvent const*, std::allocator<XFEvent const*> >::_Deque_impl::_Deque_impl()
 .text._ZNSaIPK7XFEventED2Ev
                0x00000000080066fa       0x18 ./xf/port/idf-stm32/eventqueue.o
                0x00000000080066fa                std::allocator<XFEvent const*>::~allocator()
                0x00000000080066fa                std::allocator<XFEvent const*>::~allocator()
 .text._ZNSt11_Deque_baseIPK7XFEventSaIS2_EE17_M_initialize_mapEj
                0x0000000008006712       0xc6 ./xf/port/idf-stm32/eventqueue.o
                0x0000000008006712                std::_Deque_base<XFEvent const*, std::allocator<XFEvent const*> >::_M_initialize_map(unsigned int)
 .text._ZNSt11_Deque_baseIPK7XFEventSaIS2_EE16_M_destroy_nodesEPPS2_S6_
                0x00000000080067d8       0x36 ./xf/port/idf-stm32/eventqueue.o
                0x00000000080067d8                std::_Deque_base<XFEvent const*, std::allocator<XFEvent const*> >::_M_destroy_nodes(XFEvent const***, XFEvent const***)
 .text._ZNSt11_Deque_baseIPK7XFEventSaIS2_EE17_M_deallocate_mapEPPS2_j
                0x000000000800680e       0x36 ./xf/port/idf-stm32/eventqueue.o
                0x000000000800680e                std::_Deque_base<XFEvent const*, std::allocator<XFEvent const*> >::_M_deallocate_map(XFEvent const***, unsigned int)
 .text._ZSteqRKSt15_Deque_iteratorIPK7XFEventRS2_PS2_ES7_
                0x0000000008006844       0x28 ./xf/port/idf-stm32/eventqueue.o
                0x0000000008006844                std::operator==(std::_Deque_iterator<XFEvent const*, XFEvent const*&, XFEvent const**> const&, std::_Deque_iterator<XFEvent const*, XFEvent const*&, XFEvent const**> const&)
 .text._ZNSt16allocator_traitsISaIPK7XFEventEE9constructIS2_JRKS2_EEEvRS3_PT_DpOT0_
                0x000000000800686c       0x26 ./xf/port/idf-stm32/eventqueue.o
                0x000000000800686c                void std::allocator_traits<std::allocator<XFEvent const*> >::construct<XFEvent const*, XFEvent const* const&>(std::allocator<XFEvent const*>&, XFEvent const**, XFEvent const* const&)
 *fill*         0x0000000008006892        0x2 
 .text._ZNSt5dequeIPK7XFEventSaIS2_EE16_M_push_back_auxIJRKS2_EEEvDpOT_
                0x0000000008006894       0x88 ./xf/port/idf-stm32/eventqueue.o
                0x0000000008006894                void std::deque<XFEvent const*, std::allocator<XFEvent const*> >::_M_push_back_aux<XFEvent const* const&>(XFEvent const* const&)
 .text._ZNKSt15_Deque_iteratorIPK7XFEventRS2_PS2_EdeEv
                0x000000000800691c       0x18 ./xf/port/idf-stm32/eventqueue.o
                0x000000000800691c                std::_Deque_iterator<XFEvent const*, XFEvent const*&, XFEvent const**>::operator*() const
 .text._ZNSt16allocator_traitsISaIPK7XFEventEE7destroyIS2_EEvRS3_PT_
                0x0000000008006934       0x1a ./xf/port/idf-stm32/eventqueue.o
                0x0000000008006934                void std::allocator_traits<std::allocator<XFEvent const*> >::destroy<XFEvent const*>(std::allocator<XFEvent const*>&, XFEvent const**)
 .text._ZNSt5dequeIPK7XFEventSaIS2_EE16_M_pop_front_auxEv
                0x000000000800694e       0x50 ./xf/port/idf-stm32/eventqueue.o
                0x000000000800694e                std::deque<XFEvent const*, std::allocator<XFEvent const*> >::_M_pop_front_aux()
 .text._ZNSaIPK7XFEventEC2Ev
                0x000000000800699e       0x18 ./xf/port/idf-stm32/eventqueue.o
                0x000000000800699e                std::allocator<XFEvent const*>::allocator()
                0x000000000800699e                std::allocator<XFEvent const*>::allocator()
 .text._ZNSt11_Deque_baseIPK7XFEventSaIS2_EE16_Deque_impl_dataC2Ev
                0x00000000080069b6       0x32 ./xf/port/idf-stm32/eventqueue.o
                0x00000000080069b6                std::_Deque_base<XFEvent const*, std::allocator<XFEvent const*> >::_Deque_impl_data::_Deque_impl_data()
                0x00000000080069b6                std::_Deque_base<XFEvent const*, std::allocator<XFEvent const*> >::_Deque_impl_data::_Deque_impl_data()
 .text._ZN9__gnu_cxx13new_allocatorIPK7XFEventED2Ev
                0x00000000080069e8       0x16 ./xf/port/idf-stm32/eventqueue.o
                0x00000000080069e8                __gnu_cxx::new_allocator<XFEvent const*>::~new_allocator()
                0x00000000080069e8                __gnu_cxx::new_allocator<XFEvent const*>::~new_allocator()
 .text._ZSt3maxIjERKT_S2_S2_
                0x00000000080069fe       0x28 ./xf/port/idf-stm32/eventqueue.o
                0x00000000080069fe                unsigned int const& std::max<unsigned int>(unsigned int const&, unsigned int const&)
 .text._ZNSt11_Deque_baseIPK7XFEventSaIS2_EE15_M_allocate_mapEj
                0x0000000008006a26       0x3a ./xf/port/idf-stm32/eventqueue.o
                0x0000000008006a26                std::_Deque_base<XFEvent const*, std::allocator<XFEvent const*> >::_M_allocate_map(unsigned int)
 .text._ZNSt11_Deque_baseIPK7XFEventSaIS2_EE15_M_create_nodesEPPS2_S6_
                0x0000000008006a60       0x36 ./xf/port/idf-stm32/eventqueue.o
                0x0000000008006a60                std::_Deque_base<XFEvent const*, std::allocator<XFEvent const*> >::_M_create_nodes(XFEvent const***, XFEvent const***)
 .text._ZNSt15_Deque_iteratorIPK7XFEventRS2_PS2_E11_M_set_nodeEPS4_
                0x0000000008006a96       0x32 ./xf/port/idf-stm32/eventqueue.o
                0x0000000008006a96                std::_Deque_iterator<XFEvent const*, XFEvent const*&, XFEvent const**>::_M_set_node(XFEvent const***)
 .text._ZNSt11_Deque_baseIPK7XFEventSaIS2_EE18_M_deallocate_nodeEPS2_
                0x0000000008006ac8       0x26 ./xf/port/idf-stm32/eventqueue.o
                0x0000000008006ac8                std::_Deque_base<XFEvent const*, std::allocator<XFEvent const*> >::_M_deallocate_node(XFEvent const**)
 .text._ZNKSt11_Deque_baseIPK7XFEventSaIS2_EE20_M_get_map_allocatorEv
                0x0000000008006aee       0x22 ./xf/port/idf-stm32/eventqueue.o
                0x0000000008006aee                std::_Deque_base<XFEvent const*, std::allocator<XFEvent const*> >::_M_get_map_allocator() const
 .text._ZNSaIPPK7XFEventED2Ev
                0x0000000008006b10       0x18 ./xf/port/idf-stm32/eventqueue.o
                0x0000000008006b10                std::allocator<XFEvent const**>::~allocator()
                0x0000000008006b10                std::allocator<XFEvent const**>::~allocator()
 .text._ZNSt16allocator_traitsISaIPPK7XFEventEE10deallocateERS4_PS3_j
                0x0000000008006b28       0x1e ./xf/port/idf-stm32/eventqueue.o
                0x0000000008006b28                std::allocator_traits<std::allocator<XFEvent const**> >::deallocate(std::allocator<XFEvent const**>&, XFEvent const***, unsigned int)
 .text._ZSt7forwardIRKPK7XFEventEOT_RNSt16remove_referenceIS5_E4typeE
                0x0000000008006b46       0x16 ./xf/port/idf-stm32/eventqueue.o
                0x0000000008006b46                XFEvent const* const& std::forward<XFEvent const* const&>(std::remove_reference<XFEvent const* const&>::type&)
 .text._ZN9__gnu_cxx13new_allocatorIPK7XFEventE9constructIS3_JRKS3_EEEvPT_DpOT0_
                0x0000000008006b5c       0x2c ./xf/port/idf-stm32/eventqueue.o