Archive member included to satisfy reference by file (symbol)

C:/ST/STM32CubeIDE_1.13.2/STM32CubeIDE/plugins/com.st.stm32cube.ide.mcu.externaltools.gnu-tools-for-stm32.11.3.rel1.win32_1.1.1.202309131626/tools/bin/../lib/gcc/arm-none-eabi/11.3.1/../../../../arm-none-eabi/lib/thumb/v7e-m+fp/hard\libstdc++_nano.a(del_ops.o)
                              ./app/statemachine01.o (operator delete(void*, unsigned int))
C:/ST/STM32CubeIDE_1.13.2/STM32CubeIDE/plugins/com.st.stm32cube.ide.mcu.externaltools.gnu-tools-for-stm32.11.3.rel1.win32_1.1.1.202309131626/tools/bin/../lib/gcc/arm-none-eabi/11.3.1/../../../../arm-none-eabi/lib/thumb/v7e-m+fp/hard\libstdc++_nano.a(guard.o)
                              ./xf/port/common/dispatcher.o (__cxa_guard_acquire)
C:/ST/STM32CubeIDE_1.13.2/STM32CubeIDE/plugins/com.st.stm32cube.ide.mcu.externaltools.gnu-tools-for-stm32.11.3.rel1.win32_1.1.1.202309131626/tools/bin/../lib/gcc/arm-none-eabi/11.3.1/../../../../arm-none-eabi/lib/thumb/v7e-m+fp/hard\libstdc++_nano.a(new_op.o)
                              ./app/statemachine01.o (operator new(unsigned int))
C:/ST/STM32CubeIDE_1.13.2/STM32CubeIDE/plugins/com.st.stm32cube.ide.mcu.externaltools.gnu-tools-for-stm32.11.3.rel1.win32_1.1.1.202309131626/tools/bin/../lib/gcc/arm-none-eabi/11.3.1/../../../../arm-none-eabi/lib/thumb/v7e-m+fp/hard\libstdc++_nano.a(allocator-inst.o)
                              ./app/testfactory01.o (std::allocator<char>::allocator())
C:/ST/STM32CubeIDE_1.13.2/STM32CubeIDE/plugins/com.st.stm32cube.ide.mcu.externaltools.gnu-tools-for-stm32.11.3.rel1.win32_1.1.1.202309131626/tools/bin/../lib/gcc/arm-none-eabi/11.3.1/../../../../arm-none-eabi/lib/thumb/v7e-m+fp/hard\libstdc++_nano.a(list.o)
                              ./xf/port/common/timeoutmanager.o (std::__detail::_List_node_base::_M_hook(std::__detail::_List_node_base*))
C:/ST/STM32CubeIDE_1.13.2/STM32CubeIDE/plugins/com.st.stm32cube.ide.mcu.externaltools.gnu-tools-for-stm32.11.3.rel1.win32_1.1.1.202309131626/tools/bin/../lib/gcc/arm-none-eabi/11.3.1/../../../../arm-none-eabi/lib/thumb/v7e-m+fp/hard\libstdc++_nano.a(functexcept.o)
                              ./xf/port/common/timeoutmanager.o (std::__throw_bad_alloc())
C:/ST/STM32CubeIDE_1.13.2/STM32CubeIDE/plugins/com.st.stm32cube.ide.mcu.externaltools.gnu-tools-for-stm32.11.3.rel1.win32_1.1.1.202309131626/tools/bin/../lib/gcc/arm-none-eabi/11.3.1/../../../../arm-none-eabi/lib/thumb/v7e-m+fp/hard\libstdc++_nano.a(functional.o)
                              ./xf/port/common/timeoutmanager.o (std::__throw_bad_function_call())
C:/ST/STM32CubeIDE_1.13.2/STM32CubeIDE/plugins/com.st.stm32cube.ide.mcu.externaltools.gnu-tools-for-stm32.11.3.rel1.win32_1.1.1.202309131626/tools/bin/../lib/gcc/arm-none-eabi/11.3.1/../../../../arm-none-eabi/lib/thumb/v7e-m+fp/hard\libstdc++_nano.a(snprintf_lite.o)
                              C:/ST/STM32CubeIDE_1.13.2/STM32CubeIDE/plugins/com.st.stm32cube.ide.mcu.externaltools.gnu-tools-for-stm32.11.3.rel1.win32_1.1.1.202309131626/tools/bin/../lib/gcc/arm-none-eabi/11.3.1/../../../../arm-none-eabi/lib/thumb/v7e-m+fp/hard\libstdc++_nano.a(functexcept.o) (__gnu_cxx::__snprintf_lite(char*, unsigned int, char const*, std::__va_list))
C:/ST/STM32CubeIDE_1.13.2/STM32CubeIDE/plugins/com.st.stm32cube.ide.mcu.externaltools.gnu-tools-for-stm32.11.3.rel1.win32_1.1.1.202309131626/tools/bin/../lib/gcc/arm-none-eabi/11.3.1/../../../../arm-none-eabi/lib/thumb/v7e-m+fp/hard\libstdc++_nano.a(string-inst.o)
                              ./app/statemachine01.o (std::__cxx11::basic_string<char, std::char_traits<char>, std::allocator<char> >::basic_string(std::__cxx11::basic_string<char, std::char_traits<char>, std::allocator<char> >&&))
C:/ST/STM32CubeIDE_1.13.2/STM32CubeIDE/plugins/com.st.stm32cube.ide.mcu.externaltools.gnu-tools-for-stm32.11.3.rel1.win32_1.1.1.202309131626/tools/bin/../lib/gcc/arm-none-eabi/11.3.1/../../../../arm-none-eabi/lib/thumb/v7e-m+fp/hard\libstdc++_nano.a(del_op.o)
                              C:/ST/STM32CubeIDE_1.13.2/STM32CubeIDE/plugins/com.st.stm32cube.ide.mcu.externaltools.gnu-tools-for-stm32.11.3.rel1.win32_1.1.1.202309131626/tools/bin/../lib/gcc/arm-none-eabi/11.3.1/../../../../arm-none-eabi/lib/thumb/v7e-m+fp/hard\libstdc++_nano.a(del_ops.o) (operator delete(void*))
C:/ST/STM32CubeIDE_1.13.2/STM32CubeIDE/plugins/com.st.stm32cube.ide.mcu.externaltools.gnu-tools-for-stm32.11.3.rel1.win32_1.1.1.202309131626/tools/bin/../lib/gcc/arm-none-eabi/11.3.1/../../../../arm-none-eabi/lib/thumb/v7e-m+fp/hard\libstdc++_nano.a(eh_exception.o)
                              C:/ST/STM32CubeIDE_1.13.2/STM32CubeIDE/plugins/com.st.stm32cube.ide.mcu.externaltools.gnu-tools-for-stm32.11.3.rel1.win32_1.1.1.202309131626/tools/bin/../lib/gcc/arm-none-eabi/11.3.1/../../../../arm-none-eabi/lib/thumb/v7e-m+fp/hard\libstdc++_nano.a(functional.o) (std::exception::~exception())
[...]
Memory Configuration

Name             Origin             Length             Attributes
RAM              0x0000000020000000 0x0000000000020000 xrw
FLASH            0x0000000008000000 0x0000000000080000 xr
*default*        0x0000000000000000 0xffffffffffffffff

Linker script and memory map

LOAD C:/ST/STM32CubeIDE_1.13.2/STM32CubeIDE/plugins/com.st.stm32cube.ide.mcu.externaltools.gnu-tools-for-stm32.11.3.rel1.win32_1.1.1.202309131626/tools/bin/../lib/gcc/arm-none-eabi/11.3.1/thumb/v7e-m+fp/hard/crti.o
LOAD C:/ST/STM32CubeIDE_1.13.2/STM32CubeIDE/plugins/com.st.stm32cube.ide.mcu.externaltools.gnu-tools-for-stm32.11.3.rel1.win32_1.1.1.202309131626/tools/bin/../lib/gcc/arm-none-eabi/11.3.1/thumb/v7e-m+fp/hard/crtbegin.o
LOAD C:/ST/STM32CubeIDE_1.13.2/STM32CubeIDE/plugins/com.st.stm32cube.ide.mcu.externaltools.gnu-tools-for-stm32.11.3.rel1.win32_1.1.1.202309131626/tools/bin/../lib/gcc/arm-none-eabi/11.3.1/../../../../arm-none-eabi/lib/thumb/v7e-m+fp/hard/crt0.o
LOAD ./Core/Src/main.o
LOAD ./Core/Src/stm32f4xx_hal_msp.o
LOAD ./Core/Src/stm32f4xx_it.o
LOAD ./Core/Src/syscalls.o
LOAD ./Core/Src/sysmem.o
LOAD ./Core/Src/system_stm32f4xx.o
LOAD ./Core/Startup/startup_stm32f446zetx.o
LOAD ./Drivers/STM32F4xx_HAL_Driver/Src/stm32f4xx_hal.o
LOAD ./Drivers/STM32F4xx_HAL_Driver/Src/stm32f4xx_hal_cortex.o
LOAD ./Drivers/STM32F4xx_HAL_Driver/Src/stm32f4xx_hal_dma.o
LOAD ./Drivers/STM32F4xx_HAL_Driver/Src/stm32f4xx_hal_dma_ex.o
LOAD ./Drivers/STM32F4xx_HAL_Driver/Src/stm32f4xx_hal_exti.o
LOAD ./Drivers/STM32F4xx_HAL_Driver/Src/stm32f4xx_hal_flash.o
LOAD ./Drivers/STM32F4xx_HAL_Driver/Src/stm32f4xx_hal_flash_ex.o
LOAD ./Drivers/STM32F4xx_HAL_Driver/Src/stm32f4xx_hal_flash_ramfunc.o
LOAD ./Drivers/STM32F4xx_HAL_Driver/Src/stm32f4xx_hal_gpio.o
LOAD ./Drivers/STM32F4xx_HAL_Driver/Src/stm32f4xx_hal_pcd.o
LOAD ./Drivers/STM32F4xx_HAL_Driver/Src/stm32f4xx_hal_pcd_ex.o
LOAD ./Drivers/STM32F4xx_HAL_Driver/Src/stm32f4xx_hal_pwr.o
LOAD ./Drivers/STM32F4xx_HAL_Driver/Src/stm32f4xx_hal_pwr_ex.o
LOAD ./Drivers/STM32F4xx_HAL_Driver/Src/stm32f4xx_hal_rcc.o
LOAD ./Drivers/STM32F4xx_HAL_Driver/Src/stm32f4xx_hal_rcc_ex.o
LOAD ./Drivers/STM32F4xx_HAL_Driver/Src/stm32f4xx_hal_tim.o
LOAD ./Drivers/STM32F4xx_HAL_Driver/Src/stm32f4xx_hal_tim_ex.o
LOAD ./Drivers/STM32F4xx_HAL_Driver/Src/stm32f4xx_hal_uart.o
LOAD ./Drivers/STM32F4xx_HAL_Driver/Src/stm32f4xx_ll_usb.o
LOAD ./app/statemachine01.o
LOAD ./app/testfactory01.o
LOAD ./mdw/trace/examples/trace-example01.o
LOAD ./platform/f7-disco-gcc/board/trace/trace.o
LOAD ./platform/f7-disco-gcc/mcu/critical/critical.o
LOAD ./platform/f7-disco-gcc/mcu/hal/uart.o
LOAD ./xf/core/behavior.o
LOAD ./xf/core/customevent.o
LOAD ./xf/core/defaulttransition.o
LOAD ./xf/core/initialevent.o
LOAD ./xf/core/timeout.o
LOAD ./xf/port/common/dispatcher.o
LOAD ./xf/port/common/timeoutmanager.o
LOAD ./xf/port/idf-stm32/c-wrapper-functions.o
LOAD ./xf/port/idf-stm32/eventqueue.o
LOAD ./xf/port/idf-stm32/mutex.o
LOAD ./xf/port/idf-stm32/xf.o
START GROUP
LOAD C:/ST/STM32CubeIDE_1.13.2/STM32CubeIDE/plugins/com.st.stm32cube.ide.mcu.externaltools.gnu-tools-for-stm32.11.3.rel1.win32_1.1.1.202309131626/tools/bin/../lib/gcc/arm-none-eabi/11.3.1/../../../../arm-none-eabi/lib/thumb/v7e-m+fp/hard\libstdc++_nano.a
LOAD C:/ST/STM32CubeIDE_1.13.2/STM32CubeIDE/plugins/com.st.stm32cube.ide.mcu.externaltools.gnu-tools-for-stm32.11.3.rel1.win32_1.1.1.202309131626/tools/bin/../lib/gcc/arm-none-eabi/11.3.1/../../../../arm-none-eabi/lib/thumb/v7e-m+fp/hard\libsupc++_nano.a
END GROUP
LOAD C:/ST/STM32CubeIDE_1.13.2/STM32CubeIDE/plugins/com.st.stm32cube.ide.mcu.externaltools.gnu-tools-for-stm32.11.3.rel1.win32_1.1.1.202309131626/tools/bin/../lib/gcc/arm-none-eabi/11.3.1/../../../../arm-none-eabi/lib/thumb/v7e-m+fp/hard\libstdc++_nano.a
LOAD C:/ST/STM32CubeIDE_1.13.2/STM32CubeIDE/plugins/com.st.stm32cube.ide.mcu.externaltools.gnu-tools-for-stm32.11.3.rel1.win32_1.1.1.202309131626/tools/bin/../lib/gcc/arm-none-eabi/11.3.1/../../../../arm-none-eabi/lib/thumb/v7e-m+fp/hard\libm.a
LOAD C:/ST/STM32CubeIDE_1.13.2/STM32CubeIDE/plugins/com.st.stm32cube.ide.mcu.externaltools.gnu-tools-for-stm32.11.3.rel1.win32_1.1.1.202309131626/tools/bin/../lib/gcc/arm-none-eabi/11.3.1/../../../../arm-none-eabi/lib/thumb/v7e-m+fp/hard\libc_nano.a
START GROUP
LOAD C:/ST/STM32CubeIDE_1.13.2/STM32CubeIDE/plugins/com.st.stm32cube.ide.mcu.externaltools.gnu-tools-for-stm32.11.3.rel1.win32_1.1.1.202309131626/tools/bin/../lib/gcc/arm-none-eabi/11.3.1/thumb/v7e-m+fp/hard\libgcc.a
LOAD C:/ST/STM32CubeIDE_1.13.2/STM32CubeIDE/plugins/com.st.stm32cube.ide.mcu.externaltools.gnu-tools-for-stm32.11.3.rel1.win32_1.1.1.202309131626/tools/bin/../lib/gcc/arm-none-eabi/11.3.1/../../../../arm-none-eabi/lib/thumb/v7e-m+fp/hard\libc_nano.a
END GROUP
START GROUP
LOAD C:/ST/STM32CubeIDE_1.13.2/STM32CubeIDE/plugins/com.st.stm32cube.ide.mcu.externaltools.gnu-tools-for-stm32.11.3.rel1.win32_1.1.1.202309131626/tools/bin/../lib/gcc/arm-none-eabi/11.3.1/thumb/v7e-m+fp/hard\libgcc.a
LOAD C:/ST/STM32CubeIDE_1.13.2/STM32CubeIDE/plugins/com.st.stm32cube.ide.mcu.externaltools.gnu-tools-for-stm32.11.3.rel1.win32_1.1.1.202309131626/tools/bin/../lib/gcc/arm-none-eabi/11.3.1/../../../../arm-none-eabi/lib/thumb/v7e-m+fp/hard\libc_nano.a
LOAD C:/ST/STM32CubeIDE_1.13.2/STM32CubeIDE/plugins/com.st.stm32cube.ide.mcu.externaltools.gnu-tools-for-stm32.11.3.rel1.win32_1.1.1.202309131626/tools/bin/../lib/gcc/arm-none-eabi/11.3.1/../../../../arm-none-eabi/lib/thumb/v7e-m+fp/hard\libnosys.a
END GROUP
START GROUP
LOAD C:/ST/STM32CubeIDE_1.13.2/STM32CubeIDE/plugins/com.st.stm32cube.ide.mcu.externaltools.gnu-tools-for-stm32.11.3.rel1.win32_1.1.1.202309131626/tools/bin/../lib/gcc/arm-none-eabi/11.3.1/thumb/v7e-m+fp/hard\libgcc.a
LOAD C:/ST/STM32CubeIDE_1.13.2/STM32CubeIDE/plugins/com.st.stm32cube.ide.mcu.externaltools.gnu-tools-for-stm32.11.3.rel1.win32_1.1.1.202309131626/tools/bin/../lib/gcc/arm-none-eabi/11.3.1/../../../../arm-none-eabi/lib/thumb/v7e-m+fp/hard\libc_nano.a
LOAD C:/ST/STM32CubeIDE_1.13.2/STM32CubeIDE/plugins/com.st.stm32cube.ide.mcu.externaltools.gnu-tools-for-stm32.11.3.rel1.win32_1.1.1.202309131626/tools/bin/../lib/gcc/arm-none-eabi/11.3.1/../../../../arm-none-eabi/lib/thumb/v7e-m+fp/hard\libnosys.a
END GROUP
LOAD C:/ST/STM32CubeIDE_1.13.2/STM32CubeIDE/plugins/com.st.stm32cube.ide.mcu.externaltools.gnu-tools-for-stm32.11.3.rel1.win32_1.1.1.202309131626/tools/bin/../lib/gcc/arm-none-eabi/11.3.1/thumb/v7e-m+fp/hard/crtend.o
LOAD C:/ST/STM32CubeIDE_1.13.2/STM32CubeIDE/plugins/com.st.stm32cube.ide.mcu.externaltools.gnu-tools-for-stm32.11.3.rel1.win32_1.1.1.202309131626/tools/bin/../lib/gcc/arm-none-eabi/11.3.1/thumb/v7e-m+fp/hard/crtn.o
                0x0000000020020000                _estack = (ORIGIN (RAM) + LENGTH (RAM))
                0x0000000000000200                _Min_Heap_Size = 0x200
                0x0000000000000400                _Min_Stack_Size = 0x400

.isr_vector     0x0000000008000000      0x1c4
                0x0000000008000000                . = ALIGN (0x4)
 *(.isr_vector)
 .isr_vector    0x0000000008000000      0x1c4 ./Core/Startup/startup_stm32f446zetx.o
                0x0000000008000000                g_pfnVectors
                0x00000000080001c4                . = ALIGN (0x4)

.text           0x00000000080001d0     0x80c0
                0x00000000080001d0                . = ALIGN (0x4)
 *(.text)
 .text          0x00000000080001d0       0x40 C:/ST/STM32CubeIDE_1.13.2/STM32CubeIDE/plugins/com.st.stm32cube.ide.mcu.externaltools.gnu-tools-for-stm32.11.3.rel1.win32_1.1.1.202309131626/tools/bin/../lib/gcc/arm-none-eabi/11.3.1/thumb/v7e-m+fp/hard/crtbegin.o
 .text          0x0000000008000210       0xa0 C:/ST/STM32CubeIDE_1.13.2/STM32CubeIDE/plugins/com.st.stm32cube.ide.mcu.externaltools.gnu-tools-for-stm32.11.3.rel1.win32_1.1.1.202309131626/tools/bin/../lib/gcc/arm-none-eabi/11.3.1/../../../../arm-none-eabi/lib/thumb/v7e-m+fp/hard\libc_nano.a(libc_a-memchr.o)
                0x0000000008000210                memchr
 .text          0x00000000080002b0       0x10 C:/ST/STM32CubeIDE_1.13.2/STM32CubeIDE/plugins/com.st.stm32cube.ide.mcu.externaltools.gnu-tools-for-stm32.11.3.rel1.win32_1.1.1.202309131626/tools/bin/../lib/gcc/arm-none-eabi/11.3.1/../../../../arm-none-eabi/lib/thumb/v7e-m+fp/hard\libc_nano.a(libc_a-strlen.o)
                0x00000000080002b0                strlen
 .text          0x00000000080002c0       0x30 C:/ST/STM32CubeIDE_1.13.2/STM32CubeIDE/plugins/com.st.stm32cube.ide.mcu.externaltools.gnu-tools-for-stm32.11.3.rel1.win32_1.1.1.202309131626/tools/bin/../lib/gcc/arm-none-eabi/11.3.1/thumb/v7e-m+fp/hard\libgcc.a(_aeabi_uldivmod.o)
                0x00000000080002c0                __aeabi_uldivmod
 .text          0x00000000080002f0      0x2c8 C:/ST/STM32CubeIDE_1.13.2/STM32CubeIDE/plugins/com.st.stm32cube.ide.mcu.externaltools.gnu-tools-for-stm32.11.3.rel1.win32_1.1.1.202309131626/tools/bin/../lib/gcc/arm-none-eabi/11.3.1/thumb/v7e-m+fp/hard\libgcc.a(_udivmoddi4.o)
                0x00000000080002f0                __udivmoddi4
 .text          0x00000000080005b8        0x4 C:/ST/STM32CubeIDE_1.13.2/STM32CubeIDE/plugins/com.st.stm32cube.ide.mcu.externaltools.gnu-tools-for-stm32.11.3.rel1.win32_1.1.1.202309131626/tools/bin/../lib/gcc/arm-none-eabi/11.3.1/thumb/v7e-m+fp/hard\libgcc.a(_dvmd_tls.o)
                0x00000000080005b8                __aeabi_idiv0
                0x00000000080005b8                __aeabi_ldiv0
 *(.text*)
 .text.main     0x00000000080005bc       0x3c ./Core/Src/main.o
                0x00000000080005bc                main
 .text.SystemClock_Config
                0x00000000080005f8       0xd8 ./Core/Src/main.o
                0x00000000080005f8                SystemClock_Config
 .text.MX_USART3_UART_Init
                0x00000000080006d0       0x54 ./Core/Src/main.o
 .text.MX_USB_OTG_FS_PCD_Init
                0x0000000008000724       0x5c ./Core/Src/main.o
 .text.MX_GPIO_Init
                0x0000000008000780      0x15c ./Core/Src/main.o
 .text.Error_Handler
                0x00000000080008dc        0xa ./Core/Src/main.o
                0x00000000080008dc                Error_Handler
 *fill*         0x00000000080008e6        0x2 
 .text.HAL_MspInit
                0x00000000080008e8       0x50 ./Core/Src/stm32f4xx_hal_msp.o
                0x00000000080008e8                HAL_MspInit
 .text.HAL_UART_MspInit
                0x0000000008000938       0x90 ./Core/Src/stm32f4xx_hal_msp.o
                0x0000000008000938                HAL_UART_MspInit
 .text.HAL_PCD_MspInit
                0x00000000080009c8       0xe0 ./Core/Src/stm32f4xx_hal_msp.o
                0x00000000080009c8                HAL_PCD_MspInit
 .text.NMI_Handler
                0x0000000008000aa8        0x6 ./Core/Src/stm32f4xx_it.o
                0x0000000008000aa8                NMI_Handler
 .text.HardFault_Handler
                0x0000000008000aae        0x6 ./Core/Src/stm32f4xx_it.o
                0x0000000008000aae                HardFault_Handler
 .text.MemManage_Handler
                0x0000000008000ab4        0x6 ./Core/Src/stm32f4xx_it.o
                0x0000000008000ab4                MemManage_Handler
 .text.BusFault_Handler
                0x0000000008000aba        0x6 ./Core/Src/stm32f4xx_it.o
                0x0000000008000aba                BusFault_Handler
 .text.UsageFault_Handler
                0x0000000008000ac0        0x6 ./Core/Src/stm32f4xx_it.o
                0x0000000008000ac0                UsageFault_Handler
 .text.SVC_Handler
                0x0000000008000ac6        0xe ./Core/Src/stm32f4xx_it.o
                0x0000000008000ac6                SVC_Handler
 .text.DebugMon_Handler
                0x0000000008000ad4        0xe ./Core/Src/stm32f4xx_it.o
                0x0000000008000ad4                DebugMon_Handler
 .text.PendSV_Handler
                0x0000000008000ae2        0xe ./Core/Src/stm32f4xx_it.o
                0x0000000008000ae2                PendSV_Handler
 .text.SysTick_Handler
                0x0000000008000af0       0x34 ./Core/Src/stm32f4xx_it.o
                0x0000000008000af0                SysTick_Handler
 .text._getpid  0x0000000008000b24       0x10 ./Core/Src/syscalls.o
                0x0000000008000b24                _getpid
 .text._kill    0x0000000008000b34       0x20 ./Core/Src/syscalls.o
                0x0000000008000b34                _kill
 .text._exit    0x0000000008000b54       0x14 ./Core/Src/syscalls.o
                0x0000000008000b54                _exit
 .text._read    0x0000000008000b68       0x3a ./Core/Src/syscalls.o
                0x0000000008000b68                _read
 .text._write   0x0000000008000ba2       0x38 ./Core/Src/syscalls.o
                0x0000000008000ba2                _write
 .text._close   0x0000000008000bda       0x18 ./Core/Src/syscalls.o
                0x0000000008000bda                _close
 .text._fstat   0x0000000008000bf2       0x20 ./Core/Src/syscalls.o
                0x0000000008000bf2                _fstat
 .text._isatty  0x0000000008000c12       0x16 ./Core/Src/syscalls.o
                0x0000000008000c12                _isatty
 .text._lseek   0x0000000008000c28       0x1a ./Core/Src/syscalls.o
                0x0000000008000c28                _lseek
 *fill*         0x0000000008000c42        0x2 
 .text._sbrk    0x0000000008000c44       0x6c ./Core/Src/sysmem.o
                0x0000000008000c44                _sbrk
 .text.SystemInit
                0x0000000008000cb0       0x24 ./Core/Src/system_stm32f4xx.o
                0x0000000008000cb0                SystemInit
 .text.Reset_Handler
                0x0000000008000cd4       0x50 ./Core/Startup/startup_stm32f446zetx.o
                0x0000000008000cd4                Reset_Handler
 .text.Default_Handler
                0x0000000008000d24        0x2 ./Core/Startup/startup_stm32f446zetx.o
                0x0000000008000d24                RTC_Alarm_IRQHandler
                0x0000000008000d24                EXTI2_IRQHandler
                0x0000000008000d24                TIM8_CC_IRQHandler
                0x0000000008000d24                FMPI2C1_EV_IRQHandler
                0x0000000008000d24                SPI4_IRQHandler
                0x0000000008000d24                TIM1_CC_IRQHandler
                0x0000000008000d24                DMA2_Stream5_IRQHandler
                0x0000000008000d24                DMA1_Stream5_IRQHandler
                0x0000000008000d24                PVD_IRQHandler
                0x0000000008000d24                SDIO_IRQHandler
                0x0000000008000d24                TAMP_STAMP_IRQHandler
                0x0000000008000d24                CAN2_RX1_IRQHandler
                0x0000000008000d24                EXTI3_IRQHandler
                0x0000000008000d24                TIM8_TRG_COM_TIM14_IRQHandler
                0x0000000008000d24                TIM1_UP_TIM10_IRQHandler
                0x0000000008000d24                TIM8_UP_TIM13_IRQHandler
                0x0000000008000d24                I2C3_ER_IRQHandler
                0x0000000008000d24                EXTI0_IRQHandler
                0x0000000008000d24                I2C2_EV_IRQHandler
                0x0000000008000d24                DMA1_Stream2_IRQHandler
                0x0000000008000d24                CAN1_RX0_IRQHandler
                0x0000000008000d24                FPU_IRQHandler
                0x0000000008000d24                OTG_HS_WKUP_IRQHandler
                0x0000000008000d24                CAN2_SCE_IRQHandler
                0x0000000008000d24                DMA2_Stream2_IRQHandler
                0x0000000008000d24                SPI1_IRQHandler
                0x0000000008000d24                TIM6_DAC_IRQHandler
                0x0000000008000d24                TIM1_BRK_TIM9_IRQHandler
                0x0000000008000d24                DCMI_IRQHandler
                0x0000000008000d24                CAN2_RX0_IRQHandler
                0x0000000008000d24                DMA2_Stream3_IRQHandler
                0x0000000008000d24                SAI2_IRQHandler
                0x0000000008000d24                USART6_IRQHandler
                0x0000000008000d24                USART3_IRQHandler
                0x0000000008000d24                CAN1_RX1_IRQHandler
                0x0000000008000d24                UART5_IRQHandler
                0x0000000008000d24                DMA2_Stream0_IRQHandler
                0x0000000008000d24                TIM4_IRQHandler
                0x0000000008000d24                QUADSPI_IRQHandler
                0x0000000008000d24                I2C1_EV_IRQHandler
                0x0000000008000d24                DMA1_Stream6_IRQHandler
                0x0000000008000d24                DMA1_Stream1_IRQHandler
                0x0000000008000d24                UART4_IRQHandler
                0x0000000008000d24                TIM3_IRQHandler
                0x0000000008000d24                RCC_IRQHandler
                0x0000000008000d24                TIM8_BRK_TIM12_IRQHandler
                0x0000000008000d24                Default_Handler
                0x0000000008000d24                CEC_IRQHandler
                0x0000000008000d24                EXTI15_10_IRQHandler
                0x0000000008000d24                ADC_IRQHandler
                0x0000000008000d24                DMA1_Stream7_IRQHandler
                0x0000000008000d24                TIM7_IRQHandler
                0x0000000008000d24                CAN2_TX_IRQHandler
                0x0000000008000d24                TIM5_IRQHandler
                0x0000000008000d24                DMA2_Stream7_IRQHandler
                0x0000000008000d24                I2C3_EV_IRQHandler
                0x0000000008000d24                EXTI9_5_IRQHandler
                0x0000000008000d24                RTC_WKUP_IRQHandler
                0x0000000008000d24                SPDIF_RX_IRQHandler
                0x0000000008000d24                SPI2_IRQHandler
                0x0000000008000d24                OTG_HS_EP1_IN_IRQHandler
                0x0000000008000d24                DMA1_Stream0_IRQHandler
                0x0000000008000d24                CAN1_TX_IRQHandler
                0x0000000008000d24                FMPI2C1_ER_IRQHandler
                0x0000000008000d24                EXTI4_IRQHandler
                0x0000000008000d24                OTG_HS_EP1_OUT_IRQHandler
                0x0000000008000d24                WWDG_IRQHandler
                0x0000000008000d24                TIM2_IRQHandler
                0x0000000008000d24                OTG_FS_WKUP_IRQHandler
                0x0000000008000d24                TIM1_TRG_COM_TIM11_IRQHandler
                0x0000000008000d24                OTG_HS_IRQHandler
                0x0000000008000d24                EXTI1_IRQHandler
                0x0000000008000d24                USART2_IRQHandler
                0x0000000008000d24                I2C2_ER_IRQHandler
                0x0000000008000d24                DMA2_Stream1_IRQHandler
                0x0000000008000d24                CAN1_SCE_IRQHandler
                0x0000000008000d24                FLASH_IRQHandler
                0x0000000008000d24                DMA2_Stream4_IRQHandler
                0x0000000008000d24                USART1_IRQHandler
                0x0000000008000d24                OTG_FS_IRQHandler
                0x0000000008000d24                SPI3_IRQHandler
                0x0000000008000d24                DMA1_Stream4_IRQHandler
                0x0000000008000d24                I2C1_ER_IRQHandler
                0x0000000008000d24                FMC_IRQHandler
                0x0000000008000d24                DMA2_Stream6_IRQHandler
                0x0000000008000d24                SAI1_IRQHandler
                0x0000000008000d24                DMA1_Stream3_IRQHandler
 *fill*         0x0000000008000d26        0x2 
 .text.HAL_Init
                0x0000000008000d28       0x44 ./Drivers/STM32F4xx_HAL_Driver/Src/stm32f4xx_hal.o
                0x0000000008000d28                HAL_Init
 .text.HAL_InitTick
                0x0000000008000d6c       0x60 ./Drivers/STM32F4xx_HAL_Driver/Src/stm32f4xx_hal.o
                0x0000000008000d6c                HAL_InitTick
 .text.HAL_IncTick
                0x0000000008000dcc       0x28 ./Drivers/STM32F4xx_HAL_Driver/Src/stm32f4xx_hal.o
                0x0000000008000dcc                HAL_IncTick
 .text.HAL_GetTick
                0x0000000008000df4       0x18 ./Drivers/STM32F4xx_HAL_Driver/Src/stm32f4xx_hal.o
                0x0000000008000df4                HAL_GetTick
 .text.HAL_Delay
                0x0000000008000e0c       0x48 ./Drivers/STM32F4xx_HAL_Driver/Src/stm32f4xx_hal.o
                0x0000000008000e0c                HAL_Delay
 .text.__NVIC_SetPriorityGrouping
                0x0000000008000e54       0x48 ./Drivers/STM32F4xx_HAL_Driver/Src/stm32f4xx_hal_cortex.o
 .text.__NVIC_GetPriorityGrouping
                0x0000000008000e9c       0x1c ./Drivers/STM32F4xx_HAL_Driver/Src/stm32f4xx_hal_cortex.o
 .text.__NVIC_SetPriority
                0x0000000008000eb8       0x54 ./Drivers/STM32F4xx_HAL_Driver/Src/stm32f4xx_hal_cortex.o
 .text.NVIC_EncodePriority
                0x0000000008000f0c       0x66 ./Drivers/STM32F4xx_HAL_Driver/Src/stm32f4xx_hal_cortex.o
 *fill*         0x0000000008000f72        0x2 
 .text.SysTick_Config
                0x0000000008000f74       0x44 ./Drivers/STM32F4xx_HAL_Driver/Src/stm32f4xx_hal_cortex.o
 .text.HAL_NVIC_SetPriorityGrouping
                0x0000000008000fb8       0x16 ./Drivers/STM32F4xx_HAL_Driver/Src/stm32f4xx_hal_cortex.o
                0x0000000008000fb8                HAL_NVIC_SetPriorityGrouping
 .text.HAL_NVIC_SetPriority
                0x0000000008000fce       0x38 ./Drivers/STM32F4xx_HAL_Driver/Src/stm32f4xx_hal_cortex.o
                0x0000000008000fce                HAL_NVIC_SetPriority
 .text.HAL_SYSTICK_Config
                0x0000000008001006       0x18 ./Drivers/STM32F4xx_HAL_Driver/Src/stm32f4xx_hal_cortex.o
                0x0000000008001006                HAL_SYSTICK_Config
 .text.HAL_DMA_Start_IT
                0x000000000800101e       0xb0 ./Drivers/STM32F4xx_HAL_Driver/Src/stm32f4xx_hal_dma.o
                0x000000000800101e                HAL_DMA_Start_IT
 .text.DMA_SetConfig
                0x00000000080010ce       0x5c ./Drivers/STM32F4xx_HAL_Driver/Src/stm32f4xx_hal_dma.o
 *fill*         0x000000000800112a        0x2 
 .text.HAL_GPIO_Init
                0x000000000800112c      0x328 ./Drivers/STM32F4xx_HAL_Driver/Src/stm32f4xx_hal_gpio.o
                0x000000000800112c                HAL_GPIO_Init
 .text.HAL_GPIO_WritePin
                0x0000000008001454       0x32 ./Drivers/STM32F4xx_HAL_Driver/Src/stm32f4xx_hal_gpio.o
                0x0000000008001454                HAL_GPIO_WritePin
 .text.HAL_PCD_Init
                0x0000000008001486      0x248 ./Drivers/STM32F4xx_HAL_Driver/Src/stm32f4xx_hal_pcd.o
                0x0000000008001486                HAL_PCD_Init
 .text.HAL_PCDEx_ActivateLPM
                0x00000000080016ce       0x48 ./Drivers/STM32F4xx_HAL_Driver/Src/stm32f4xx_hal_pcd_ex.o
                0x00000000080016ce                HAL_PCDEx_ActivateLPM
 *fill*         0x0000000008001716        0x2 
 .text.HAL_RCC_ClockConfig
                0x0000000008001718      0x1cc ./Drivers/STM32F4xx_HAL_Driver/Src/stm32f4xx_hal_rcc.o
                0x0000000008001718                HAL_RCC_ClockConfig
 .text.HAL_RCC_GetHCLKFreq
                0x00000000080018e4       0x18 ./Drivers/STM32F4xx_HAL_Driver/Src/stm32f4xx_hal_rcc.o
                0x00000000080018e4                HAL_RCC_GetHCLKFreq
 .text.HAL_RCC_GetPCLK1Freq
                0x00000000080018fc       0x28 ./Drivers/STM32F4xx_HAL_Driver/Src/stm32f4xx_hal_rcc.o
                0x00000000080018fc                HAL_RCC_GetPCLK1Freq
 .text.HAL_RCC_GetPCLK2Freq
                0x0000000008001924       0x28 ./Drivers/STM32F4xx_HAL_Driver/Src/stm32f4xx_hal_rcc.o
                0x0000000008001924                HAL_RCC_GetPCLK2Freq
 .text.HAL_RCCEx_PeriphCLKConfig
                0x000000000800194c      0x654 ./Drivers/STM32F4xx_HAL_Driver/Src/stm32f4xx_hal_rcc_ex.o
                0x000000000800194c                HAL_RCCEx_PeriphCLKConfig
 .text.HAL_RCC_GetSysClockFreq
                0x0000000008001fa0      0x460 ./Drivers/STM32F4xx_HAL_Driver/Src/stm32f4xx_hal_rcc_ex.o
                0x0000000008001fa0                HAL_RCC_GetSysClockFreq
 .text.HAL_RCC_OscConfig
                0x0000000008002400      0x53c ./Drivers/STM32F4xx_HAL_Driver/Src/stm32f4xx_hal_rcc_ex.o
                0x0000000008002400                HAL_RCC_OscConfig
 .text.HAL_UART_Init
                0x000000000800293c       0x9a ./Drivers/STM32F4xx_HAL_Driver/Src/stm32f4xx_hal_uart.o
                0x000000000800293c                HAL_UART_Init
 .text.HAL_UART_Transmit
                0x00000000080029d6      0x124 ./Drivers/STM32F4xx_HAL_Driver/Src/stm32f4xx_hal_uart.o
                0x00000000080029d6                HAL_UART_Transmit
 *fill*         0x0000000008002afa        0x2 
 .text.HAL_UART_Transmit_DMA
                0x0000000008002afc       0xfc ./Drivers/STM32F4xx_HAL_Driver/Src/stm32f4xx_hal_uart.o
                0x0000000008002afc                HAL_UART_Transmit_DMA
 .text.HAL_UART_TxCpltCallback
                0x0000000008002bf8       0x14 ./Drivers/STM32F4xx_HAL_Driver/Src/stm32f4xx_hal_uart.o
                0x0000000008002bf8                HAL_UART_TxCpltCallback
 .text.HAL_UART_TxHalfCpltCallback
                0x0000000008002c0c       0x14 ./Drivers/STM32F4xx_HAL_Driver/Src/stm32f4xx_hal_uart.o
                0x0000000008002c0c                HAL_UART_TxHalfCpltCallback
 .text.HAL_UART_ErrorCallback
                0x0000000008002c20       0x14 ./Drivers/STM32F4xx_HAL_Driver/Src/stm32f4xx_hal_uart.o
                0x0000000008002c20                HAL_UART_ErrorCallback
 .text.UART_DMATransmitCplt
                0x0000000008002c34       0x9a ./Drivers/STM32F4xx_HAL_Driver/Src/stm32f4xx_hal_uart.o
 .text.UART_DMATxHalfCplt
                0x0000000008002cce       0x1c ./Drivers/STM32F4xx_HAL_Driver/Src/stm32f4xx_hal_uart.o
 .text.UART_DMAError
                0x0000000008002cea       0x94 ./Drivers/STM32F4xx_HAL_Driver/Src/stm32f4xx_hal_uart.o
 .text.UART_WaitOnFlagUntilTimeout
                0x0000000008002d7e       0xdc ./Drivers/STM32F4xx_HAL_Driver/Src/stm32f4xx_hal_uart.o
 .text.UART_EndTxTransfer
                0x0000000008002e5a       0x50 ./Drivers/STM32F4xx_HAL_Driver/Src/stm32f4xx_hal_uart.o
 .text.UART_EndRxTransfer
                0x0000000008002eaa       0xc6 ./Drivers/STM32F4xx_HAL_Driver/Src/stm32f4xx_hal_uart.o
 .text.UART_SetConfig
                0x0000000008002f70      0x4e8 ./Drivers/STM32F4xx_HAL_Driver/Src/stm32f4xx_hal_uart.o
 .text.USB_CoreInit
                0x0000000008003458       0xc2 ./Drivers/STM32F4xx_HAL_Driver/Src/stm32f4xx_ll_usb.o
                0x0000000008003458                USB_CoreInit
 .text.USB_DisableGlobalInt
                0x000000000800351a       0x22 ./Drivers/STM32F4xx_HAL_Driver/Src/stm32f4xx_ll_usb.o
                0x000000000800351a                USB_DisableGlobalInt
 .text.USB_SetCurrentMode
                0x000000000800353c       0x98 ./Drivers/STM32F4xx_HAL_Driver/Src/stm32f4xx_ll_usb.o
                0x000000000800353c                USB_SetCurrentMode
 .text.USB_DevInit
                0x00000000080035d4      0x2bc ./Drivers/STM32F4xx_HAL_Driver/Src/stm32f4xx_ll_usb.o
                0x00000000080035d4                USB_DevInit
 .text.USB_FlushTxFifo
                0x0000000008003890       0x68 ./Drivers/STM32F4xx_HAL_Driver/Src/stm32f4xx_ll_usb.o
                0x0000000008003890                USB_FlushTxFifo
 .text.USB_FlushRxFifo
                0x00000000080038f8       0x60 ./Drivers/STM32F4xx_HAL_Driver/Src/stm32f4xx_ll_usb.o
                0x00000000080038f8                USB_FlushRxFifo
 .text.USB_SetDevSpeed
                0x0000000008003958       0x32 ./Drivers/STM32F4xx_HAL_Driver/Src/stm32f4xx_ll_usb.o
                0x0000000008003958                USB_SetDevSpeed
 .text.USB_DevDisconnect
                0x000000000800398a       0x42 ./Drivers/STM32F4xx_HAL_Driver/Src/stm32f4xx_ll_usb.o
                0x000000000800398a                USB_DevDisconnect
 .text.USB_GetMode
                0x00000000080039cc       0x1c ./Drivers/STM32F4xx_HAL_Driver/Src/stm32f4xx_ll_usb.o
                0x00000000080039cc                USB_GetMode
 .text.USB_CoreReset
                0x00000000080039e8       0x68 ./Drivers/STM32F4xx_HAL_Driver/Src/stm32f4xx_ll_usb.o
 .text._ZNK7XFEvent12getEventTypeEv
                0x0000000008003a50       0x18 ./app/statemachine01.o
                0x0000000008003a50                XFEvent::getEventType() const
 .text._ZNK7XFEvent5getIdEv
                0x0000000008003a68       0x18 ./app/statemachine01.o
                0x0000000008003a68                XFEvent::getId() const
 .text._ZN13XFEventStatusC2ENS_12eEventStatusE
                0x0000000008003a80       0x20 ./app/statemachine01.o
                0x0000000008003a80                XFEventStatus::XFEventStatus(XFEventStatus::eEventStatus)
                0x0000000008003a80                XFEventStatus::XFEventStatus(XFEventStatus::eEventStatus)
 .text._ZN10XFBehavior15scheduleTimeoutEii
                0x0000000008003aa0       0x28 ./app/statemachine01.o
                0x0000000008003aa0                XFBehavior::scheduleTimeout(int, int)
 .text._ZNK14StateMachine0117getRepeatIntervalEv
                0x0000000008003ac8       0x18 ./app/statemachine01.o
                0x0000000008003ac8                StateMachine01::getRepeatInterval() const
 .text._ZNK14StateMachine017getTextB5cxx11Ev
                0x0000000008003ae0       0x1e ./app/statemachine01.o
                0x0000000008003ae0                StateMachine01::getText[abi:cxx11]() const
 *fill*         0x0000000008003afe        0x2 
 .text._ZN14StateMachine01C2EiNSt7__cxx1112basic_stringIcSt11char_traitsIcESaIcEEE
                0x0000000008003b00       0x40 ./app/statemachine01.o
                0x0000000008003b00                StateMachine01::StateMachine01(int, std::__cxx11::basic_string<char, std::char_traits<char>, std::allocator<char> >)
                0x0000000008003b00                StateMachine01::StateMachine01(int, std::__cxx11::basic_string<char, std::char_traits<char>, std::allocator<char> >)
 .text._ZN14StateMachine01D2Ev
                0x0000000008003b40       0x30 ./app/statemachine01.o
                0x0000000008003b40                StateMachine01::~StateMachine01()
                0x0000000008003b40                StateMachine01::~StateMachine01()
 .text._ZN14StateMachine01D0Ev
                0x0000000008003b70       0x20 ./app/statemachine01.o
                0x0000000008003b70                StateMachine01::~StateMachine01()
 .text._ZN14StateMachine0112processEventEv
                0x0000000008003b90      0x130 ./app/statemachine01.o
                0x0000000008003b90                StateMachine01::processEvent()
 .text._ZStplIcSt11char_traitsIcESaIcEENSt7__cxx1112basic_stringIT_T0_T1_EEOS8_PKS5_
                0x0000000008003cc0       0x2e ./app/statemachine01.o
                0x0000000008003cc0                std::__cxx11::basic_string<char, std::char_traits<char>, std::allocator<char> > std::operator+<char, std::char_traits<char>, std::allocator<char> >(std::__cxx11::basic_string<char, std::char_traits<char>, std::allocator<char> >&&, char const*)
 .text._ZSt4moveIRNSt7__cxx1112basic_stringIcSt11char_traitsIcESaIcEEEEONSt16remove_referenceIT_E4typeEOS8_
                0x0000000008003cee       0x16 ./app/statemachine01.o
                0x0000000008003cee                std::remove_reference<std::__cxx11::basic_string<char, std::char_traits<char>, std::allocator<char> >&>::type&& std::move<std::__cxx11::basic_string<char, std::char_traits<char>, std::allocator<char> >&>(std::__cxx11::basic_string<char, std::char_traits<char>, std::allocator<char> >&)
 .text.Factory_initialize
                0x0000000008003d04        0xc ./app/testfactory01.o
                0x0000000008003d04                Factory_initialize
 .text.Factory_build
                0x0000000008003d10        0xc ./app/testfactory01.o
                0x0000000008003d10                Factory_build
 .text._ZN13TestFactory0110initializeEv
                0x0000000008003d1c        0xe ./app/testfactory01.o
                0x0000000008003d1c                TestFactory01::initialize()
 *fill*         0x0000000008003d2a        0x2 
 .text._ZN13TestFactory015buildEv
                0x0000000008003d2c       0x30 ./app/testfactory01.o
                0x0000000008003d2c                TestFactory01::build()
 .text._Z41__static_initialization_and_destruction_0ii
                0x0000000008003d5c       0xcc ./app/testfactory01.o
 .text._GLOBAL__sub_I_Factory_initialize
                0x0000000008003e28       0x10 ./app/testfactory01.o
 .text._GLOBAL__sub_D_Factory_initialize
                0x0000000008003e38       0x10 ./app/testfactory01.o
 .text._ZL10traceMutexv
                0x0000000008003e48       0x18 ./platform/f7-disco-gcc/board/trace/trace.o
 .text._ZL14traceMutexLockv
                0x0000000008003e60       0x18 ./platform/f7-disco-gcc/board/trace/trace.o
 .text._ZL16traceMutexUnlockv
                0x0000000008003e78       0x18 ./platform/f7-disco-gcc/board/trace/trace.o
 .text.trace_initialize
                0x0000000008003e90        0xc ./platform/f7-disco-gcc/board/trace/trace.o
                0x0000000008003e90                trace_initialize
 .text.trace_out
                0x0000000008003e9c       0x48 ./platform/f7-disco-gcc/board/trace/trace.o
                0x0000000008003e9c                trace_out
 .text._ZN5Trace10initializeEv
                0x0000000008003ee4       0x14 ./platform/f7-disco-gcc/board/trace/trace.o
                0x0000000008003ee4                Trace::initialize()
 .text._ZL17checkStringEndingPcm
                0x0000000008003ef8       0x48 ./platform/f7-disco-gcc/board/trace/trace.o
 .text._ZN5Trace3outENSt7__cxx1112basic_stringIcSt11char_traitsIcESaIcEEE
                0x0000000008003f40       0x64 ./platform/f7-disco-gcc/board/trace/trace.o
                0x0000000008003f40                Trace::out(std::__cxx11::basic_string<char, std::char_traits<char>, std::allocator<char> >)
 .text._ZN5Trace3outEPKcz
                0x0000000008003fa4       0x50 ./platform/f7-disco-gcc/board/trace/trace.o
                0x0000000008003fa4                Trace::out(char const*, ...)
 .text._Z41__static_initialization_and_destruction_0ii
                0x0000000008003ff4       0x5c ./platform/f7-disco-gcc/board/trace/trace.o
 .text._GLOBAL__sub_I_trace_initialize
                0x0000000008004050       0x10 ./platform/f7-disco-gcc/board/trace/trace.o
 .text._GLOBAL__sub_D_trace_initialize
                0x0000000008004060       0x10 ./platform/f7-disco-gcc/board/trace/trace.o
 .text._Z5inISRv
                0x0000000008004070       0x18 ./platform/f7-disco-gcc/mcu/critical/critical.o
                0x0000000008004070                inISR()
 .text._Z13enterCriticalv
                0x0000000008004088       0x40 ./platform/f7-disco-gcc/mcu/critical/critical.o
                0x0000000008004088                enterCritical()
 .text._Z12exitCriticalv
                0x00000000080040c8       0x40 ./platform/f7-disco-gcc/mcu/critical/critical.o
                0x00000000080040c8                exitCritical()
 .text._ZN4UartC2EhP20__UART_HandleTypeDefb
                0x0000000008004108       0x98 ./platform/f7-disco-gcc/mcu/hal/uart.o
                0x0000000008004108                Uart::Uart(unsigned char, __UART_HandleTypeDef*, bool)
                0x0000000008004108                Uart::Uart(unsigned char, __UART_HandleTypeDef*, bool)
 .text._ZN4UartD2Ev
                0x00000000080041a0       0x20 ./platform/f7-disco-gcc/mcu/hal/uart.o
                0x00000000080041a0                Uart::~Uart()
                0x00000000080041a0                Uart::~Uart()
 .text._ZN4UartD0Ev
                0x00000000080041c0       0x20 ./platform/f7-disco-gcc/mcu/hal/uart.o
                0x00000000080041c0                Uart::~Uart()
 .text._ZN4Uart10initializeEv
                0x00000000080041e0       0x16 ./platform/f7-disco-gcc/mcu/hal/uart.o
                0x00000000080041e0                Uart::initialize()
 .text._ZN4Uart5writeEPKcj
                0x00000000080041f6       0x4c ./platform/f7-disco-gcc/mcu/hal/uart.o
                0x00000000080041f6                Uart::write(char const*, unsigned int)
 *fill*         0x0000000008004242        0x2 
 .text._ZN4Uart13writeUsingDMAEPKhm
                0x0000000008004244       0x70 ./platform/f7-disco-gcc/mcu/hal/uart.o
                0x0000000008004244                Uart::writeUsingDMA(unsigned char const*, unsigned long)
 .text._ZNK7XFEvent11getBehaviorEv
                0x00000000080042b4       0x18 ./xf/core/behavior.o
                0x00000000080042b4                XFEvent::getBehavior() const
 .text._ZN7XFEvent11setBehaviorEPN9interface10XFBehaviorE
                0x00000000080042cc       0x1c ./xf/core/behavior.o
                0x00000000080042cc                XFEvent::setBehavior(interface::XFBehavior*)
 .text._ZNK13XFEventStatuseqERKNS_12eEventStatusE
                0x00000000080042e8       0x28 ./xf/core/behavior.o
                0x00000000080042e8                XFEventStatus::operator==(XFEventStatus::eEventStatus const&) const
 .text._ZN9interface10XFBehaviorC2Ev
                0x0000000008004310       0x20 ./xf/core/behavior.o
                0x0000000008004310                interface::XFBehavior::XFBehavior()
                0x0000000008004310                interface::XFBehavior::XFBehavior()
 .text._ZN9interface10XFBehaviorD2Ev
                0x0000000008004330       0x20 ./xf/core/behavior.o
                0x0000000008004330                interface::XFBehavior::~XFBehavior()
                0x0000000008004330                interface::XFBehavior::~XFBehavior()
 .text._ZN9interface10XFBehaviorD0Ev
                0x0000000008004350       0x20 ./xf/core/behavior.o
                0x0000000008004350                interface::XFBehavior::~XFBehavior()
 .text._ZN10XFBehaviorC2Ev
                0x0000000008004370       0x2c ./xf/core/behavior.o
                0x0000000008004370                XFBehavior::XFBehavior()
                0x0000000008004370                XFBehavior::XFBehavior()
 .text._ZN10XFBehaviorD2Ev
                0x000000000800439c       0x3c ./xf/core/behavior.o
                0x000000000800439c                XFBehavior::~XFBehavior()
                0x000000000800439c                XFBehavior::~XFBehavior()
 .text._ZN10XFBehaviorD0Ev
                0x00000000080043d8       0x20 ./xf/core/behavior.o
                0x00000000080043d8                XFBehavior::~XFBehavior()
 .text._ZN10XFBehavior13startBehaviorEv
                0x00000000080043f8       0x30 ./xf/core/behavior.o
                0x00000000080043f8                XFBehavior::startBehavior()
 .text._ZN10XFBehavior9pushEventEP7XFEvent
                0x0000000008004428       0x46 ./xf/core/behavior.o
                0x0000000008004428                XFBehavior::pushEvent(XFEvent*)
 .text._ZNK10XFBehavior17deleteOnTerminateEv
                0x000000000800446e       0x18 ./xf/core/behavior.o
                0x000000000800446e                XFBehavior::deleteOnTerminate() const
 .text._ZN10XFBehavior20setDeleteOnTerminateEb
                0x0000000008004486       0x1e ./xf/core/behavior.o
                0x0000000008004486                XFBehavior::setDeleteOnTerminate(bool)
 .text._ZNK10XFBehavior15getCurrentEventEv
                0x00000000080044a4       0x18 ./xf/core/behavior.o
                0x00000000080044a4                XFBehavior::getCurrentEvent() const
 .text._ZN10XFBehavior13getDispatcherEv
                0x00000000080044bc       0x16 ./xf/core/behavior.o
                0x00000000080044bc                XFBehavior::getDispatcher()
 .text._ZN10XFBehavior17getCurrentTimeoutEv
                0x00000000080044d2       0x32 ./xf/core/behavior.o
                0x00000000080044d2                XFBehavior::getCurrentTimeout()
 .text._ZN10XFBehavior15setCurrentEventEPK7XFEvent
                0x0000000008004504       0x1c ./xf/core/behavior.o
                0x0000000008004504                XFBehavior::setCurrentEvent(XFEvent const*)
 .text._ZN10XFBehavior7processEPK7XFEvent
                0x0000000008004520       0xbc ./xf/core/behavior.o
                0x0000000008004520                XFBehavior::process(XFEvent const*)
 .text._ZN7XFEventC2ENS_11XFEventTypeEi
                0x00000000080045dc       0x38 ./xf/core/customevent.o
                0x00000000080045dc                XFEvent::XFEvent(XFEvent::XFEventType, int)
                0x00000000080045dc                XFEvent::XFEvent(XFEvent::XFEventType, int)
 .text._ZN7XFEventD2Ev
                0x0000000008004614       0x20 ./xf/core/customevent.o
                0x0000000008004614                XFEvent::~XFEvent()
                0x0000000008004614                XFEvent::~XFEvent()
 .text._ZN7XFEventD0Ev
                0x0000000008004634       0x20 ./xf/core/customevent.o
                0x0000000008004634                XFEvent::~XFEvent()
 .text._ZNK7XFEvent18deleteAfterConsumeEv
                0x0000000008004654       0x16 ./xf/core/customevent.o
                0x0000000008004654                XFEvent::deleteAfterConsume() const
 *fill*         0x000000000800466a        0x2 
 .text._ZN19XFDefaultTransitionC2Ev
                0x000000000800466c       0x28 ./xf/core/defaulttransition.o
                0x000000000800466c                XFDefaultTransition::XFDefaultTransition()
                0x000000000800466c                XFDefaultTransition::XFDefaultTransition()
 .text._ZNK19XFDefaultTransition18deleteAfterConsumeEv
                0x0000000008004694       0x16 ./xf/core/defaulttransition.o
                0x0000000008004694                XFDefaultTransition::deleteAfterConsume() const
 *fill*         0x00000000080046aa        0x2 
 .text._ZN19XFDefaultTransitionD2Ev
                0x00000000080046ac       0x24 ./xf/core/defaulttransition.o
                0x00000000080046ac                XFDefaultTransition::~XFDefaultTransition()
                0x00000000080046ac                XFDefaultTransition::~XFDefaultTransition()
 .text._ZN19XFDefaultTransitionD0Ev
                0x00000000080046d0       0x20 ./xf/core/defaulttransition.o
                0x00000000080046d0                XFDefaultTransition::~XFDefaultTransition()
 .text._ZN14XFInitialEventC2Ev
                0x00000000080046f0       0x28 ./xf/core/initialevent.o
                0x00000000080046f0                XFInitialEvent::XFInitialEvent()
                0x00000000080046f0                XFInitialEvent::XFInitialEvent()
 .text._ZNK14XFInitialEvent18deleteAfterConsumeEv
                0x0000000008004718       0x16 ./xf/core/initialevent.o
                0x0000000008004718                XFInitialEvent::deleteAfterConsume() const
 *fill*         0x000000000800472e        0x2 
 .text._ZN14XFInitialEventD2Ev
                0x0000000008004730       0x24 ./xf/core/initialevent.o
                0x0000000008004730                XFInitialEvent::~XFInitialEvent()
                0x0000000008004730                XFInitialEvent::~XFInitialEvent()
 .text._ZN14XFInitialEventD0Ev
                0x0000000008004754       0x20 ./xf/core/initialevent.o
                0x0000000008004754                XFInitialEvent::~XFInitialEvent()
 .text._ZN9XFTimeoutC2EiiPN9interface10XFBehaviorE
                0x0000000008004774       0x40 ./xf/core/timeout.o
                0x0000000008004774                XFTimeout::XFTimeout(int, int, interface::XFBehavior*)
                0x0000000008004774                XFTimeout::XFTimeout(int, int, interface::XFBehavior*)
 .text._ZNK9XFTimeout18deleteAfterConsumeEv
                0x00000000080047b4       0x16 ./xf/core/timeout.o
                0x00000000080047b4                XFTimeout::deleteAfterConsume() const
 *fill*         0x00000000080047ca        0x2 
 .text._ZN9XFTimeoutD2Ev
                0x00000000080047cc       0x24 ./xf/core/timeout.o
                0x00000000080047cc                XFTimeout::~XFTimeout()
                0x00000000080047cc                XFTimeout::~XFTimeout()
 .text._ZN9XFTimeoutD0Ev
                0x00000000080047f0       0x20 ./xf/core/timeout.o
                0x00000000080047f0                XFTimeout::~XFTimeout()
 .text.__tcf_0  0x0000000008004810       0x10 ./xf/port/common/dispatcher.o
 .text._ZN9interface12XFDispatcher11getInstanceEv
                0x0000000008004820       0x58 ./xf/port/common/dispatcher.o
                0x0000000008004820                interface::XFDispatcher::getInstance()
 .text._ZN9interface12XFDispatcherD2Ev
                0x0000000008004878       0x20 ./xf/port/common/dispatcher.o
                0x0000000008004878                interface::XFDispatcher::~XFDispatcher()
                0x0000000008004878                interface::XFDispatcher::~XFDispatcher()
 .text._ZN9interface12XFDispatcherD0Ev
                0x0000000008004898       0x20 ./xf/port/common/dispatcher.o
                0x0000000008004898                interface::XFDispatcher::~XFDispatcher()
 .text._ZN12XFDispatcherD2Ev
                0x00000000080048b8       0x30 ./xf/port/common/dispatcher.o
                0x00000000080048b8                XFDispatcher::~XFDispatcher()
                0x00000000080048b8                XFDispatcher::~XFDispatcher()
 .text._ZN12XFDispatcherD0Ev
                0x00000000080048e8       0x20 ./xf/port/common/dispatcher.o
                0x00000000080048e8                XFDispatcher::~XFDispatcher()
 .text._ZN12XFDispatcher9pushEventEP7XFEvent
                0x0000000008004908       0x20 ./xf/port/common/dispatcher.o
                0x0000000008004908                XFDispatcher::pushEvent(XFEvent*)
 .text._ZN12XFDispatcher15scheduleTimeoutEiiPN9interface10XFBehaviorE
                0x0000000008004928       0x28 ./xf/port/common/dispatcher.o
                0x0000000008004928                XFDispatcher::scheduleTimeout(int, int, interface::XFBehavior*)
 .text._ZN12XFDispatcher17unscheduleTimeoutEiPN9interface10XFBehaviorE
                0x0000000008004950       0x28 ./xf/port/common/dispatcher.o
                0x0000000008004950                XFDispatcher::unscheduleTimeout(int, interface::XFBehavior*)
 .text._ZN12XFDispatcher11executeOnceEv
                0x0000000008004978       0x4a ./xf/port/common/dispatcher.o
                0x0000000008004978                XFDispatcher::executeOnce()
 .text._ZN12XFDispatcher7executeEPKv
                0x00000000080049c2       0x18 ./xf/port/common/dispatcher.o
                0x00000000080049c2                XFDispatcher::execute(void const*)
 *fill*         0x00000000080049da        0x2 
 .text._ZN9interface12XFDispatcherC2Ev
                0x00000000080049dc       0x20 ./xf/port/common/dispatcher.o
                0x00000000080049dc                interface::XFDispatcher::XFDispatcher()
                0x00000000080049dc                interface::XFDispatcher::XFDispatcher()
 .text._ZN12XFDispatcherC2Ev
                0x00000000080049fc       0x30 ./xf/port/common/dispatcher.o
                0x00000000080049fc                XFDispatcher::XFDispatcher()
                0x00000000080049fc                XFDispatcher::XFDispatcher()
 .text._ZNK12XFDispatcher13dispatchEventEPK7XFEvent
                0x0000000008004a2c       0x46 ./xf/port/common/dispatcher.o
                0x0000000008004a2c                XFDispatcher::dispatchEvent(XFEvent const*) const
 .text._ZnwjPv  0x0000000008004a72       0x18 ./xf/port/common/timeoutmanager.o
                0x0000000008004a72                operator new(unsigned int, void*)
 .text._ZNSt8__detail17_List_node_headerC2Ev
                0x0000000008004a8a       0x18 ./xf/port/common/timeoutmanager.o
                0x0000000008004a8a                std::__detail::_List_node_header::_List_node_header()
                0x0000000008004a8a                std::__detail::_List_node_header::_List_node_header()
 .text._ZNSt8__detail17_List_node_header7_M_initEv
                0x0000000008004aa2       0x28 ./xf/port/common/timeoutmanager.o
                0x0000000008004aa2                std::__detail::_List_node_header::_M_init()
 .text._ZNKSt14_Function_base8_M_emptyEv
                0x0000000008004aca       0x22 ./xf/port/common/timeoutmanager.o
                0x0000000008004aca                std::_Function_base::_M_empty() const
 .text._ZN9interface16XFTimeoutManager10initializeEl
                0x0000000008004aec       0x1c ./xf/port/common/timeoutmanager.o
                0x0000000008004aec                interface::XFTimeoutManager::initialize(long)
 .text._ZNK9interface16XFTimeoutManager15getTickIntervalEv
                0x0000000008004b08       0x18 ./xf/port/common/timeoutmanager.o
                0x0000000008004b08                interface::XFTimeoutManager::getTickInterval() const
 .text._ZN9interface16XFTimeoutManagerC2Ev
                0x0000000008004b20       0x28 ./xf/port/common/timeoutmanager.o
                0x0000000008004b20                interface::XFTimeoutManager::XFTimeoutManager()
                0x0000000008004b20                interface::XFTimeoutManager::XFTimeoutManager()
 .text._ZN9XFTimeout11setRelTicksEi
                0x0000000008004b48       0x1c ./xf/port/common/timeoutmanager.o
                0x0000000008004b48                XFTimeout::setRelTicks(int)
 .text._ZNK9XFTimeout11getRelTicksEv
                0x0000000008004b64       0x18 ./xf/port/common/timeoutmanager.o
                0x0000000008004b64                XFTimeout::getRelTicks() const
 .text._ZN9XFTimeout21substractFromRelTicksEi
                0x0000000008004b7c       0x22 ./xf/port/common/timeoutmanager.o
                0x0000000008004b7c                XFTimeout::substractFromRelTicks(int)
 *fill*         0x0000000008004b9e        0x2 
 .text.__tcf_0  0x0000000008004ba0       0x10 ./xf/port/common/timeoutmanager.o
 .text._ZN9interface16XFTimeoutManager11getInstanceEv
                0x0000000008004bb0       0x58 ./xf/port/common/timeoutmanager.o
                0x0000000008004bb0                interface::XFTimeoutManager::getInstance()
 .text._ZN9interface16XFTimeoutManagerD2Ev
                0x0000000008004c08       0x20 ./xf/port/common/timeoutmanager.o
                0x0000000008004c08                interface::XFTimeoutManager::~XFTimeoutManager()
                0x0000000008004c08                interface::XFTimeoutManager::~XFTimeoutManager()
 .text._ZN9interface16XFTimeoutManagerD0Ev
                0x0000000008004c28       0x20 ./xf/port/common/timeoutmanager.o
                0x0000000008004c28                interface::XFTimeoutManager::~XFTimeoutManager()
 .text._ZNSt7__cxx114listIP9XFTimeoutSaIS2_EED2Ev
                0x0000000008004c48       0x1a ./xf/port/common/timeoutmanager.o
                0x0000000008004c48                std::__cxx11::list<XFTimeout*, std::allocator<XFTimeout*> >::~list()
                0x0000000008004c48                std::__cxx11::list<XFTimeout*, std::allocator<XFTimeout*> >::~list()
 *fill*         0x0000000008004c62        0x2 
 .text._ZN16XFTimeoutManagerD2Ev
                0x0000000008004c64       0x30 ./xf/port/common/timeoutmanager.o
                0x0000000008004c64                XFTimeoutManager::~XFTimeoutManager()
                0x0000000008004c64                XFTimeoutManager::~XFTimeoutManager()
 .text._ZN16XFTimeoutManagerD0Ev
                0x0000000008004c94       0x20 ./xf/port/common/timeoutmanager.o
                0x0000000008004c94                XFTimeoutManager::~XFTimeoutManager()
 .text._ZN16XFTimeoutManager5startESt8functionIFvmEE
                0x0000000008004cb4       0x1e ./xf/port/common/timeoutmanager.o
                0x0000000008004cb4                XFTimeoutManager::start(std::function<void (unsigned long)>)
 .text._ZN16XFTimeoutManager15scheduleTimeoutEllPN9interface10XFBehaviorE
                0x0000000008004cd2       0x5c ./xf/port/common/timeoutmanager.o
                0x0000000008004cd2                XFTimeoutManager::scheduleTimeout(long, long, interface::XFBehavior*)
 .text._ZN16XFTimeoutManager17unscheduleTimeoutElPN9interface10XFBehaviorE
                0x0000000008004d2e       0xcc ./xf/port/common/timeoutmanager.o
                0x0000000008004d2e                XFTimeoutManager::unscheduleTimeout(long, interface::XFBehavior*)
 .text._ZN16XFTimeoutManager4tickEv
                0x0000000008004dfa      0x114 ./xf/port/common/timeoutmanager.o
                0x0000000008004dfa                XFTimeoutManager::tick()
 .text._ZNSt7__cxx1110_List_baseIP9XFTimeoutSaIS2_EE10_List_implD2Ev
                0x0000000008004f0e       0x18 ./xf/port/common/timeoutmanager.o
                0x0000000008004f0e                std::__cxx11::_List_base<XFTimeout*, std::allocator<XFTimeout*> >::_List_impl::~_List_impl()
                0x0000000008004f0e                std::__cxx11::_List_base<XFTimeout*, std::allocator<XFTimeout*> >::_List_impl::~_List_impl()
 .text._ZNSt7__cxx1110_List_baseIP9XFTimeoutSaIS2_EEC2Ev
                0x0000000008004f26       0x1a ./xf/port/common/timeoutmanager.o
                0x0000000008004f26                std::__cxx11::_List_base<XFTimeout*, std::allocator<XFTimeout*> >::_List_base()
                0x0000000008004f26                std::__cxx11::_List_base<XFTimeout*, std::allocator<XFTimeout*> >::_List_base()
 .text._ZNSt7__cxx114listIP9XFTimeoutSaIS2_EEC2Ev
                0x0000000008004f40       0x1a ./xf/port/common/timeoutmanager.o
                0x0000000008004f40                std::__cxx11::list<XFTimeout*, std::allocator<XFTimeout*> >::list()
                0x0000000008004f40                std::__cxx11::list<XFTimeout*, std::allocator<XFTimeout*> >::list()
 *fill*         0x0000000008004f5a        0x2 
 .text._ZN16XFTimeoutManagerC2Ev
                0x0000000008004f5c       0x38 ./xf/port/common/timeoutmanager.o
                0x0000000008004f5c                XFTimeoutManager::XFTimeoutManager()
                0x0000000008004f5c                XFTimeoutManager::XFTimeoutManager()
 .text._ZN16XFTimeoutManager10addTimeoutEP9XFTimeout
                0x0000000008004f94      0x18e ./xf/port/common/timeoutmanager.o
                0x0000000008004f94                XFTimeoutManager::addTimeout(XFTimeout*)
 .text._ZN16XFTimeoutManager13returnTimeoutEP9XFTimeout
                0x0000000008005122       0x28 ./xf/port/common/timeoutmanager.o
                0x0000000008005122                XFTimeoutManager::returnTimeout(XFTimeout*)
 .text._ZNSt7__cxx1110_List_baseIP9XFTimeoutSaIS2_EED2Ev
                0x000000000800514a       0x20 ./xf/port/common/timeoutmanager.o
                0x000000000800514a                std::__cxx11::_List_base<XFTimeout*, std::allocator<XFTimeout*> >::~_List_base()
                0x000000000800514a                std::__cxx11::_List_base<XFTimeout*, std::allocator<XFTimeout*> >::~_List_base()
 .text._ZNKSt8functionIFvmEEclEm
                0x000000000800516a       0x3a ./xf/port/common/timeoutmanager.o
                0x000000000800516a                std::function<void (unsigned long)>::operator()(unsigned long) const
 .text._ZNSt14_List_iteratorIP9XFTimeoutEC2Ev
                0x00000000080051a4       0x1c ./xf/port/common/timeoutmanager.o
                0x00000000080051a4                std::_List_iterator<XFTimeout*>::_List_iterator()
                0x00000000080051a4                std::_List_iterator<XFTimeout*>::_List_iterator()
 .text._ZNSt7__cxx114listIP9XFTimeoutSaIS2_EE5beginEv
                0x00000000080051c0       0x22 ./xf/port/common/timeoutmanager.o
                0x00000000080051c0                std::__cxx11::list<XFTimeout*, std::allocator<XFTimeout*> >::begin()
 .text._ZNSt7__cxx114listIP9XFTimeoutSaIS2_EE3endEv
                0x00000000080051e2       0x20 ./xf/port/common/timeoutmanager.o
                0x00000000080051e2                std::__cxx11::list<XFTimeout*, std::allocator<XFTimeout*> >::end()
 .text._ZStneRKSt14_List_iteratorIP9XFTimeoutES4_
                0x0000000008005202       0x28 ./xf/port/common/timeoutmanager.o
                0x0000000008005202                std::operator!=(std::_List_iterator<XFTimeout*> const&, std::_List_iterator<XFTimeout*> const&)
 .text._ZNSt14_List_iteratorIP9XFTimeoutEppEi
                0x000000000800522a       0x28 ./xf/port/common/timeoutmanager.o
                0x000000000800522a                std::_List_iterator<XFTimeout*>::operator++(int)
 .text._ZNKSt14_List_iteratorIP9XFTimeoutEdeEv
                0x0000000008005252       0x1c ./xf/port/common/timeoutmanager.o
                0x0000000008005252                std::_List_iterator<XFTimeout*>::operator*() const
 .text._ZNSt20_List_const_iteratorIP9XFTimeoutEC2ERKSt14_List_iteratorIS1_E
                0x000000000800526e       0x20 ./xf/port/common/timeoutmanager.o
                0x000000000800526e                std::_List_const_iterator<XFTimeout*>::_List_const_iterator(std::_List_iterator<XFTimeout*> const&)
                0x000000000800526e                std::_List_const_iterator<XFTimeout*>::_List_const_iterator(std::_List_iterator<XFTimeout*> const&)
 .text._ZNSt7__cxx114listIP9XFTimeoutSaIS2_EE5eraseESt20_List_const_iteratorIS2_E
                0x000000000800528e       0x36 ./xf/port/common/timeoutmanager.o
                0x000000000800528e                std::__cxx11::list<XFTimeout*, std::allocator<XFTimeout*> >::erase(std::_List_const_iterator<XFTimeout*>)
 .text._ZNKSt7__cxx114listIP9XFTimeoutSaIS2_EE5emptyEv
                0x00000000080052c4       0x24 ./xf/port/common/timeoutmanager.o
                0x00000000080052c4                std::__cxx11::list<XFTimeout*, std::allocator<XFTimeout*> >::empty() const
 .text._ZNSt7__cxx1110_List_baseIP9XFTimeoutSaIS2_EE10_List_implC2Ev
                0x00000000080052e8       0x20 ./xf/port/common/timeoutmanager.o
                0x00000000080052e8                std::__cxx11::_List_base<XFTimeout*, std::allocator<XFTimeout*> >::_List_impl::_List_impl()
                0x00000000080052e8                std::__cxx11::_List_base<XFTimeout*, std::allocator<XFTimeout*> >::_List_impl::_List_impl()
 .text._ZNSaISt10_List_nodeIP9XFTimeoutEED2Ev
                0x0000000008005308       0x18 ./xf/port/common/timeoutmanager.o
                0x0000000008005308                std::allocator<std::_List_node<XFTimeout*> >::~allocator()
                0x0000000008005308                std::allocator<std::_List_node<XFTimeout*> >::~allocator()
 .text._ZNSt7__cxx114listIP9XFTimeoutSaIS2_EE6insertESt20_List_const_iteratorIS2_ERKS2_
                0x0000000008005320       0x4c ./xf/port/common/timeoutmanager.o
                0x0000000008005320                std::__cxx11::list<XFTimeout*, std::allocator<XFTimeout*> >::insert(std::_List_const_iterator<XFTimeout*>, XFTimeout* const&)
 .text._ZNSt7__cxx114listIP9XFTimeoutSaIS2_EE9push_backERKS2_
                0x000000000800536c       0x24 ./xf/port/common/timeoutmanager.o
                0x000000000800536c                std::__cxx11::list<XFTimeout*, std::allocator<XFTimeout*> >::push_back(XFTimeout* const&)
 .text._ZNSt7__cxx114listIP9XFTimeoutSaIS2_EE10push_frontERKS2_
                0x0000000008005390       0x24 ./xf/port/common/timeoutmanager.o
                0x0000000008005390                std::__cxx11::list<XFTimeout*, std::allocator<XFTimeout*> >::push_front(XFTimeout* const&)
 .text._ZNSt7__cxx1110_List_baseIP9XFTimeoutSaIS2_EE8_M_clearEv
                0x00000000080053b4       0x4c ./xf/port/common/timeoutmanager.o
                0x00000000080053b4                std::__cxx11::_List_base<XFTimeout*, std::allocator<XFTimeout*> >::_M_clear()
 .text._ZSt7forwardImEOT_RNSt16remove_referenceIS0_E4typeE
                0x0000000008005400       0x16 ./xf/port/common/timeoutmanager.o
                0x0000000008005400                unsigned long&& std::forward<unsigned long>(std::remove_reference<unsigned long>::type&)
 .text._ZNSt14_List_iteratorIP9XFTimeoutEC2EPNSt8__detail15_List_node_baseE
                0x0000000008005416       0x1e ./xf/port/common/timeoutmanager.o
                0x0000000008005416                std::_List_iterator<XFTimeout*>::_List_iterator(std::__detail::_List_node_base*)
                0x0000000008005416                std::_List_iterator<XFTimeout*>::_List_iterator(std::__detail::_List_node_base*)
 .text._ZNSt10_List_nodeIP9XFTimeoutE9_M_valptrEv
                0x0000000008005434       0x1c ./xf/port/common/timeoutmanager.o
                0x0000000008005434                std::_List_node<XFTimeout*>::_M_valptr()
 .text._ZNSt7__cxx114listIP9XFTimeoutSaIS2_EE8_M_eraseESt14_List_iteratorIS2_E
                0x0000000008005450       0x4c ./xf/port/common/timeoutmanager.o
                0x0000000008005450                std::__cxx11::list<XFTimeout*, std::allocator<XFTimeout*> >::_M_erase(std::_List_iterator<XFTimeout*>)
 .text._ZNKSt20_List_const_iteratorIP9XFTimeoutE13_M_const_castEv
                0x000000000800549c       0x22 ./xf/port/common/timeoutmanager.o
                0x000000000800549c                std::_List_const_iterator<XFTimeout*>::_M_const_cast() const
 .text._ZNSaISt10_List_nodeIP9XFTimeoutEEC2Ev
                0x00000000080054be       0x18 ./xf/port/common/timeoutmanager.o
                0x00000000080054be                std::allocator<std::_List_node<XFTimeout*> >::allocator()
                0x00000000080054be                std::allocator<std::_List_node<XFTimeout*> >::allocator()
 .text._ZN9__gnu_cxx13new_allocatorISt10_List_nodeIP9XFTimeoutEED2Ev
                0x00000000080054d6       0x16 ./xf/port/common/timeoutmanager.o
                0x00000000080054d6                __gnu_cxx::new_allocator<std::_List_node<XFTimeout*> >::~new_allocator()
                0x00000000080054d6                __gnu_cxx::new_allocator<std::_List_node<XFTimeout*> >::~new_allocator()
 .text._ZNSt7__cxx114listIP9XFTimeoutSaIS2_EE14_M_create_nodeIJRKS2_EEEPSt10_List_nodeIS2_EDpOT_
                0x00000000080054ec       0x68 ./xf/port/common/timeoutmanager.o
                0x00000000080054ec                std::_List_node<XFTimeout*>* std::__cxx11::list<XFTimeout*, std::allocator<XFTimeout*> >::_M_create_node<XFTimeout* const&>(XFTimeout* const&)
 .text._ZNSt7__cxx1110_List_baseIP9XFTimeoutSaIS2_EE11_M_inc_sizeEj
                0x0000000008005554       0x22 ./xf/port/common/timeoutmanager.o
                0x0000000008005554                std::__cxx11::_List_base<XFTimeout*, std::allocator<XFTimeout*> >::_M_inc_size(unsigned int)
 .text._ZNSt7__cxx114listIP9XFTimeoutSaIS2_EE9_M_insertIJRKS2_EEEvSt14_List_iteratorIS2_EDpOT_
                0x0000000008005576       0x3c ./xf/port/common/timeoutmanager.o
                0x0000000008005576                void std::__cxx11::list<XFTimeout*, std::allocator<XFTimeout*> >::_M_insert<XFTimeout* const&>(std::_List_iterator<XFTimeout*>, XFTimeout* const&)
 .text._ZNSt7__cxx1110_List_baseIP9XFTimeoutSaIS2_EE21_M_get_Node_allocatorEv
                0x00000000080055b2       0x16 ./xf/port/common/timeoutmanager.o
                0x00000000080055b2                std::__cxx11::_List_base<XFTimeout*, std::allocator<XFTimeout*> >::_M_get_Node_allocator()
 .text._ZNSt16allocator_traitsISaISt10_List_nodeIP9XFTimeoutEEE7destroyIS2_EEvRS4_PT_
                0x00000000080055c8       0x1a ./xf/port/common/timeoutmanager.o
                0x00000000080055c8                void std::allocator_traits<std::allocator<std::_List_node<XFTimeout*> > >::destroy<XFTimeout*>(std::allocator<std::_List_node<XFTimeout*> >&, XFTimeout**)
 .text._ZNSt7__cxx1110_List_baseIP9XFTimeoutSaIS2_EE11_M_put_nodeEPSt10_List_nodeIS2_E
                0x00000000080055e2       0x1e ./xf/port/common/timeoutmanager.o
                0x00000000080055e2                std::__cxx11::_List_base<XFTimeout*, std::allocator<XFTimeout*> >::_M_put_node(std::_List_node<XFTimeout*>*)
 .text._ZN9__gnu_cxx16__aligned_membufIP9XFTimeoutE6_M_ptrEv
                0x0000000008005600       0x18 ./xf/port/common/timeoutmanager.o
                0x0000000008005600                __gnu_cxx::__aligned_membuf<XFTimeout*>::_M_ptr()
 .text._ZNSt7__cxx1110_List_baseIP9XFTimeoutSaIS2_EE11_M_dec_sizeEj
                0x0000000008005618       0x22 ./xf/port/common/timeoutmanager.o
                0x0000000008005618                std::__cxx11::_List_base<XFTimeout*, std::allocator<XFTimeout*> >::_M_dec_size(unsigned int)
 .text._ZN9__gnu_cxx13new_allocatorISt10_List_nodeIP9XFTimeoutEEC2Ev
                0x000000000800563a       0x16 ./xf/port/common/timeoutmanager.o
                0x000000000800563a                __gnu_cxx::new_allocator<std::_List_node<XFTimeout*> >::new_allocator()
                0x000000000800563a                __gnu_cxx::new_allocator<std::_List_node<XFTimeout*> >::new_allocator()
 .text._ZNSt7__cxx1110_List_baseIP9XFTimeoutSaIS2_EE11_M_get_nodeEv
                0x0000000008005650       0x1c ./xf/port/common/timeoutmanager.o
                0x0000000008005650                std::__cxx11::_List_base<XFTimeout*, std::allocator<XFTimeout*> >::_M_get_node()
 .text._ZNSt15__allocated_ptrISaISt10_List_nodeIP9XFTimeoutEEEC2ERS4_PS3_
                0x000000000800566c       0x28 ./xf/port/common/timeoutmanager.o
                0x000000000800566c                std::__allocated_ptr<std::allocator<std::_List_node<XFTimeout*> > >::__allocated_ptr(std::allocator<std::_List_node<XFTimeout*> >&, std::_List_node<XFTimeout*>*)
                0x000000000800566c                std::__allocated_ptr<std::allocator<std::_List_node<XFTimeout*> > >::__allocated_ptr(std::allocator<std::_List_node<XFTimeout*> >&, std::_List_node<XFTimeout*>*)
 .text._ZNSt15__allocated_ptrISaISt10_List_nodeIP9XFTimeoutEEED2Ev
                0x0000000008005694       0x2a ./xf/port/common/timeoutmanager.o
                0x0000000008005694                std::__allocated_ptr<std::allocator<std::_List_node<XFTimeout*> > >::~__allocated_ptr()
                0x0000000008005694                std::__allocated_ptr<std::allocator<std::_List_node<XFTimeout*> > >::~__allocated_ptr()
 .text._ZSt7forwardIRKP9XFTimeoutEOT_RNSt16remove_referenceIS4_E4typeE
                0x00000000080056be       0x16 ./xf/port/common/timeoutmanager.o
                0x00000000080056be                XFTimeout* const& std::forward<XFTimeout* const&>(std::remove_reference<XFTimeout* const&>::type&)
 .text._ZNSt16allocator_traitsISaISt10_List_nodeIP9XFTimeoutEEE9constructIS2_JRKS2_EEEvRS4_PT_DpOT0_
                0x00000000080056d4       0x26 ./xf/port/common/timeoutmanager.o
                0x00000000080056d4                void std::allocator_traits<std::allocator<std::_List_node<XFTimeout*> > >::construct<XFTimeout*, XFTimeout* const&>(std::allocator<std::_List_node<XFTimeout*> >&, XFTimeout**, XFTimeout* const&)
 .text._ZNSt15__allocated_ptrISaISt10_List_nodeIP9XFTimeoutEEEaSEDn
                0x00000000080056fa       0x1e ./xf/port/common/timeoutmanager.o
                0x00000000080056fa                std::__allocated_ptr<std::allocator<std::_List_node<XFTimeout*> > >::operator=(decltype(nullptr))
 .text._ZN9__gnu_cxx13new_allocatorISt10_List_nodeIP9XFTimeoutEE7destroyIS3_EEvPT_
                0x0000000008005718       0x16 ./xf/port/common/timeoutmanager.o
                0x0000000008005718                void __gnu_cxx::new_allocator<std::_List_node<XFTimeout*> >::destroy<XFTimeout*>(XFTimeout**)
 .text._ZNSt16allocator_traitsISaISt10_List_nodeIP9XFTimeoutEEE10deallocateERS4_PS3_j
                0x000000000800572e       0x1e ./xf/port/common/timeoutmanager.o
                0x000000000800572e                std::allocator_traits<std::allocator<std::_List_node<XFTimeout*> > >::deallocate(std::allocator<std::_List_node<XFTimeout*> >&, std::_List_node<XFTimeout*>*, unsigned int)
 .text._ZN9__gnu_cxx16__aligned_membufIP9XFTimeoutE7_M_addrEv
                0x000000000800574c       0x16 ./xf/port/common/timeoutmanager.o
                0x000000000800574c                __gnu_cxx::__aligned_membuf<XFTimeout*>::_M_addr()
 .text._ZNSt16allocator_traitsISaISt10_List_nodeIP9XFTimeoutEEE8allocateERS4_j
                0x0000000008005762       0x1e ./xf/port/common/timeoutmanager.o
                0x0000000008005762                std::allocator_traits<std::allocator<std::_List_node<XFTimeout*> > >::allocate(std::allocator<std::_List_node<XFTimeout*> >&, unsigned int)
 .text._ZSt11__addressofISaISt10_List_nodeIP9XFTimeoutEEEPT_RS5_
                0x0000000008005780       0x16 ./xf/port/common/timeoutmanager.o
                0x0000000008005780                std::allocator<std::_List_node<XFTimeout*> >* std::__addressof<std::allocator<std::_List_node<XFTimeout*> > >(std::allocator<std::_List_node<XFTimeout*> >&)
 .text._ZN9__gnu_cxx13new_allocatorISt10_List_nodeIP9XFTimeoutEE9constructIS3_JRKS3_EEEvPT_DpOT0_
                0x0000000008005796       0x2c ./xf/port/common/timeoutmanager.o
                0x0000000008005796                void __gnu_cxx::new_allocator<std::_List_node<XFTimeout*> >::construct<XFTimeout*, XFTimeout* const&>(XFTimeout**, XFTimeout* const&)
 .text._ZN9__gnu_cxx13new_allocatorISt10_List_nodeIP9XFTimeoutEE10deallocateEPS4_j
                0x00000000080057c2       0x26 ./xf/port/common/timeoutmanager.o
                0x00000000080057c2                __gnu_cxx::new_allocator<std::_List_node<XFTimeout*> >::deallocate(std::_List_node<XFTimeout*>*, unsigned int)
 .text._ZNK9__gnu_cxx13new_allocatorISt10_List_nodeIP9XFTimeoutEE11_M_max_sizeEv
                0x00000000080057e8       0x1c ./xf/port/common/timeoutmanager.o
                0x00000000080057e8                __gnu_cxx::new_allocator<std::_List_node<XFTimeout*> >::_M_max_size() const
 .text._ZN9__gnu_cxx13new_allocatorISt10_List_nodeIP9XFTimeoutEE8allocateEjPKv
                0x0000000008005804       0x5c ./xf/port/common/timeoutmanager.o
                0x0000000008005804                __gnu_cxx::new_allocator<std::_List_node<XFTimeout*> >::allocate(unsigned int, void const*)
 .text.XF_tick  0x0000000008005860       0x34 ./xf/port/idf-stm32/c-wrapper-functions.o
                0x0000000008005860                XF_tick
 .text.XF_tickIntervalInMilliseconds
                0x0000000008005894       0x1a ./xf/port/idf-stm32/c-wrapper-functions.o
                0x0000000008005894                XF_tickIntervalInMilliseconds
 .text.XF_isRunning
                0x00000000080058ae        0xe ./xf/port/idf-stm32/c-wrapper-functions.o
                0x00000000080058ae                XF_isRunning
 .text._ZSt16__deque_buf_sizej
                0x00000000080058bc       0x2a ./xf/port/idf-stm32/eventqueue.o
                0x00000000080058bc                std::__deque_buf_size(unsigned int)
 .text._ZN12XFEventQueue4pendEv
                0x00000000080058e6       0x16 ./xf/port/idf-stm32/eventqueue.o
                0x00000000080058e6                XFEventQueue::pend()
 .text._ZN9interface12XFEventQueueC2Ev
                0x00000000080058fc       0x20 ./xf/port/idf-stm32/eventqueue.o
                0x00000000080058fc                interface::XFEventQueue::XFEventQueue()
                0x00000000080058fc                interface::XFEventQueue::XFEventQueue()
 .text._ZN9interface12XFEventQueueD2Ev
                0x000000000800591c       0x20 ./xf/port/idf-stm32/eventqueue.o
                0x000000000800591c                interface::XFEventQueue::~XFEventQueue()
                0x000000000800591c                interface::XFEventQueue::~XFEventQueue()
 .text._ZN9interface12XFEventQueueD0Ev
                0x000000000800593c       0x20 ./xf/port/idf-stm32/eventqueue.o
                0x000000000800593c                interface::XFEventQueue::~XFEventQueue()
 .text._ZN9interface7XFMutexC2Ev
                0x000000000800595c       0x20 ./xf/port/idf-stm32/eventqueue.o
                0x000000000800595c                interface::XFMutex::XFMutex()
                0x000000000800595c                interface::XFMutex::XFMutex()
 .text._ZN9interface7XFMutexD2Ev
                0x000000000800597c       0x20 ./xf/port/idf-stm32/eventqueue.o
                0x000000000800597c                interface::XFMutex::~XFMutex()
                0x000000000800597c                interface::XFMutex::~XFMutex()
 .text._ZN9interface7XFMutexD0Ev
                0x000000000800599c       0x20 ./xf/port/idf-stm32/eventqueue.o
                0x000000000800599c                interface::XFMutex::~XFMutex()
 .text._ZN7XFMutexC2Ev
                0x00000000080059bc       0x24 ./xf/port/idf-stm32/eventqueue.o
                0x00000000080059bc                XFMutex::XFMutex()
                0x00000000080059bc                XFMutex::XFMutex()
 .text._ZNSt5queueIPK7XFEventSt5dequeIS2_SaIS2_EEED2Ev
                0x00000000080059e0       0x1a ./xf/port/idf-stm32/eventqueue.o
                0x00000000080059e0                std::queue<XFEvent const*, std::deque<XFEvent const*, std::allocator<XFEvent const*> > >::~queue()
                0x00000000080059e0                std::queue<XFEvent const*, std::deque<XFEvent const*, std::allocator<XFEvent const*> > >::~queue()
 *fill*         0x00000000080059fa        0x2 
 .text._ZN12XFEventQueueC2Ev
                0x00000000080059fc       0x38 ./xf/port/idf-stm32/eventqueue.o
                0x00000000080059fc                XFEventQueue::XFEventQueue()
                0x00000000080059fc                XFEventQueue::XFEventQueue()
 .text._ZN12XFEventQueueD2Ev
                0x0000000008005a34       0x38 ./xf/port/idf-stm32/eventqueue.o
                0x0000000008005a34                XFEventQueue::~XFEventQueue()
                0x0000000008005a34                XFEventQueue::~XFEventQueue()
 .text._ZN12XFEventQueueD0Ev
                0x0000000008005a6c       0x20 ./xf/port/idf-stm32/eventqueue.o
                0x0000000008005a6c                XFEventQueue::~XFEventQueue()
 .text._ZNK12XFEventQueue5emptyEv
                0x0000000008005a8c       0x1c ./xf/port/idf-stm32/eventqueue.o
                0x0000000008005a8c                XFEventQueue::empty() const
 .text._ZN12XFEventQueue4pushEPK7XFEventb
                0x0000000008005aa8       0x48 ./xf/port/idf-stm32/eventqueue.o
                0x0000000008005aa8                XFEventQueue::push(XFEvent const*, bool)
 .text._ZN12XFEventQueue5frontEv
                0x0000000008005af0       0x1e ./xf/port/idf-stm32/eventqueue.o
                0x0000000008005af0                XFEventQueue::front()
 .text._ZN12XFEventQueue3popEv
                0x0000000008005b0e       0x1a ./xf/port/idf-stm32/eventqueue.o
                0x0000000008005b0e                XFEventQueue::pop()
 .text._ZNSt5dequeIPK7XFEventSaIS2_EEC2Ev
                0x0000000008005b28       0x1a ./xf/port/idf-stm32/eventqueue.o
                0x0000000008005b28                std::deque<XFEvent const*, std::allocator<XFEvent const*> >::deque()
                0x0000000008005b28                std::deque<XFEvent const*, std::allocator<XFEvent const*> >::deque()
 .text._ZNSt5queueIPK7XFEventSt5dequeIS2_SaIS2_EEEC2IS5_vEEv
                0x0000000008005b42       0x28 ./xf/port/idf-stm32/eventqueue.o
                0x0000000008005b42                std::queue<XFEvent const*, std::deque<XFEvent const*, std::allocator<XFEvent const*> > >::queue<std::deque<XFEvent const*, std::allocator<XFEvent const*> >, void>()
                0x0000000008005b42                std::queue<XFEvent const*, std::deque<XFEvent const*, std::allocator<XFEvent const*> > >::queue<std::deque<XFEvent const*, std::allocator<XFEvent const*> >, void>()
 .text._ZNSt5dequeIPK7XFEventSaIS2_EED2Ev
                0x0000000008005b6a       0x4a ./xf/port/idf-stm32/eventqueue.o
                0x0000000008005b6a                std::deque<XFEvent const*, std::allocator<XFEvent const*> >::~deque()
                0x0000000008005b6a                std::deque<XFEvent const*, std::allocator<XFEvent const*> >::~deque()
 .text._ZNKSt5queueIPK7XFEventSt5dequeIS2_SaIS2_EEE5emptyEv
                0x0000000008005bb4       0x1a ./xf/port/idf-stm32/eventqueue.o
                0x0000000008005bb4                std::queue<XFEvent const*, std::deque<XFEvent const*, std::allocator<XFEvent const*> > >::empty() const
 .text._ZNSt5queueIPK7XFEventSt5dequeIS2_SaIS2_EEE4pushERKS2_
                0x0000000008005bce       0x1c ./xf/port/idf-stm32/eventqueue.o
                0x0000000008005bce                std::queue<XFEvent const*, std::deque<XFEvent const*, std::allocator<XFEvent const*> > >::push(XFEvent const* const&)
 .text._ZNSt5queueIPK7XFEventSt5dequeIS2_SaIS2_EEE5frontEv
                0x0000000008005bea       0x1a ./xf/port/idf-stm32/eventqueue.o
                0x0000000008005bea                std::queue<XFEvent const*, std::deque<XFEvent const*, std::allocator<XFEvent const*> > >::front()
 .text._ZNSt5queueIPK7XFEventSt5dequeIS2_SaIS2_EEE3popEv
                0x0000000008005c04       0x18 ./xf/port/idf-stm32/eventqueue.o
                0x0000000008005c04                std::queue<XFEvent const*, std::deque<XFEvent const*, std::allocator<XFEvent const*> > >::pop()
 .text._ZNSt11_Deque_baseIPK7XFEventSaIS2_EE11_Deque_implD2Ev
                0x0000000008005c1c       0x18 ./xf/port/idf-stm32/eventqueue.o
                0x0000000008005c1c                std::_Deque_base<XFEvent const*, std::allocator<XFEvent const*> >::_Deque_impl::~_Deque_impl()
                0x0000000008005c1c                std::_Deque_base<XFEvent const*, std::allocator<XFEvent const*> >::_Deque_impl::~_Deque_impl()
 .text._ZNSt11_Deque_baseIPK7XFEventSaIS2_EEC2Ev
                0x0000000008005c34       0x22 ./xf/port/idf-stm32/eventqueue.o
                0x0000000008005c34                std::_Deque_base<XFEvent const*, std::allocator<XFEvent const*> >::_Deque_base()
                0x0000000008005c34                std::_Deque_base<XFEvent const*, std::allocator<XFEvent const*> >::_Deque_base()
 .text._ZNSt11_Deque_baseIPK7XFEventSaIS2_EED2Ev
                0x0000000008005c56       0x44 ./xf/port/idf-stm32/eventqueue.o
                0x0000000008005c56                std::_Deque_base<XFEvent const*, std::allocator<XFEvent const*> >::~_Deque_base()
                0x0000000008005c56                std::_Deque_base<XFEvent const*, std::allocator<XFEvent const*> >::~_Deque_base()
 .text._ZNSt5dequeIPK7XFEventSaIS2_EE5beginEv
                0x0000000008005c9a       0x1e ./xf/port/idf-stm32/eventqueue.o
                0x0000000008005c9a                std::deque<XFEvent const*, std::allocator<XFEvent const*> >::begin()
 .text._ZNSt5dequeIPK7XFEventSaIS2_EE3endEv
                0x0000000008005cb8       0x1e ./xf/port/idf-stm32/eventqueue.o
                0x0000000008005cb8                std::deque<XFEvent const*, std::allocator<XFEvent const*> >::end()
 .text._ZNSt11_Deque_baseIPK7XFEventSaIS2_EE19_M_get_Tp_allocatorEv
                0x0000000008005cd6       0x16 ./xf/port/idf-stm32/eventqueue.o
                0x0000000008005cd6                std::_Deque_base<XFEvent const*, std::allocator<XFEvent const*> >::_M_get_Tp_allocator()
 .text._ZNSt15_Deque_iteratorIPK7XFEventRS2_PS2_EC2ERKS5_
                0x0000000008005cec       0x38 ./xf/port/idf-stm32/eventqueue.o
                0x0000000008005cec                std::_Deque_iterator<XFEvent const*, XFEvent const*&, XFEvent const**>::_Deque_iterator(std::_Deque_iterator<XFEvent const*, XFEvent const*&, XFEvent const**> const&)
                0x0000000008005cec                std::_Deque_iterator<XFEvent const*, XFEvent const*&, XFEvent const**>::_Deque_iterator(std::_Deque_iterator<XFEvent const*, XFEvent const*&, XFEvent const**> const&)
 .text._ZNSt5dequeIPK7XFEventSaIS2_EE15_M_destroy_dataESt15_Deque_iteratorIS2_RS2_PS2_ES8_RKS3_
                0x0000000008005d24       0x1a ./xf/port/idf-stm32/eventqueue.o
                0x0000000008005d24                std::deque<XFEvent const*, std::allocator<XFEvent const*> >::_M_destroy_data(std::_Deque_iterator<XFEvent const*, XFEvent const*&, XFEvent const**>, std::_Deque_iterator<XFEvent const*, XFEvent const*&, XFEvent const**>, std::allocator<XFEvent const*> const&)
 .text._ZNKSt5dequeIPK7XFEventSaIS2_EE5emptyEv
                0x0000000008005d3e       0x24 ./xf/port/idf-stm32/eventqueue.o
                0x0000000008005d3e                std::deque<XFEvent const*, std::allocator<XFEvent const*> >::empty() const
 .text._ZNSt5dequeIPK7XFEventSaIS2_EE9push_backERKS2_
                0x0000000008005d62       0x42 ./xf/port/idf-stm32/eventqueue.o
                0x0000000008005d62                std::deque<XFEvent const*, std::allocator<XFEvent const*> >::push_back(XFEvent const* const&)
 .text._ZNSt5dequeIPK7XFEventSaIS2_EE5frontEv
                0x0000000008005da4       0x28 ./xf/port/idf-stm32/eventqueue.o
                0x0000000008005da4                std::deque<XFEvent const*, std::allocator<XFEvent const*> >::front()
 .text._ZNSt5dequeIPK7XFEventSaIS2_EE9pop_frontEv
                0x0000000008005dcc       0x46 ./xf/port/idf-stm32/eventqueue.o
                0x0000000008005dcc                std::deque<XFEvent const*, std::allocator<XFEvent const*> >::pop_front()
 .text._ZNSt11_Deque_baseIPK7XFEventSaIS2_EE11_Deque_implC2Ev
                0x0000000008005e12       0x20 ./xf/port/idf-stm32/eventqueue.o
                0x0000000008005e12                std::_Deque_base<XFEvent const*, std::allocator<XFEvent const*> >::_Deque_impl::_Deque_impl()
                0x0000000008005e12                std::_Deque_base<XFEvent const*, std::allocator<XFEvent const*> >::_Deque_impl::_Deque_impl()
 .text._ZNSaIPK7XFEventED2Ev
                0x0000000008005e32       0x18 ./xf/port/idf-stm32/eventqueue.o
                0x0000000008005e32                std::allocator<XFEvent const*>::~allocator()
                0x0000000008005e32                std::allocator<XFEvent const*>::~allocator()
 .text._ZNSt11_Deque_baseIPK7XFEventSaIS2_EE17_M_initialize_mapEj
                0x0000000008005e4a       0xc6 ./xf/port/idf-stm32/eventqueue.o
                0x0000000008005e4a                std::_Deque_base<XFEvent const*, std::allocator<XFEvent const*> >::_M_initialize_map(unsigned int)
 .text._ZNSt11_Deque_baseIPK7XFEventSaIS2_EE16_M_destroy_nodesEPPS2_S6_
                0x0000000008005f10       0x36 ./xf/port/idf-stm32/eventqueue.o
                0x0000000008005f10                std::_Deque_base<XFEvent const*, std::allocator<XFEvent const*> >::_M_destroy_nodes(XFEvent const***, XFEvent const***)
 .text._ZNSt11_Deque_baseIPK7XFEventSaIS2_EE17_M_deallocate_mapEPPS2_j
                0x0000000008005f46       0x36 ./xf/port/idf-stm32/eventqueue.o
                0x0000000008005f46                std::_Deque_base<XFEvent const*, std::allocator<XFEvent const*> >::_M_deallocate_map(XFEvent const***, unsigned int)
 .text._ZSteqRKSt15_Deque_iteratorIPK7XFEventRS2_PS2_ES7_
                0x0000000008005f7c       0x28 ./xf/port/idf-stm32/eventqueue.o
                0x0000000008005f7c                std::operator==(std::_Deque_iterator<XFEvent const*, XFEvent const*&, XFEvent const**> const&, std::_Deque_iterator<XFEvent const*, XFEvent const*&, XFEvent const**> const&)
 .text._ZNSt16allocator_traitsISaIPK7XFEventEE9constructIS2_JRKS2_EEEvRS3_PT_DpOT0_
                0x0000000008005fa4       0x26 ./xf/port/idf-stm32/eventqueue.o
                0x0000000008005fa4                void std::allocator_traits<std::allocator<XFEvent const*> >::construct<XFEvent const*, XFEvent const* const&>(std::allocator<XFEvent const*>&, XFEvent const**, XFEvent const* const&)
 *fill*         0x0000000008005fca        0x2 
 .text._ZNSt5dequeIPK7XFEventSaIS2_EE16_M_push_back_auxIJRKS2_EEEvDpOT_
                0x0000000008005fcc       0x88 ./xf/port/idf-stm32/eventqueue.o
                0x0000000008005fcc                void std::deque<XFEvent const*, std::allocator<XFEvent const*> >::_M_push_back_aux<XFEvent const* const&>(XFEvent const* const&)
 .text._ZNKSt15_Deque_iteratorIPK7XFEventRS2_PS2_EdeEv
                0x0000000008006054       0x18 ./xf/port/idf-stm32/eventqueue.o
                0x0000000008006054                std::_Deque_iterator<XFEvent const*, XFEvent const*&, XFEvent const**>::operator*() const
 .text._ZNSt16allocator_traitsISaIPK7XFEventEE7destroyIS2_EEvRS3_PT_
                0x000000000800606c       0x1a ./xf/port/idf-stm32/eventqueue.o
                0x000000000800606c                void std::allocator_traits<std::allocator<XFEvent const*> >::destroy<XFEvent const*>(std::allocator<XFEvent const*>&, XFEvent const**)
 .text._ZNSt5dequeIPK7XFEventSaIS2_EE16_M_pop_front_auxEv
                0x0000000008006086       0x50 ./xf/port/idf-stm32/eventqueue.o
                0x0000000008006086                std::deque<XFEvent const*, std::allocator<XFEvent const*> >::_M_pop_front_aux()
 .text._ZNSaIPK7XFEventEC2Ev
                0x00000000080060d6       0x18 ./xf/port/idf-stm32/eventqueue.o
                0x00000000080060d6                std::allocator<XFEvent const*>::allocator()
                0x00000000080060d6                std::allocator<XFEvent const*>::allocator()
 .text._ZNSt11_Deque_baseIPK7XFEventSaIS2_EE16_Deque_impl_dataC2Ev
                0x00000000080060ee       0x32 ./xf/port/idf-stm32/eventqueue.o
                0x00000000080060ee                std::_Deque_base<XFEvent const*, std::allocator<XFEvent const*> >::_Deque_impl_data::_Deque_impl_data()
                0x00000000080060ee                std::_Deque_base<XFEvent const*, std::allocator<XFEvent const*> >::_Deque_impl_data::_Deque_impl_data()
 .text._ZN9__gnu_cxx13new_allocatorIPK7XFEventED2Ev
                0x0000000008006120       0x16 ./xf/port/idf-stm32/eventqueue.o
                0x0000000008006120                __gnu_cxx::new_allocator<XFEvent const*>::~new_allocator()
                0x0000000008006120                __gnu_cxx::new_allocator<XFEvent const*>::~new_allocator()
 .text._ZSt3maxIjERKT_S2_S2_
                0x0000000008006136       0x28 ./xf/port/idf-stm32/eventqueue.o
                0x0000000008006136                unsigned int const& std::max<unsigned int>(unsigned int const&, unsigned int const&)
 .text._ZNSt11_Deque_baseIPK7XFEventSaIS2_EE15_M_allocate_mapEj
                0x000000000800615e       0x3a ./xf/port/idf-stm32/eventqueue.o
                0x000000000800615e                std::_Deque_base<XFEvent const*, std::allocator<XFEvent const*> >::_M_allocate_map(unsigned int)
 .text._ZNSt11_Deque_baseIPK7XFEventSaIS2_EE15_M_create_nodesEPPS2_S6_
                0x0000000008006198       0x36 ./xf/port/idf-stm32/eventqueue.o
                0x0000000008006198                std::_Deque_base<XFEvent const*, std::allocator<XFEvent const*> >::_M_create_nodes(XFEvent const***, XFEvent const***)
 .text._ZNSt15_Deque_iteratorIPK7XFEventRS2_PS2_E11_M_set_nodeEPS4_
                0x00000000080061ce       0x32 ./xf/port/idf-stm32/eventqueue.o
                0x00000000080061ce                std::_Deque_iterator<XFEvent const*, XFEvent const*&, XFEvent const**>::_M_set_node(XFEvent const***)
 .text._ZNSt11_Deque_baseIPK7XFEventSaIS2_EE18_M_deallocate_nodeEPS2_
                0x0000000008006200       0x26 ./xf/port/idf-stm32/eventqueue.o
                0x0000000008006200                std::_Deque_base<XFEvent const*, std::allocator<XFEvent const*> >::_M_deallocate_node(XFEvent const**)
 .text._ZNKSt11_Deque_baseIPK7XFEventSaIS2_EE20_M_get_map_allocatorEv
                0x0000000008006226       0x22 ./xf/port/idf-stm32/eventqueue.o
                0x0000000008006226                std::_Deque_base<XFEvent const*, std::allocator<XFEvent const*> >::_M_get_map_allocator() const
 .text._ZNSaIPPK7XFEventED2Ev
                0x0000000008006248       0x18 ./xf/port/idf-stm32/eventqueue.o
                0x0000000008006248                std::allocator<XFEvent const**>::~allocator()
                0x0000000008006248                std::allocator<XFEvent const**>::~allocator()
 .text._ZNSt16allocator_traitsISaIPPK7XFEventEE10deallocateERS4_PS3_j
                0x0000000008006260       0x1e ./xf/port/idf-stm32/eventqueue.o
                0x0000000008006260                std::allocator_traits<std::allocator<XFEvent const**> >::deallocate(std::allocator<XFEvent const**>&, XFEvent const***, unsigned int)
 .text._ZSt7forwardIRKPK7XFEventEOT_RNSt16remove_referenceIS5_E4typeE
                0x000000000800627e       0x16 ./xf/port/idf-stm32/eventqueue.o
                0x000000000800627e                XFEvent const* const& std::forward<XFEvent const* const&>(std::remove_reference<XFEvent const* const&>::type&)
 .text._ZN9__gnu_cxx13new_allocatorIPK7XFEventE9constructIS3_JRKS3_EEEvPT_DpOT0_
                0x0000000008006294       0x2c ./xf/port/idf-stm32/eventqueue.o
                0x0000000008006294                void __gnu_cxx::new_allocator<XFEvent const*>::construct<XFEvent const*, XFEvent const* const&>(XFEvent const**, XFEvent const* const&)
 .text._ZNKSt5dequeIPK7XFEventSaIS2_EE4sizeEv
                0x00000000080062c0       0x24 ./xf/port/idf-stm32/eventqueue.o
                0x00000000080062c0                std::deque<XFEvent const*, std::allocator<XFEvent const*> >::size() const
 .text._ZNKSt5dequeIPK7XFEventSaIS2_EE8max_sizeEv
                0x00000000080062e4       0x22 ./xf/port/idf-stm32/eventqueue.o
                0x00000000080062e4                std::deque<XFEvent const*, std::allocator<XFEvent const*> >::max_size() const
 .text._ZNSt5dequeIPK7XFEventSaIS2_EE22_M_reserve_map_at_backEj
                0x0000000008006306       0x36 ./xf/port/idf-stm32/eventqueue.o
                0x0000000008006306                std::deque<XFEvent const*, std::allocator<XFEvent const*> >::_M_reserve_map_at_back(unsigned int)
 .text._ZNSt11_Deque_baseIPK7XFEventSaIS2_EE16_M_allocate_nodeEv
                0x000000000800633c       0x24 ./xf/port/idf-stm32/eventqueue.o
                0x000000000800633c                std::_Deque_base<XFEvent const*, std::allocator<XFEvent const*> >::_M_allocate_node()
 .text._ZN9__gnu_cxx13new_allocatorIPK7XFEventE7destroyIS3_EEvPT_
                0x0000000008006360       0x16 ./xf/port/idf-stm32/eventqueue.o
                0x0000000008006360                void __gnu_cxx::new_allocator<XFEvent const*>::destroy<XFEvent const*>(XFEvent const**)
 .text._ZN9__gnu_cxx13new_allocatorIPK7XFEventEC2Ev
                0x0000000008006376       0x16 ./xf/port/idf-stm32/eventqueue.o
                0x0000000008006376                __gnu_cxx::new_allocator<XFEvent const*>::new_allocator()
                0x0000000008006376                __gnu_cxx::new_allocator<XFEvent const*>::new_allocator()
 .text._ZNSt15_Deque_iteratorIPK7XFEventRS2_PS2_EC2Ev
                0x000000000800638c       0x2e ./xf/port/idf-stm32/eventqueue.o
                0x000000000800638c                std::_Deque_iterator<XFEvent const*, XFEvent const*&, XFEvent const**>::_Deque_iterator()
                0x000000000800638c                std::_Deque_iterator<XFEvent const*, XFEvent const*&, XFEvent const**>::_Deque_iterator()
 .text._ZNSt16allocator_traitsISaIPPK7XFEventEE8allocateERS4_j
                0x00000000080063ba       0x1e ./xf/port/idf-stm32/eventqueue.o
                0x00000000080063ba                std::allocator_traits<std::allocator<XFEvent const**> >::allocate(std::allocator<XFEvent const**>&, unsigned int)
 .text._ZNSt15_Deque_iteratorIPK7XFEventRS2_PS2_E14_S_buffer_sizeEv
                0x00000000080063d8       0x10 ./xf/port/idf-stm32/eventqueue.o
                0x00000000080063d8                std::_Deque_iterator<XFEvent const*, XFEvent const*&, XFEvent const**>::_S_buffer_size()
 .text._ZNSt16allocator_traitsISaIPK7XFEventEE10deallocateERS3_PS2_j
                0x00000000080063e8       0x1e ./xf/port/idf-stm32/eventqueue.o
                0x00000000080063e8                std::allocator_traits<std::allocator<XFEvent const*> >::deallocate(std::allocator<XFEvent const*>&, XFEvent const**, unsigned int)
 .text._ZNKSt11_Deque_baseIPK7XFEventSaIS2_EE19_M_get_Tp_allocatorEv
                0x0000000008006406       0x16 ./xf/port/idf-stm32/eventqueue.o
                0x0000000008006406                std::_Deque_base<XFEvent const*, std::allocator<XFEvent const*> >::_M_get_Tp_allocator() const
 .text._ZNSaIPPK7XFEventEC2IS1_EERKSaIT_E
                0x000000000800641c       0x1a ./xf/port/idf-stm32/eventqueue.o
                0x000000000800641c                std::allocator<XFEvent const**>::allocator<XFEvent const*>(std::allocator<XFEvent const*> const&)
                0x000000000800641c                std::allocator<XFEvent const**>::allocator<XFEvent const*>(std::allocator<XFEvent const*> const&)
 .text._ZN9__gnu_cxx13new_allocatorIPPK7XFEventED2Ev
                0x0000000008006436       0x16 ./xf/port/idf-stm32/eventqueue.o
                0x0000000008006436                __gnu_cxx::new_allocator<XFEvent const**>::~new_allocator()
                0x0000000008006436                __gnu_cxx::new_allocator<XFEvent const**>::~new_allocator()
 .text._ZN9__gnu_cxx13new_allocatorIPPK7XFEventE10deallocateEPS4_j
                0x000000000800644c       0x20 ./xf/port/idf-stm32/eventqueue.o
                0x000000000800644c                __gnu_cxx::new_allocator<XFEvent const**>::deallocate(XFEvent const***, unsigned int)
 .text._ZStmiRKSt15_Deque_iteratorIPK7XFEventRS2_PS2_ES7_
                0x000000000800646c       0x58 ./xf/port/idf-stm32/eventqueue.o
                0x000000000800646c                std::operator-(std::_Deque_iterator<XFEvent const*, XFEvent const*&, XFEvent const**> const&, std::_Deque_iterator<XFEvent const*, XFEvent const*&, XFEvent const**> const&)
 .text._ZNSt5dequeIPK7XFEventSaIS2_EE11_S_max_sizeERKS3_
                0x00000000080064c4       0x34 ./xf/port/idf-stm32/eventqueue.o
                0x00000000080064c4                std::deque<XFEvent const*, std::allocator<XFEvent const*> >::_S_max_size(std::allocator<XFEvent const*> const&)
 .text._ZNSt5dequeIPK7XFEventSaIS2_EE17_M_reallocate_mapEjb
                0x00000000080064f8      0x134 ./xf/port/idf-stm32/eventqueue.o