C:\ST\STM32CubeIDE_1.13.2\STM32CubeIDE\plugins\com.st.stm32cube.ide.mcu.externaltools.gnu-tools-for-stm32.11.3.rel1.win32_1.1.1.202309131626\tools\arm-none-eabi\include\c++\11.3.1\arm-none-eabi\thumb\v7e-m+fp\hard\bits\gthr-default.h:229:1:int __gthread_key_delete(__gthread_key_t)	16	static
../app/testfactory01.cpp:5:6:void Factory_initialize()	8	static
../app/testfactory01.cpp:10:6:void Factory_build()	8	static
../app/testfactory01.cpp:18:1:TestFactory01::TestFactory01()	16	static
../app/testfactory01.cpp:23:6:static void TestFactory01::initialize()	4	static
../app/testfactory01.cpp:28:6:static void TestFactory01::build()	8	static
../app/testfactory01.cpp:36:1:void __static_initialization_and_destruction_0(int, int)	72	static
../app/testfactory01.cpp:36:1:cpp)	8	static
../app/testfactory01.cpp:36:1:cpp)	8	static
